sed -i "s/glad\/glad\.h/GL\/glew\.h/" main.cpp
sed -i "s/<stb_image\.h>/\"include\/stb_image\.h\"/" main.cpp
sed -i "s/<learnopengl\/filesystem\.h>/\"include\/filesystem\.h\"/" main.cpp
sed -i "s/<learnopengl\/shader_m\.h>/\"include\/shader_m\.h\"/" main.cpp
sed -i "s/<learnopengl\/camera\.h>/\"include\/camera\.h\"/" main.cpp
sed -i "s/!gladLoadGLLoader((GLADloadproc)glfwGetProcAddress)/glewInit() != GLEW_OK/" main.cpp
reflex -sr "\.[cpp|h|glsl|fs|vs]" -- bash -c "make run"
[00] Starting service
[00] make[1]: Entering directory '/home/flejz/code/opengl'
[00] g++ *.cpp include/*.cpp -omain.o -lglfw3 -lGL -lpthread -ldl -lGLEW -lassimp
[00] Killing service
[00] ^Cmake[1]: *** [Makefile:4: build] Interrupt
[00] Starting service
[00] make[1]: Entering directory '/home/flejz/code/opengl'
[00] g++ *.cpp include/*.cpp -omain.o -lglfw3 -lGL -lpthread -ldl -lGLEW -lassimp
[00] Killing service
[00] ^Cmake[1]: *** [Makefile:4: build] Interrupt
[00] Starting service
[00] make[1]: Entering directory '/home/flejz/code/opengl'
[00] g++ *.cpp include/*.cpp -omain.o -lglfw3 -lGL -lpthread -ldl -lGLEW -lassimp
[00] Killing service
[00] ^Cmake[1]: *** [Makefile:4: build] Interrupt
[00] Starting service
[00] make[1]: Entering directory '/home/flejz/code/opengl'
[00] g++ *.cpp include/*.cpp -omain.o -lglfw3 -lGL -lpthread -ldl -lGLEW -lassimp
[00] Killing service
[00] ^Cmake[1]: *** [Makefile:4: build] Interrupt
[00] Starting service
[00] make[1]: Entering directory '/home/flejz/code/opengl'
[00] g++ *.cpp include/*.cpp -omain.o -lglfw3 -lGL -lpthread -ldl -lGLEW -lassimp
[00] Killing service
[00] ^Cmake[1]: *** [Makefile:4: build] Interrupt
[00] Starting service
[00] make[1]: Entering directory '/home/flejz/code/opengl'
[00] g++ *.cpp include/*.cpp -omain.o -lglfw3 -lGL -lpthread -ldl -lGLEW -lassimp
[00] Killing service
[00] ^Cmake[1]: *** [Makefile:4: build] Interrupt
[00] Starting service
[00] make[1]: Entering directory '/home/flejz/code/opengl'
[00] g++ *.cpp include/*.cpp -omain.o -lglfw3 -lGL -lpthread -ldl -lGLEW -lassimp
[00] Killing service
[00] ^Cmake[1]: *** [Makefile:4: build] Interrupt
[00] Starting service
[00] make[1]: Entering directory '/home/flejz/code/opengl'
[00] g++ *.cpp include/*.cpp -omain.o -lglfw3 -lGL -lpthread -ldl -lGLEW -lassimp
[00] Killing service
[00] ^Cmake[1]: *** [Makefile:4: build] Interrupt
[00] Starting service
[00] make[1]: Entering directory '/home/flejz/code/opengl'
[00] g++ *.cpp include/*.cpp -omain.o -lglfw3 -lGL -lpthread -ldl -lGLEW -lassimp
[00] Killing service
[00] ^Cmake[1]: *** [Makefile:4: build] Interrupt
[00] Starting service
[00] make[1]: Entering directory '/home/flejz/code/opengl'
[00] g++ *.cpp include/*.cpp -omain.o -lglfw3 -lGL -lpthread -ldl -lGLEW -lassimp
[00] Killing service
[00] ^Cmake[1]: *** [Makefile:4: build] Interrupt
[00] Starting service
[00] make[1]: Entering directory '/home/flejz/code/opengl'
[00] g++ *.cpp include/*.cpp -omain.o -lglfw3 -lGL -lpthread -ldl -lGLEW -lassimp
[00] Killing service
[00] ^Cmake[1]: *** [Makefile:4: build] Interrupt
[00] Starting service
[00] make[1]: Entering directory '/home/flejz/code/opengl'
[00] g++ *.cpp include/*.cpp -omain.o -lglfw3 -lGL -lpthread -ldl -lGLEW -lassimp
[00] Killing service
[00] ^Cmake[1]: *** [Makefile:4: build] Interrupt
[00] Starting service
[00] make[1]: Entering directory '/home/flejz/code/opengl'
[00] g++ *.cpp include/*.cpp -omain.o -lglfw3 -lGL -lpthread -ldl -lGLEW -lassimp
[00] Killing service
[00] ^Cmake[1]: *** [Makefile:4: build] Interrupt
[00] Starting service
[00] make[1]: Entering directory '/home/flejz/code/opengl'
[00] g++ *.cpp include/*.cpp -omain.o -lglfw3 -lGL -lpthread -ldl -lGLEW -lassimp
[00] Killing service
[00] ^Cmake[1]: *** [Makefile:4: build] Interrupt
[00] Starting service
[00] make[1]: Entering directory '/home/flejz/code/opengl'
[00] g++ *.cpp include/*.cpp -omain.o -lglfw3 -lGL -lpthread -ldl -lGLEW -lassimp
[00] Killing service
[00] ^Cmake[1]: *** [Makefile:4: build] Interrupt
[00] Starting service
[00] make[1]: Entering directory '/home/flejz/code/opengl'
[00] g++ *.cpp include/*.cpp -omain.o -lglfw3 -lGL -lpthread -ldl -lGLEW -lassimp
[00] Killing service
[00] ^Cmake[1]: *** [Makefile:4: build] Interrupt
[00] Starting service
[00] make[1]: Entering directory '/home/flejz/code/opengl'
[00] g++ *.cpp include/*.cpp -omain.o -lglfw3 -lGL -lpthread -ldl -lGLEW -lassimp
[00] Killing service
[00] ^Cmake[1]: *** [Makefile:4: build] Interrupt
[00] Starting service
[00] make[1]: Entering directory '/home/flejz/code/opengl'
[00] g++ *.cpp include/*.cpp -omain.o -lglfw3 -lGL -lpthread -ldl -lGLEW -lassimp
[00] Killing service
[00] ^Cmake[1]: *** [Makefile:4: build] Interrupt
[00] Starting service
[00] make[1]: Entering directory '/home/flejz/code/opengl'
[00] g++ *.cpp include/*.cpp -omain.o -lglfw3 -lGL -lpthread -ldl -lGLEW -lassimp
[00] Killing service
[00] ^Cmake[1]: *** [Makefile:4: build] Interrupt
[00] Starting service
[00] make[1]: Entering directory '/home/flejz/code/opengl'
[00] g++ *.cpp include/*.cpp -omain.o -lglfw3 -lGL -lpthread -ldl -lGLEW -lassimp
[00] Killing service
[00] ^Cmake[1]: *** [Makefile:4: build] Interrupt
[00] Starting service
[00] make[1]: Entering directory '/home/flejz/code/opengl'
[00] g++ *.cpp include/*.cpp -omain.o -lglfw3 -lGL -lpthread -ldl -lGLEW -lassimp
[00] Killing service
[00] ^Cmake[1]: *** [Makefile:4: build] Interrupt
[00] Starting service
[00] make[1]: Entering directory '/home/flejz/code/opengl'
[00] g++ *.cpp include/*.cpp -omain.o -lglfw3 -lGL -lpthread -ldl -lGLEW -lassimp
[00] Killing service
[00] ^Cmake[1]: *** [Makefile:4: build] Interrupt
[00] Starting service
[00] make[1]: Entering directory '/home/flejz/code/opengl'
[00] g++ *.cpp include/*.cpp -omain.o -lglfw3 -lGL -lpthread -ldl -lGLEW -lassimp
[00] Killing service
[00] ^Cmake[1]: *** [Makefile:4: build] Interrupt
[00] Starting service
[00] make[1]: Entering directory '/home/flejz/code/opengl'
[00] g++ *.cpp include/*.cpp -omain.o -lglfw3 -lGL -lpthread -ldl -lGLEW -lassimp
[00] Killing service
[00] ^Cmake[1]: *** [Makefile:4: build] Interrupt
[00] Starting service
[00] make[1]: Entering directory '/home/flejz/code/opengl'
[00] g++ *.cpp include/*.cpp -omain.o -lglfw3 -lGL -lpthread -ldl -lGLEW -lassimp
[00] Killing service
[00] ^Cmake[1]: *** [Makefile:4: build] Interrupt
[00] Starting service
[00] make[1]: Entering directory '/home/flejz/code/opengl'
[00] g++ *.cpp include/*.cpp -omain.o -lglfw3 -lGL -lpthread -ldl -lGLEW -lassimp
[00] Killing service
[00] ^Cmake[1]: *** [Makefile:4: build] Interrupt
[00] Starting service
[00] make[1]: Entering directory '/home/flejz/code/opengl'
[00] g++ *.cpp include/*.cpp -omain.o -lglfw3 -lGL -lpthread -ldl -lGLEW -lassimp
[00] Killing service
[00] ^Cmake[1]: *** [Makefile:4: build] Interrupt
[00] Starting service
[00] make[1]: Entering directory '/home/flejz/code/opengl'
[00] g++ *.cpp include/*.cpp -omain.o -lglfw3 -lGL -lpthread -ldl -lGLEW -lassimp
[00] Killing service
[00] ^Cmake[1]: *** [Makefile:4: build] Interrupt
[00] Starting service
[00] make[1]: Entering directory '/home/flejz/code/opengl'
[00] g++ *.cpp include/*.cpp -omain.o -lglfw3 -lGL -lpthread -ldl -lGLEW -lassimp
[00] Killing service
[00] ^Cmake[1]: *** [Makefile:4: build] Interrupt
[00] Starting service
[00] make[1]: Entering directory '/home/flejz/code/opengl'
[00] g++ *.cpp include/*.cpp -omain.o -lglfw3 -lGL -lpthread -ldl -lGLEW -lassimp
[00] Killing service
[00] ^Cmake[1]: *** [Makefile:4: build] Interrupt
[00] Starting service
[00] make[1]: Entering directory '/home/flejz/code/opengl'
[00] g++ *.cpp include/*.cpp -omain.o -lglfw3 -lGL -lpthread -ldl -lGLEW -lassimp
[00] Killing service
[00] ^Cmake[1]: *** [Makefile:4: build] Interrupt
[00] Starting service
[00] make[1]: Entering directory '/home/flejz/code/opengl'
[00] g++ *.cpp include/*.cpp -omain.o -lglfw3 -lGL -lpthread -ldl -lGLEW -lassimp
[00] Killing service
[00] ^Cmake[1]: *** [Makefile:4: build] Interrupt
[00] Starting service
[00] make[1]: Entering directory '/home/flejz/code/opengl'
[00] g++ *.cpp include/*.cpp -omain.o -lglfw3 -lGL -lpthread -ldl -lGLEW -lassimp
[00] Killing service
[00] ^Cmake[1]: *** [Makefile:4: build] Interrupt
[00] Starting service
[00] make[1]: Entering directory '/home/flejz/code/opengl'
[00] g++ *.cpp include/*.cpp -omain.o -lglfw3 -lGL -lpthread -ldl -lGLEW -lassimp
[00] Killing service
[00] ^Cmake[1]: *** [Makefile:4: build] Interrupt
[00] Starting service
[00] make[1]: Entering directory '/home/flejz/code/opengl'
[00] g++ *.cpp include/*.cpp -omain.o -lglfw3 -lGL -lpthread -ldl -lGLEW -lassimp
[00] Killing service
[00] ^Cmake[1]: *** [Makefile:4: build] Interrupt
[00] Starting service
[00] make[1]: Entering directory '/home/flejz/code/opengl'
[00] g++ *.cpp include/*.cpp -omain.o -lglfw3 -lGL -lpthread -ldl -lGLEW -lassimp
[00] Killing service
[00] ^Cmake[1]: *** [Makefile:4: build] Interrupt
[00] Starting service
[00] make[1]: Entering directory '/home/flejz/code/opengl'
[00] g++ *.cpp include/*.cpp -omain.o -lglfw3 -lGL -lpthread -ldl -lGLEW -lassimp
[00] Killing service
[00] ^Cmake[1]: *** [Makefile:4: build] Interrupt
[00] Starting service
[00] make[1]: Entering directory '/home/flejz/code/opengl'
[00] g++ *.cpp include/*.cpp -omain.o -lglfw3 -lGL -lpthread -ldl -lGLEW -lassimp
[00] Killing service
[00] ^Cmake[1]: *** [Makefile:4: build] Interrupt
[00] Starting service
[00] make[1]: Entering directory '/home/flejz/code/opengl'
[00] g++ *.cpp include/*.cpp -omain.o -lglfw3 -lGL -lpthread -ldl -lGLEW -lassimp
[00] Killing service
[00] ^Cmake[1]: *** [Makefile:4: build] Interrupt
[00] Starting service
[00] make[1]: Entering directory '/home/flejz/code/opengl'
[00] g++ *.cpp include/*.cpp -omain.o -lglfw3 -lGL -lpthread -ldl -lGLEW -lassimp
[00] Killing service
[00] ^Cmake[1]: *** [Makefile:4: build] Interrupt
[00] Starting service
[00] make[1]: Entering directory '/home/flejz/code/opengl'
[00] g++ *.cpp include/*.cpp -omain.o -lglfw3 -lGL -lpthread -ldl -lGLEW -lassimp
[00] Killing service
[00] ^Cmake[1]: *** [Makefile:4: build] Interrupt
[00] Starting service
[00] make[1]: Entering directory '/home/flejz/code/opengl'
[00] g++ *.cpp include/*.cpp -omain.o -lglfw3 -lGL -lpthread -ldl -lGLEW -lassimp
[00] Killing service
[00] ^Cmake[1]: *** [Makefile:4: build] Interrupt
[00] Starting service
[00] make[1]: Entering directory '/home/flejz/code/opengl'
[00] g++ *.cpp include/*.cpp -omain.o -lglfw3 -lGL -lpthread -ldl -lGLEW -lassimp
[00] Killing service
[00] ^Cmake[1]: *** [Makefile:4: build] Interrupt
[00] Starting service
[00] make[1]: Entering directory '/home/flejz/code/opengl'
[00] g++ *.cpp include/*.cpp -omain.o -lglfw3 -lGL -lpthread -ldl -lGLEW -lassimp
[00] Killing service
[00] ^Cmake[1]: *** [Makefile:4: build] Interrupt
[00] Starting service
[00] make[1]: Entering directory '/home/flejz/code/opengl'
[00] g++ *.cpp include/*.cpp -omain.o -lglfw3 -lGL -lpthread -ldl -lGLEW -lassimp
[00] Killing service
[00] ^Cmake[1]: *** [Makefile:4: build] Interrupt
[00] Starting service
[00] make[1]: Entering directory '/home/flejz/code/opengl'
[00] g++ *.cpp include/*.cpp -omain.o -lglfw3 -lGL -lpthread -ldl -lGLEW -lassimp
[00] Killing service
[00] ^Cmake[1]: *** [Makefile:4: build] Interrupt
[00] Starting service
[00] make[1]: Entering directory '/home/flejz/code/opengl'
[00] g++ *.cpp include/*.cpp -omain.o -lglfw3 -lGL -lpthread -ldl -lGLEW -lassimp
[00] Killing service
[00] ^Cmake[1]: *** [Makefile:4: build] Interrupt
[00] Starting service
[00] make[1]: Entering directory '/home/flejz/code/opengl'
[00] g++ *.cpp include/*.cpp -omain.o -lglfw3 -lGL -lpthread -ldl -lGLEW -lassimp
[00] Killing service
[00] ^Cmake[1]: *** [Makefile:4: build] Interrupt
[00] Starting service
[00] make[1]: Entering directory '/home/flejz/code/opengl'
[00] g++ *.cpp include/*.cpp -omain.o -lglfw3 -lGL -lpthread -ldl -lGLEW -lassimp
[00] Killing service
[00] ^Cmake[1]: *** [Makefile:4: build] Interrupt
[00] Starting service
[00] make[1]: Entering directory '/home/flejz/code/opengl'
[00] g++ *.cpp include/*.cpp -omain.o -lglfw3 -lGL -lpthread -ldl -lGLEW -lassimp
[00] Killing service
[00] ^Cmake[1]: *** [Makefile:4: build] Interrupt
[00] Starting service
[00] make[1]: Entering directory '/home/flejz/code/opengl'
[00] g++ *.cpp include/*.cpp -omain.o -lglfw3 -lGL -lpthread -ldl -lGLEW -lassimp
[00] Killing service
[00] ^Cmake[1]: *** [Makefile:4: build] Interrupt
[00] Starting service
[00] make[1]: Entering directory '/home/flejz/code/opengl'
[00] g++ *.cpp include/*.cpp -omain.o -lglfw3 -lGL -lpthread -ldl -lGLEW -lassimp
[00] Killing service
[00] ^Cmake[1]: *** [Makefile:4: build] Interrupt
[00] Starting service
[00] make[1]: Entering directory '/home/flejz/code/opengl'
[00] g++ *.cpp include/*.cpp -omain.o -lglfw3 -lGL -lpthread -ldl -lGLEW -lassimp
[00] Killing service
[00] ^Cmake[1]: *** [Makefile:4: build] Interrupt
[00] Starting service
[00] make[1]: Entering directory '/home/flejz/code/opengl'
[00] g++ *.cpp include/*.cpp -omain.o -lglfw3 -lGL -lpthread -ldl -lGLEW -lassimp
[00] Killing service
[00] ^Cmake[1]: *** [Makefile:4: build] Interrupt
[00] Starting service
[00] make[1]: Entering directory '/home/flejz/code/opengl'
[00] g++ *.cpp include/*.cpp -omain.o -lglfw3 -lGL -lpthread -ldl -lGLEW -lassimp
[00] Killing service
[00] ^Cmake[1]: *** [Makefile:4: build] Interrupt
[00] Starting service
[00] make[1]: Entering directory '/home/flejz/code/opengl'
[00] g++ *.cpp include/*.cpp -omain.o -lglfw3 -lGL -lpthread -ldl -lGLEW -lassimp
[00] Killing service
[00] ^Cmake[1]: *** [Makefile:4: build] Interrupt
[00] Starting service
[00] make[1]: Entering directory '/home/flejz/code/opengl'
[00] g++ *.cpp include/*.cpp -omain.o -lglfw3 -lGL -lpthread -ldl -lGLEW -lassimp
[00] Killing service
[00] ^Cmake[1]: *** [Makefile:4: build] Interrupt
[00] Starting service
[00] make[1]: Entering directory '/home/flejz/code/opengl'
[00] g++ *.cpp include/*.cpp -omain.o -lglfw3 -lGL -lpthread -ldl -lGLEW -lassimp
[00] Killing service
[00] ^Cmake[1]: *** [Makefile:4: build] Interrupt
[00] Starting service
[00] make[1]: Entering directory '/home/flejz/code/opengl'
[00] g++ *.cpp include/*.cpp -omain.o -lglfw3 -lGL -lpthread -ldl -lGLEW -lassimp
[00] Killing service
[00] ^Cmake[1]: *** [Makefile:4: build] Interrupt
[00] Starting service
[00] make[1]: Entering directory '/home/flejz/code/opengl'
[00] g++ *.cpp include/*.cpp -omain.o -lglfw3 -lGL -lpthread -ldl -lGLEW -lassimp
[00] Killing service
[00] ^Cmake[1]: *** [Makefile:4: build] Interrupt
[00] Starting service
[00] make[1]: Entering directory '/home/flejz/code/opengl'
[00] g++ *.cpp include/*.cpp -omain.o -lglfw3 -lGL -lpthread -ldl -lGLEW -lassimp
[00] Killing service
[00] ^Cmake[1]: *** [Makefile:4: build] Interrupt
[00] Starting service
[00] make[1]: Entering directory '/home/flejz/code/opengl'
[00] g++ *.cpp include/*.cpp -omain.o -lglfw3 -lGL -lpthread -ldl -lGLEW -lassimp
[00] Killing service
[00] ^Cmake[1]: *** [Makefile:4: build] Interrupt
[00] Starting service
[00] make[1]: Entering directory '/home/flejz/code/opengl'
[00] g++ *.cpp include/*.cpp -omain.o -lglfw3 -lGL -lpthread -ldl -lGLEW -lassimp
[00] Killing service
[00] ^Cmake[1]: *** [Makefile:4: build] Interrupt
[00] Starting service
[00] make[1]: Entering directory '/home/flejz/code/opengl'
[00] g++ *.cpp include/*.cpp -omain.o -lglfw3 -lGL -lpthread -ldl -lGLEW -lassimp
[00] Killing service
[00] ^Cmake[1]: *** [Makefile:4: build] Interrupt
[00] Starting service
[00] make[1]: Entering directory '/home/flejz/code/opengl'
[00] g++ *.cpp include/*.cpp -omain.o -lglfw3 -lGL -lpthread -ldl -lGLEW -lassimp
[00] Killing service
[00] ^Cmake[1]: *** [Makefile:4: build] Interrupt
[00] Starting service
[00] make[1]: Entering directory '/home/flejz/code/opengl'
[00] g++ *.cpp include/*.cpp -omain.o -lglfw3 -lGL -lpthread -ldl -lGLEW -lassimp
[00] Killing service
[00] ^Cmake[1]: *** [Makefile:4: build] Interrupt
[00] Starting service
[00] make[1]: Entering directory '/home/flejz/code/opengl'
[00] g++ *.cpp include/*.cpp -omain.o -lglfw3 -lGL -lpthread -ldl -lGLEW -lassimp
[00] Killing service
[00] ^Cmake[1]: *** [Makefile:4: build] Interrupt
[00] Starting service
[00] make[1]: Entering directory '/home/flejz/code/opengl'
[00] g++ *.cpp include/*.cpp -omain.o -lglfw3 -lGL -lpthread -ldl -lGLEW -lassimp
[00] Killing service
[00] ^Cmake[1]: *** [Makefile:4: build] Interrupt
[00] Starting service
[00] make[1]: Entering directory '/home/flejz/code/opengl'
[00] g++ *.cpp include/*.cpp -omain.o -lglfw3 -lGL -lpthread -ldl -lGLEW -lassimp
[00] Killing service
[00] ^Cmake[1]: *** [Makefile:4: build] Interrupt
[00] Starting service
[00] make[1]: Entering directory '/home/flejz/code/opengl'
[00] g++ *.cpp include/*.cpp -omain.o -lglfw3 -lGL -lpthread -ldl -lGLEW -lassimp
[00] Killing service
[00] ^Cmake[1]: *** [Makefile:4: build] Interrupt
[00] Starting service
[00] make[1]: Entering directory '/home/flejz/code/opengl'
[00] g++ *.cpp include/*.cpp -omain.o -lglfw3 -lGL -lpthread -ldl -lGLEW -lassimp
[00] Killing service
[00] ^Cmake[1]: *** [Makefile:4: build] Interrupt
[00] Starting service
[00] make[1]: Entering directory '/home/flejz/code/opengl'
[00] g++ *.cpp include/*.cpp -omain.o -lglfw3 -lGL -lpthread -ldl -lGLEW -lassimp
[00] Killing service
[00] ^Cmake[1]: *** [Makefile:4: build] Interrupt
[00] Starting service
[00] make[1]: Entering directory '/home/flejz/code/opengl'
[00] g++ *.cpp include/*.cpp -omain.o -lglfw3 -lGL -lpthread -ldl -lGLEW -lassimp
[00] Killing service
[00] ^Cmake[1]: *** [Makefile:4: build] Interrupt
[00] Starting service
[00] make[1]: Entering directory '/home/flejz/code/opengl'
[00] g++ *.cpp include/*.cpp -omain.o -lglfw3 -lGL -lpthread -ldl -lGLEW -lassimp
[00] Killing service
[00] ^Cmake[1]: *** [Makefile:4: build] Interrupt
[00] Starting service
[00] make[1]: Entering directory '/home/flejz/code/opengl'
[00] g++ *.cpp include/*.cpp -omain.o -lglfw3 -lGL -lpthread -ldl -lGLEW -lassimp
[00] Killing service
[00] ^Cmake[1]: *** [Makefile:4: build] Interrupt
[00] Starting service
[00] make[1]: Entering directory '/home/flejz/code/opengl'
[00] g++ *.cpp include/*.cpp -omain.o -lglfw3 -lGL -lpthread -ldl -lGLEW -lassimp
[00] Killing service
[00] ^Cmake[1]: *** [Makefile:4: build] Interrupt
[00] Starting service
[00] make[1]: Entering directory '/home/flejz/code/opengl'
[00] g++ *.cpp include/*.cpp -omain.o -lglfw3 -lGL -lpthread -ldl -lGLEW -lassimp
[00] Killing service
[00] ^Cmake[1]: *** [Makefile:4: build] Interrupt
[00] Starting service
[00] make[1]: Entering directory '/home/flejz/code/opengl'
[00] g++ *.cpp include/*.cpp -omain.o -lglfw3 -lGL -lpthread -ldl -lGLEW -lassimp
[00] Killing service
[00] ^Cmake[1]: *** [Makefile:4: build] Interrupt
[00] Starting service
[00] make[1]: Entering directory '/home/flejz/code/opengl'
[00] g++ *.cpp include/*.cpp -omain.o -lglfw3 -lGL -lpthread -ldl -lGLEW -lassimp
[00] Killing service
[00] ^Cmake[1]: *** [Makefile:4: build] Interrupt
[00] Starting service
[00] make[1]: Entering directory '/home/flejz/code/opengl'
[00] g++ *.cpp include/*.cpp -omain.o -lglfw3 -lGL -lpthread -ldl -lGLEW -lassimp
[00] Killing service
[00] ^Cmake[1]: *** [Makefile:4: build] Interrupt
[00] Starting service
[00] make[1]: Entering directory '/home/flejz/code/opengl'
[00] g++ *.cpp include/*.cpp -omain.o -lglfw3 -lGL -lpthread -ldl -lGLEW -lassimp
[00] Killing service
[00] ^Cmake[1]: *** [Makefile:4: build] Interrupt
[00] Starting service
[00] make[1]: Entering directory '/home/flejz/code/opengl'
[00] g++ *.cpp include/*.cpp -omain.o -lglfw3 -lGL -lpthread -ldl -lGLEW -lassimp
[00] Killing service
[00] ^Cmake[1]: *** [Makefile:4: build] Interrupt
[00] Starting service
[00] make[1]: Entering directory '/home/flejz/code/opengl'
[00] g++ *.cpp include/*.cpp -omain.o -lglfw3 -lGL -lpthread -ldl -lGLEW -lassimp
[00] Killing service
[00] ^Cmake[1]: *** [Makefile:4: build] Interrupt
[00] Starting service
[00] make[1]: Entering directory '/home/flejz/code/opengl'
[00] g++ *.cpp include/*.cpp -omain.o -lglfw3 -lGL -lpthread -ldl -lGLEW -lassimp
[00] Killing service
[00] ^Cmake[1]: *** [Makefile:4: build] Interrupt
[00] Starting service
[00] make[1]: Entering directory '/home/flejz/code/opengl'
[00] g++ *.cpp include/*.cpp -omain.o -lglfw3 -lGL -lpthread -ldl -lGLEW -lassimp
[00] Killing service
[00] ^Cmake[1]: *** [Makefile:4: build] Interrupt
[00] Starting service
[00] make[1]: Entering directory '/home/flejz/code/opengl'
[00] g++ *.cpp include/*.cpp -omain.o -lglfw3 -lGL -lpthread -ldl -lGLEW -lassimp
[00] Killing service
[00] ^Cmake[1]: *** [Makefile:4: build] Interrupt
[00] Starting service
[00] make[1]: Entering directory '/home/flejz/code/opengl'
[00] g++ *.cpp include/*.cpp -omain.o -lglfw3 -lGL -lpthread -ldl -lGLEW -lassimp
[00] Killing service
[00] ^Cmake[1]: *** [Makefile:4: build] Interrupt
[00] Starting service
[00] make[1]: Entering directory '/home/flejz/code/opengl'
[00] g++ *.cpp include/*.cpp -omain.o -lglfw3 -lGL -lpthread -ldl -lGLEW -lassimp
[00] Killing service
[00] ^Cmake[1]: *** [Makefile:4: build] Interrupt
[00] Starting service
[00] make[1]: Entering directory '/home/flejz/code/opengl'
[00] g++ *.cpp include/*.cpp -omain.o -lglfw3 -lGL -lpthread -ldl -lGLEW -lassimp
[00] Killing service
[00] ^Cmake[1]: *** [Makefile:4: build] Interrupt
[00] Starting service
[00] make[1]: Entering directory '/home/flejz/code/opengl'
[00] g++ *.cpp include/*.cpp -omain.o -lglfw3 -lGL -lpthread -ldl -lGLEW -lassimp
[00] Killing service
[00] ^Cmake[1]: *** [Makefile:4: build] Interrupt
[00] Starting service
[00] make[1]: Entering directory '/home/flejz/code/opengl'
[00] g++ *.cpp include/*.cpp -omain.o -lglfw3 -lGL -lpthread -ldl -lGLEW -lassimp
[00] Killing service
[00] ^Cmake[1]: *** [Makefile:4: build] Interrupt
[00] Starting service
[00] make[1]: Entering directory '/home/flejz/code/opengl'
[00] g++ *.cpp include/*.cpp -omain.o -lglfw3 -lGL -lpthread -ldl -lGLEW -lassimp
[00] Killing service
[00] ^Cmake[1]: *** [Makefile:4: build] Interrupt
[00] Starting service
[00] make[1]: Entering directory '/home/flejz/code/opengl'
[00] g++ *.cpp include/*.cpp -omain.o -lglfw3 -lGL -lpthread -ldl -lGLEW -lassimp
[00] Killing service
[00] ^Cmake[1]: *** [Makefile:4: build] Interrupt
[00] Starting service
[00] make[1]: Entering directory '/home/flejz/code/opengl'
[00] g++ *.cpp include/*.cpp -omain.o -lglfw3 -lGL -lpthread -ldl -lGLEW -lassimp
[00] Killing service
[00] ^Cmake[1]: *** [Makefile:4: build] Interrupt
[00] Starting service
[00] make[1]: Entering directory '/home/flejz/code/opengl'
[00] g++ *.cpp include/*.cpp -omain.o -lglfw3 -lGL -lpthread -ldl -lGLEW -lassimp
[00] Killing service
[00] ^Cmake[1]: *** [Makefile:4: build] Interrupt
[00] Starting service
[00] make[1]: Entering directory '/home/flejz/code/opengl'
[00] g++ *.cpp include/*.cpp -omain.o -lglfw3 -lGL -lpthread -ldl -lGLEW -lassimp
[00] Killing service
[00] ^Cmake[1]: *** [Makefile:4: build] Interrupt
[00] Starting service
[00] make[1]: Entering directory '/home/flejz/code/opengl'
[00] g++ *.cpp include/*.cpp -omain.o -lglfw3 -lGL -lpthread -ldl -lGLEW -lassimp
[00] Killing service
[00] ^Cmake[1]: *** [Makefile:4: build] Interrupt
[00] Starting service
[00] make[1]: Entering directory '/home/flejz/code/opengl'
[00] g++ *.cpp include/*.cpp -omain.o -lglfw3 -lGL -lpthread -ldl -lGLEW -lassimp
[00] Killing service
[00] ^Cmake[1]: *** [Makefile:4: build] Interrupt
[00] Starting service
[00] make[1]: Entering directory '/home/flejz/code/opengl'
[00] g++ *.cpp include/*.cpp -omain.o -lglfw3 -lGL -lpthread -ldl -lGLEW -lassimp
[00] Killing service
[00] ^Cmake[1]: *** [Makefile:4: build] Interrupt
[00] Starting service
[00] make[1]: Entering directory '/home/flejz/code/opengl'
[00] g++ *.cpp include/*.cpp -omain.o -lglfw3 -lGL -lpthread -ldl -lGLEW -lassimp
[00] Killing service
[00] ^Cmake[1]: *** [Makefile:4: build] Interrupt
[00] Starting service
[00] make[1]: Entering directory '/home/flejz/code/opengl'
[00] g++ *.cpp include/*.cpp -omain.o -lglfw3 -lGL -lpthread -ldl -lGLEW -lassimp
[00] Killing service
[00] ^Cmake[1]: *** [Makefile:4: build] Interrupt
[00] Starting service
[00] make[1]: Entering directory '/home/flejz/code/opengl'
[00] g++ *.cpp include/*.cpp -omain.o -lglfw3 -lGL -lpthread -ldl -lGLEW -lassimp
[00] Killing service
[00] ^Cmake[1]: *** [Makefile:4: build] Interrupt
[00] Starting service
[00] make[1]: Entering directory '/home/flejz/code/opengl'
[00] g++ *.cpp include/*.cpp -omain.o -lglfw3 -lGL -lpthread -ldl -lGLEW -lassimp
[00] Killing service
[00] ^Cmake[1]: *** [Makefile:4: build] Interrupt
[00] Starting service
[00] make[1]: Entering directory '/home/flejz/code/opengl'
[00] g++ *.cpp include/*.cpp -omain.o -lglfw3 -lGL -lpthread -ldl -lGLEW -lassimp
[00] Killing service
[00] ^Cmake[1]: *** [Makefile:4: build] Interrupt
[00] Starting service
[00] make[1]: Entering directory '/home/flejz/code/opengl'
[00] g++ *.cpp include/*.cpp -omain.o -lglfw3 -lGL -lpthread -ldl -lGLEW -lassimp
[00] Killing service
[00] ^Cmake[1]: *** [Makefile:4: build] Interrupt
[00] Starting service
[00] make[1]: Entering directory '/home/flejz/code/opengl'
[00] g++ *.cpp include/*.cpp -omain.o -lglfw3 -lGL -lpthread -ldl -lGLEW -lassimp
[00] Killing service
[00] ^Cmake[1]: *** [Makefile:4: build] Interrupt
[00] Starting service
[00] make[1]: Entering directory '/home/flejz/code/opengl'
[00] g++ *.cpp include/*.cpp -omain.o -lglfw3 -lGL -lpthread -ldl -lGLEW -lassimp
[00] Killing service
[00] ^Cmake[1]: *** [Makefile:4: build] Interrupt
[00] Starting service
[00] make[1]: Entering directory '/home/flejz/code/opengl'
[00] g++ *.cpp include/*.cpp -omain.o -lglfw3 -lGL -lpthread -ldl -lGLEW -lassimp
[00] Killing service
[00] ^Cmake[1]: *** [Makefile:4: build] Interrupt
[00] Starting service
[00] make[1]: Entering directory '/home/flejz/code/opengl'
[00] g++ *.cpp include/*.cpp -omain.o -lglfw3 -lGL -lpthread -ldl -lGLEW -lassimp
[00] Killing service
[00] ^Cmake[1]: *** [Makefile:4: build] Interrupt
[00] Starting service
[00] make[1]: Entering directory '/home/flejz/code/opengl'
[00] g++ *.cpp include/*.cpp -omain.o -lglfw3 -lGL -lpthread -ldl -lGLEW -lassimp
[00] Killing service
[00] ^Cmake[1]: *** [Makefile:4: build] Interrupt
[00] Starting service
[00] make[1]: Entering directory '/home/flejz/code/opengl'
[00] g++ *.cpp include/*.cpp -omain.o -lglfw3 -lGL -lpthread -ldl -lGLEW -lassimp
[00] Killing service
[00] ^Cmake[1]: *** [Makefile:4: build] Interrupt
[00] Starting service
[00] make[1]: Entering directory '/home/flejz/code/opengl'
[00] g++ *.cpp include/*.cpp -omain.o -lglfw3 -lGL -lpthread -ldl -lGLEW -lassimp
[00] Killing service
[00] ^Cmake[1]: *** [Makefile:4: build] Interrupt
[00] Starting service
[00] make[1]: Entering directory '/home/flejz/code/opengl'
[00] g++ *.cpp include/*.cpp -omain.o -lglfw3 -lGL -lpthread -ldl -lGLEW -lassimp
[00] Killing service
[00] ^Cmake[1]: *** [Makefile:4: build] Interrupt
[00] Starting service
[00] make[1]: Entering directory '/home/flejz/code/opengl'
[00] g++ *.cpp include/*.cpp -omain.o -lglfw3 -lGL -lpthread -ldl -lGLEW -lassimp
[00] Killing service
[00] ^Cmake[1]: *** [Makefile:4: build] Interrupt
[00] Starting service
[00] make[1]: Entering directory '/home/flejz/code/opengl'
[00] g++ *.cpp include/*.cpp -omain.o -lglfw3 -lGL -lpthread -ldl -lGLEW -lassimp
[00] Killing service
[00] ^Cmake[1]: *** [Makefile:4: build] Interrupt
[00] Starting service
[00] make[1]: Entering directory '/home/flejz/code/opengl'
[00] g++ *.cpp include/*.cpp -omain.o -lglfw3 -lGL -lpthread -ldl -lGLEW -lassimp
[00] Killing service
[00] ^Cmake[1]: *** [Makefile:4: build] Interrupt
[00] Starting service
[00] make[1]: Entering directory '/home/flejz/code/opengl'
[00] g++ *.cpp include/*.cpp -omain.o -lglfw3 -lGL -lpthread -ldl -lGLEW -lassimp
[00] Killing service
[00] ^Cmake[1]: *** [Makefile:4: build] Interrupt
[00] Starting service
[00] make[1]: Entering directory '/home/flejz/code/opengl'
[00] g++ *.cpp include/*.cpp -omain.o -lglfw3 -lGL -lpthread -ldl -lGLEW -lassimp
[00] Killing service
[00] ^Cmake[1]: *** [Makefile:4: build] Interrupt
[00] Starting service
[00] make[1]: Entering directory '/home/flejz/code/opengl'
[00] g++ *.cpp include/*.cpp -omain.o -lglfw3 -lGL -lpthread -ldl -lGLEW -lassimp
[00] Killing service
[00] ^Cmake[1]: *** [Makefile:4: build] Interrupt
[00] Starting service
[00] make[1]: Entering directory '/home/flejz/code/opengl'
[00] g++ *.cpp include/*.cpp -omain.o -lglfw3 -lGL -lpthread -ldl -lGLEW -lassimp
[00] Killing service
[00] ^Cmake[1]: *** [Makefile:4: build] Interrupt
[00] Starting service
[00] make[1]: Entering directory '/home/flejz/code/opengl'
[00] g++ *.cpp include/*.cpp -omain.o -lglfw3 -lGL -lpthread -ldl -lGLEW -lassimp
[00] Killing service
[00] ^Cmake[1]: *** [Makefile:4: build] Interrupt
[00] Starting service
[00] make[1]: Entering directory '/home/flejz/code/opengl'
[00] g++ *.cpp include/*.cpp -omain.o -lglfw3 -lGL -lpthread -ldl -lGLEW -lassimp
[00] Killing service
[00] ^Cmake[1]: *** [Makefile:4: build] Interrupt
[00] Starting service
[00] make[1]: Entering directory '/home/flejz/code/opengl'
[00] g++ *.cpp include/*.cpp -omain.o -lglfw3 -lGL -lpthread -ldl -lGLEW -lassimp
[00] Killing service
[00] ^Cmake[1]: *** [Makefile:4: build] Interrupt
[00] Starting service
[00] make[1]: Entering directory '/home/flejz/code/opengl'
[00] g++ *.cpp include/*.cpp -omain.o -lglfw3 -lGL -lpthread -ldl -lGLEW -lassimp
[00] Killing service
[00] ^Cmake[1]: *** [Makefile:4: build] Interrupt
[00] Starting service
[00] make[1]: Entering directory '/home/flejz/code/opengl'
[00] g++ *.cpp include/*.cpp -omain.o -lglfw3 -lGL -lpthread -ldl -lGLEW -lassimp
[00] Killing service
[00] ^Cmake[1]: *** [Makefile:4: build] Interrupt
[00] Starting service
[00] make[1]: Entering directory '/home/flejz/code/opengl'
[00] g++ *.cpp include/*.cpp -omain.o -lglfw3 -lGL -lpthread -ldl -lGLEW -lassimp
[00] Killing service
[00] ^Cmake[1]: *** [Makefile:4: build] Interrupt
[00] Starting service
[00] make[1]: Entering directory '/home/flejz/code/opengl'
[00] g++ *.cpp include/*.cpp -omain.o -lglfw3 -lGL -lpthread -ldl -lGLEW -lassimp
[00] Killing service
[00] ^Cmake[1]: *** [Makefile:4: build] Interrupt
[00] Starting service
[00] make[1]: Entering directory '/home/flejz/code/opengl'
[00] g++ *.cpp include/*.cpp -omain.o -lglfw3 -lGL -lpthread -ldl -lGLEW -lassimp
[00] Killing service
[00] ^Cmake[1]: *** [Makefile:4: build] Interrupt
[00] Starting service
[00] make[1]: Entering directory '/home/flejz/code/opengl'
[00] g++ *.cpp include/*.cpp -omain.o -lglfw3 -lGL -lpthread -ldl -lGLEW -lassimp
[00] Killing service
[00] ^Cmake[1]: *** [Makefile:4: build] Interrupt
[00] Starting service
[00] make[1]: Entering directory '/home/flejz/code/opengl'
[00] g++ *.cpp include/*.cpp -omain.o -lglfw3 -lGL -lpthread -ldl -lGLEW -lassimp
[00] Killing service
[00] ^Cmake[1]: *** [Makefile:4: build] Interrupt
[00] Starting service
[00] make[1]: Entering directory '/home/flejz/code/opengl'
[00] g++ *.cpp include/*.cpp -omain.o -lglfw3 -lGL -lpthread -ldl -lGLEW -lassimp
[00] Killing service
[00] ^Cmake[1]: *** [Makefile:4: build] Interrupt
[00] Starting service
[00] make[1]: Entering directory '/home/flejz/code/opengl'
[00] g++ *.cpp include/*.cpp -omain.o -lglfw3 -lGL -lpthread -ldl -lGLEW -lassimp
[00] Killing service
[00] ^Cmake[1]: *** [Makefile:4: build] Interrupt
[00] Starting service
[00] make[1]: Entering directory '/home/flejz/code/opengl'
[00] g++ *.cpp include/*.cpp -omain.o -lglfw3 -lGL -lpthread -ldl -lGLEW -lassimp
[00] Killing service
[00] ^Cmake[1]: *** [Makefile:4: build] Interrupt
[00] Starting service
[00] make[1]: Entering directory '/home/flejz/code/opengl'
[00] g++ *.cpp include/*.cpp -omain.o -lglfw3 -lGL -lpthread -ldl -lGLEW -lassimp
[00] Killing service
[00] ^Cmake[1]: *** [Makefile:4: build] Interrupt
[00] Starting service
[00] make[1]: Entering directory '/home/flejz/code/opengl'
[00] g++ *.cpp include/*.cpp -omain.o -lglfw3 -lGL -lpthread -ldl -lGLEW -lassimp
[00] Killing service
[00] ^Cmake[1]: *** [Makefile:4: build] Interrupt
[00] Starting service
[00] make[1]: Entering directory '/home/flejz/code/opengl'
[00] g++ *.cpp include/*.cpp -omain.o -lglfw3 -lGL -lpthread -ldl -lGLEW -lassimp
[00] Killing service
[00] ^Cmake[1]: *** [Makefile:4: build] Interrupt
[00] Starting service
[00] make[1]: Entering directory '/home/flejz/code/opengl'
[00] g++ *.cpp include/*.cpp -omain.o -lglfw3 -lGL -lpthread -ldl -lGLEW -lassimp
[00] Killing service
[00] ^Cmake[1]: *** [Makefile:4: build] Interrupt
[00] Starting service
[00] make[1]: Entering directory '/home/flejz/code/opengl'
[00] g++ *.cpp include/*.cpp -omain.o -lglfw3 -lGL -lpthread -ldl -lGLEW -lassimp
[00] Killing service
[00] ^Cmake[1]: *** [Makefile:4: build] Interrupt
[00] Starting service
[00] make[1]: Entering directory '/home/flejz/code/opengl'
[00] g++ *.cpp include/*.cpp -omain.o -lglfw3 -lGL -lpthread -ldl -lGLEW -lassimp
[00] Killing service
[00] ^Cmake[1]: *** [Makefile:4: build] Interrupt
[00] Starting service
[00] make[1]: Entering directory '/home/flejz/code/opengl'
[00] g++ *.cpp include/*.cpp -omain.o -lglfw3 -lGL -lpthread -ldl -lGLEW -lassimp
[00] Killing service
[00] ^Cmake[1]: *** [Makefile:4: build] Interrupt
[00] Starting service
[00] make[1]: Entering directory '/home/flejz/code/opengl'
[00] g++ *.cpp include/*.cpp -omain.o -lglfw3 -lGL -lpthread -ldl -lGLEW -lassimp
[00] Killing service
[00] ^Cmake[1]: *** [Makefile:4: build] Interrupt
[00] Starting service
[00] make[1]: Entering directory '/home/flejz/code/opengl'
[00] g++ *.cpp include/*.cpp -omain.o -lglfw3 -lGL -lpthread -ldl -lGLEW -lassimp
[00] Killing service
[00] ^Cmake[1]: *** [Makefile:4: build] Interrupt
[00] Starting service
[00] make[1]: Entering directory '/home/flejz/code/opengl'
[00] g++ *.cpp include/*.cpp -omain.o -lglfw3 -lGL -lpthread -ldl -lGLEW -lassimp
[00] Killing service
[00] ^Cmake[1]: *** [Makefile:4: build] Interrupt
[00] Starting service
[00] make[1]: Entering directory '/home/flejz/code/opengl'
[00] g++ *.cpp include/*.cpp -omain.o -lglfw3 -lGL -lpthread -ldl -lGLEW -lassimp
[00] Killing service
[00] ^Cmake[1]: *** [Makefile:4: build] Interrupt
[00] Starting service
[00] make[1]: Entering directory '/home/flejz/code/opengl'
[00] g++ *.cpp include/*.cpp -omain.o -lglfw3 -lGL -lpthread -ldl -lGLEW -lassimp
[00] Killing service
[00] ^Cmake[1]: *** [Makefile:4: build] Interrupt
[00] Starting service
[00] make[1]: Entering directory '/home/flejz/code/opengl'
[00] g++ *.cpp include/*.cpp -omain.o -lglfw3 -lGL -lpthread -ldl -lGLEW -lassimp
[00] Killing service
[00] ^Cmake[1]: *** [Makefile:4: build] Interrupt
[00] Starting service
[00] make[1]: Entering directory '/home/flejz/code/opengl'
[00] g++ *.cpp include/*.cpp -omain.o -lglfw3 -lGL -lpthread -ldl -lGLEW -lassimp
[00] Killing service
[00] ^Cmake[1]: *** [Makefile:4: build] Interrupt
[00] Starting service
[00] make[1]: Entering directory '/home/flejz/code/opengl'
[00] g++ *.cpp include/*.cpp -omain.o -lglfw3 -lGL -lpthread -ldl -lGLEW -lassimp
[00] Killing service
[00] ^Cmake[1]: *** [Makefile:4: build] Interrupt
[00] Starting service
[00] make[1]: Entering directory '/home/flejz/code/opengl'
[00] g++ *.cpp include/*.cpp -omain.o -lglfw3 -lGL -lpthread -ldl -lGLEW -lassimp
[00] Killing service
[00] ^Cmake[1]: *** [Makefile:4: build] Interrupt
[00] Starting service
[00] make[1]: Entering directory '/home/flejz/code/opengl'
[00] g++ *.cpp include/*.cpp -omain.o -lglfw3 -lGL -lpthread -ldl -lGLEW -lassimp
[00] Killing service
[00] ^Cmake[1]: *** [Makefile:4: build] Interrupt
[00] Starting service
[00] make[1]: Entering directory '/home/flejz/code/opengl'
[00] g++ *.cpp include/*.cpp -omain.o -lglfw3 -lGL -lpthread -ldl -lGLEW -lassimp
[00] Killing service
[00] ^Cmake[1]: *** [Makefile:4: build] Interrupt
[00] Starting service
[00] make[1]: Entering directory '/home/flejz/code/opengl'
[00] g++ *.cpp include/*.cpp -omain.o -lglfw3 -lGL -lpthread -ldl -lGLEW -lassimp
[00] Killing service
[00] ^Cmake[1]: *** [Makefile:4: build] Interrupt
[00] Starting service
[00] make[1]: Entering directory '/home/flejz/code/opengl'
[00] g++ *.cpp include/*.cpp -omain.o -lglfw3 -lGL -lpthread -ldl -lGLEW -lassimp
[00] Killing service
[00] ^Cmake[1]: *** [Makefile:4: build] Interrupt
[00] Starting service
[00] make[1]: Entering directory '/home/flejz/code/opengl'
[00] g++ *.cpp include/*.cpp -omain.o -lglfw3 -lGL -lpthread -ldl -lGLEW -lassimp
[00] Killing service
[00] ^Cmake[1]: *** [Makefile:4: build] Interrupt
[00] Starting service
[00] make[1]: Entering directory '/home/flejz/code/opengl'
[00] g++ *.cpp include/*.cpp -omain.o -lglfw3 -lGL -lpthread -ldl -lGLEW -lassimp
[00] Killing service
[00] ^Cmake[1]: *** [Makefile:4: build] Interrupt
[00] Starting service
[00] make[1]: Entering directory '/home/flejz/code/opengl'
[00] g++ *.cpp include/*.cpp -omain.o -lglfw3 -lGL -lpthread -ldl -lGLEW -lassimp
[00] Killing service
[00] ^Cmake[1]: *** [Makefile:4: build] Interrupt
[00] Starting service
[00] make[1]: Entering directory '/home/flejz/code/opengl'
[00] g++ *.cpp include/*.cpp -omain.o -lglfw3 -lGL -lpthread -ldl -lGLEW -lassimp
[00] Killing service
[00] ^Cmake[1]: *** [Makefile:4: build] Interrupt
[00] Starting service
[00] make[1]: Entering directory '/home/flejz/code/opengl'
[00] g++ *.cpp include/*.cpp -omain.o -lglfw3 -lGL -lpthread -ldl -lGLEW -lassimp
[00] Killing service
[00] ^Cmake[1]: *** [Makefile:4: build] Interrupt
[00] Starting service
[00] make[1]: Entering directory '/home/flejz/code/opengl'
[00] g++ *.cpp include/*.cpp -omain.o -lglfw3 -lGL -lpthread -ldl -lGLEW -lassimp
[00] Killing service
[00] ^Cmake[1]: *** [Makefile:4: build] Interrupt
[00] Starting service
[00] make[1]: Entering directory '/home/flejz/code/opengl'
[00] g++ *.cpp include/*.cpp -omain.o -lglfw3 -lGL -lpthread -ldl -lGLEW -lassimp
[00] Killing service
[00] ^Cmake[1]: *** [Makefile:4: build] Interrupt
[00] Starting service
[00] make[1]: Entering directory '/home/flejz/code/opengl'
[00] g++ *.cpp include/*.cpp -omain.o -lglfw3 -lGL -lpthread -ldl -lGLEW -lassimp
[00] Killing service
[00] ^Cmake[1]: *** [Makefile:4: build] Interrupt
[00] Starting service
[00] make[1]: Entering directory '/home/flejz/code/opengl'
[00] g++ *.cpp include/*.cpp -omain.o -lglfw3 -lGL -lpthread -ldl -lGLEW -lassimp
[00] Killing service
[00] ^Cmake[1]: *** [Makefile:4: build] Interrupt
[00] Starting service
[00] make[1]: Entering directory '/home/flejz/code/opengl'
[00] g++ *.cpp include/*.cpp -omain.o -lglfw3 -lGL -lpthread -ldl -lGLEW -lassimp
[00] Killing service
[00] ^Cmake[1]: *** [Makefile:4: build] Interrupt
[00] Starting service
[00] make[1]: Entering directory '/home/flejz/code/opengl'
[00] g++ *.cpp include/*.cpp -omain.o -lglfw3 -lGL -lpthread -ldl -lGLEW -lassimp
[00] Killing service
[00] ^Cmake[1]: *** [Makefile:4: build] Interrupt
[00] Starting service
[00] make[1]: Entering directory '/home/flejz/code/opengl'
[00] g++ *.cpp include/*.cpp -omain.o -lglfw3 -lGL -lpthread -ldl -lGLEW -lassimp
[00] Killing service
[00] ^Cmake[1]: *** [Makefile:4: build] Interrupt
[00] Starting service
[00] make[1]: Entering directory '/home/flejz/code/opengl'
[00] g++ *.cpp include/*.cpp -omain.o -lglfw3 -lGL -lpthread -ldl -lGLEW -lassimp
[00] Killing service
[00] ^Cmake[1]: *** [Makefile:4: build] Interrupt
[00] Starting service
[00] make[1]: Entering directory '/home/flejz/code/opengl'
[00] g++ *.cpp include/*.cpp -omain.o -lglfw3 -lGL -lpthread -ldl -lGLEW -lassimp
[00] Killing service
[00] ^Cmake[1]: *** [Makefile:4: build] Interrupt
[00] Starting service
[00] make[1]: Entering directory '/home/flejz/code/opengl'
[00] g++ *.cpp include/*.cpp -omain.o -lglfw3 -lGL -lpthread -ldl -lGLEW -lassimp
[00] Killing service
[00] ^Cmake[1]: *** [Makefile:4: build] Interrupt
[00] Starting service
[00] make[1]: Entering directory '/home/flejz/code/opengl'
[00] g++ *.cpp include/*.cpp -omain.o -lglfw3 -lGL -lpthread -ldl -lGLEW -lassimp
[00] Killing service
[00] ^Cmake[1]: *** [Makefile:4: build] Interrupt
[00] Starting service
[00] make[1]: Entering directory '/home/flejz/code/opengl'
[00] g++ *.cpp include/*.cpp -omain.o -lglfw3 -lGL -lpthread -ldl -lGLEW -lassimp
[00] Killing service
[00] ^Cmake[1]: *** [Makefile:4: build] Interrupt
[00] Starting service
[00] make[1]: Entering directory '/home/flejz/code/opengl'
[00] g++ *.cpp include/*.cpp -omain.o -lglfw3 -lGL -lpthread -ldl -lGLEW -lassimp
[00] Killing service
[00] ^Cmake[1]: *** [Makefile:4: build] Interrupt
[00] Starting service
[00] make[1]: Entering directory '/home/flejz/code/opengl'
[00] g++ *.cpp include/*.cpp -omain.o -lglfw3 -lGL -lpthread -ldl -lGLEW -lassimp
[00] Killing service
[00] ^Cmake[1]: *** [Makefile:4: build] Interrupt
[00] Starting service
[00] make[1]: Entering directory '/home/flejz/code/opengl'
[00] g++ *.cpp include/*.cpp -omain.o -lglfw3 -lGL -lpthread -ldl -lGLEW -lassimp
[00] Killing service
[00] ^Cmake[1]: *** [Makefile:4: build] Interrupt
[00] Starting service
[00] make[1]: Entering directory '/home/flejz/code/opengl'
[00] g++ *.cpp include/*.cpp -omain.o -lglfw3 -lGL -lpthread -ldl -lGLEW -lassimp
[00] Killing service
[00] ^Cmake[1]: *** [Makefile:4: build] Interrupt
[00] Starting service
[00] make[1]: Entering directory '/home/flejz/code/opengl'
[00] g++ *.cpp include/*.cpp -omain.o -lglfw3 -lGL -lpthread -ldl -lGLEW -lassimp
[00] Killing service
[00] ^Cmake[1]: *** [Makefile:4: build] Interrupt
[00] Starting service
[00] make[1]: Entering directory '/home/flejz/code/opengl'
[00] g++ *.cpp include/*.cpp -omain.o -lglfw3 -lGL -lpthread -ldl -lGLEW -lassimp
[00] Killing service
[00] ^Cmake[1]: *** [Makefile:4: build] Interrupt
[00] Starting service
[00] make[1]: Entering directory '/home/flejz/code/opengl'
[00] g++ *.cpp include/*.cpp -omain.o -lglfw3 -lGL -lpthread -ldl -lGLEW -lassimp
[00] Killing service
[00] ^Cmake[1]: *** [Makefile:4: build] Interrupt
[00] Starting service
[00] make[1]: Entering directory '/home/flejz/code/opengl'
[00] g++ *.cpp include/*.cpp -omain.o -lglfw3 -lGL -lpthread -ldl -lGLEW -lassimp
[00] Killing service
[00] ^Cmake[1]: *** [Makefile:4: build] Interrupt
[00] Starting service
[00] make[1]: Entering directory '/home/flejz/code/opengl'
[00] g++ *.cpp include/*.cpp -omain.o -lglfw3 -lGL -lpthread -ldl -lGLEW -lassimp
[00] Killing service
[00] ^Cmake[1]: *** [Makefile:4: build] Interrupt
[00] Starting service
[00] make[1]: Entering directory '/home/flejz/code/opengl'
[00] g++ *.cpp include/*.cpp -omain.o -lglfw3 -lGL -lpthread -ldl -lGLEW -lassimp
[00] Killing service
[00] ^Cmake[1]: *** [Makefile:4: build] Interrupt
[00] Starting service
[00] make[1]: Entering directory '/home/flejz/code/opengl'
[00] g++ *.cpp include/*.cpp -omain.o -lglfw3 -lGL -lpthread -ldl -lGLEW -lassimp
[00] Killing service
[00] ^Cmake[1]: *** [Makefile:4: build] Interrupt
[00] Starting service
[00] make[1]: Entering directory '/home/flejz/code/opengl'
[00] g++ *.cpp include/*.cpp -omain.o -lglfw3 -lGL -lpthread -ldl -lGLEW -lassimp
[00] Killing service
[00] ^Cmake[1]: *** [Makefile:4: build] Interrupt
[00] Starting service
[00] make[1]: Entering directory '/home/flejz/code/opengl'
[00] g++ *.cpp include/*.cpp -omain.o -lglfw3 -lGL -lpthread -ldl -lGLEW -lassimp
[00] Killing service
[00] ^Cmake[1]: *** [Makefile:4: build] Interrupt
[00] Starting service
[00] make[1]: Entering directory '/home/flejz/code/opengl'
[00] g++ *.cpp include/*.cpp -omain.o -lglfw3 -lGL -lpthread -ldl -lGLEW -lassimp
[00] Killing service
[00] ^Cmake[1]: *** [Makefile:4: build] Interrupt
[00] Starting service
[00] make[1]: Entering directory '/home/flejz/code/opengl'
[00] g++ *.cpp include/*.cpp -omain.o -lglfw3 -lGL -lpthread -ldl -lGLEW -lassimp
[00] Killing service
[00] ^Cmake[1]: *** [Makefile:4: build] Interrupt
[00] Starting service
[00] make[1]: Entering directory '/home/flejz/code/opengl'
[00] g++ *.cpp include/*.cpp -omain.o -lglfw3 -lGL -lpthread -ldl -lGLEW -lassimp
[00] Killing service
[00] ^Cmake[1]: *** [Makefile:4: build] Interrupt
[00] Starting service
[00] make[1]: Entering directory '/home/flejz/code/opengl'
[00] g++ *.cpp include/*.cpp -omain.o -lglfw3 -lGL -lpthread -ldl -lGLEW -lassimp
[00] Killing service
[00] ^Cmake[1]: *** [Makefile:4: build] Interrupt
[00] Starting service
[00] make[1]: Entering directory '/home/flejz/code/opengl'
[00] g++ *.cpp include/*.cpp -omain.o -lglfw3 -lGL -lpthread -ldl -lGLEW -lassimp
[00] Killing service
[00] ^Cmake[1]: *** [Makefile:4: build] Interrupt
[00] Starting service
[00] make[1]: Entering directory '/home/flejz/code/opengl'
[00] g++ *.cpp include/*.cpp -omain.o -lglfw3 -lGL -lpthread -ldl -lGLEW -lassimp
[00] Killing service
[00] ^Cmake[1]: *** [Makefile:4: build] Interrupt
[00] Starting service
[00] make[1]: Entering directory '/home/flejz/code/opengl'
[00] g++ *.cpp include/*.cpp -omain.o -lglfw3 -lGL -lpthread -ldl -lGLEW -lassimp
[00] Killing service
[00] ^Cmake[1]: *** [Makefile:4: build] Interrupt
[00] Starting service
[00] make[1]: Entering directory '/home/flejz/code/opengl'
[00] g++ *.cpp include/*.cpp -omain.o -lglfw3 -lGL -lpthread -ldl -lGLEW -lassimp
[00] Killing service
[00] ^Cmake[1]: *** [Makefile:4: build] Interrupt
[00] Starting service
[00] make[1]: Entering directory '/home/flejz/code/opengl'
[00] g++ *.cpp include/*.cpp -omain.o -lglfw3 -lGL -lpthread -ldl -lGLEW -lassimp
[00] Killing service
[00] ^Cmake[1]: *** [Makefile:4: build] Interrupt
[00] Starting service
[00] make[1]: Entering directory '/home/flejz/code/opengl'
[00] g++ *.cpp include/*.cpp -omain.o -lglfw3 -lGL -lpthread -ldl -lGLEW -lassimp
[00] Killing service
[00] ^Cmake[1]: *** [Makefile:4: build] Interrupt
[00] Starting service
[00] make[1]: Entering directory '/home/flejz/code/opengl'
[00] g++ *.cpp include/*.cpp -omain.o -lglfw3 -lGL -lpthread -ldl -lGLEW -lassimp
[00] Killing service
[00] ^Cmake[1]: *** [Makefile:4: build] Interrupt
[00] Starting service
[00] make[1]: Entering directory '/home/flejz/code/opengl'
[00] g++ *.cpp include/*.cpp -omain.o -lglfw3 -lGL -lpthread -ldl -lGLEW -lassimp
[00] Killing service
[00] ^Cmake[1]: *** [Makefile:4: build] Interrupt
[00] Starting service
[00] make[1]: Entering directory '/home/flejz/code/opengl'
[00] g++ *.cpp include/*.cpp -omain.o -lglfw3 -lGL -lpthread -ldl -lGLEW -lassimp
[00] Killing service
[00] ^Cmake[1]: *** [Makefile:4: build] Interrupt
[00] Starting service
[00] make[1]: Entering directory '/home/flejz/code/opengl'
[00] g++ *.cpp include/*.cpp -omain.o -lglfw3 -lGL -lpthread -ldl -lGLEW -lassimp
[00] Killing service
[00] ^Cmake[1]: *** [Makefile:4: build] Interrupt
[00] Starting service
[00] make[1]: Entering directory '/home/flejz/code/opengl'
[00] g++ *.cpp include/*.cpp -omain.o -lglfw3 -lGL -lpthread -ldl -lGLEW -lassimp
[00] Killing service
[00] ^Cmake[1]: *** [Makefile:4: build] Interrupt
[00] Starting service
[00] make[1]: Entering directory '/home/flejz/code/opengl'
[00] g++ *.cpp include/*.cpp -omain.o -lglfw3 -lGL -lpthread -ldl -lGLEW -lassimp
[00] Killing service
[00] ^Cmake[1]: *** [Makefile:4: build] Interrupt
[00] Starting service
[00] make[1]: Entering directory '/home/flejz/code/opengl'
[00] g++ *.cpp include/*.cpp -omain.o -lglfw3 -lGL -lpthread -ldl -lGLEW -lassimp
[00] Killing service
[00] ^Cmake[1]: *** [Makefile:4: build] Interrupt
[00] Starting service
[00] make[1]: Entering directory '/home/flejz/code/opengl'
[00] g++ *.cpp include/*.cpp -omain.o -lglfw3 -lGL -lpthread -ldl -lGLEW -lassimp
[00] Killing service
[00] ^Cmake[1]: *** [Makefile:4: build] Interrupt
[00] Starting service
[00] make[1]: Entering directory '/home/flejz/code/opengl'
[00] g++ *.cpp include/*.cpp -omain.o -lglfw3 -lGL -lpthread -ldl -lGLEW -lassimp
[00] Killing service
[00] ^Cmake[1]: *** [Makefile:4: build] Interrupt
[00] Starting service
[00] make[1]: Entering directory '/home/flejz/code/opengl'
[00] g++ *.cpp include/*.cpp -omain.o -lglfw3 -lGL -lpthread -ldl -lGLEW -lassimp
[00] Killing service
[00] ^Cmake[1]: *** [Makefile:4: build] Interrupt
[00] Starting service
[00] make[1]: Entering directory '/home/flejz/code/opengl'
[00] g++ *.cpp include/*.cpp -omain.o -lglfw3 -lGL -lpthread -ldl -lGLEW -lassimp
[00] Killing service
[00] ^Cmake[1]: *** [Makefile:4: build] Interrupt
[00] Starting service
[00] make[1]: Entering directory '/home/flejz/code/opengl'
[00] g++ *.cpp include/*.cpp -omain.o -lglfw3 -lGL -lpthread -ldl -lGLEW -lassimp
[00] Killing service
[00] ^Cmake[1]: *** [Makefile:4: build] Interrupt
[00] Starting service
[00] make[1]: Entering directory '/home/flejz/code/opengl'
[00] g++ *.cpp include/*.cpp -omain.o -lglfw3 -lGL -lpthread -ldl -lGLEW -lassimp
[00] Killing service
[00] ^Cmake[1]: *** [Makefile:4: build] Interrupt
[00] Starting service
[00] make[1]: Entering directory '/home/flejz/code/opengl'
[00] g++ *.cpp include/*.cpp -omain.o -lglfw3 -lGL -lpthread -ldl -lGLEW -lassimp
[00] Killing service
[00] ^Cmake[1]: *** [Makefile:4: build] Interrupt
[00] Starting service
[00] make[1]: Entering directory '/home/flejz/code/opengl'
[00] g++ *.cpp include/*.cpp -omain.o -lglfw3 -lGL -lpthread -ldl -lGLEW -lassimp
[00] Killing service
[00] ^Cmake[1]: *** [Makefile:4: build] Interrupt
[00] Starting service
[00] make[1]: Entering directory '/home/flejz/code/opengl'
[00] g++ *.cpp include/*.cpp -omain.o -lglfw3 -lGL -lpthread -ldl -lGLEW -lassimp
[00] Killing service
[00] ^Cmake[1]: *** [Makefile:4: build] Interrupt
[00] Starting service
[00] make[1]: Entering directory '/home/flejz/code/opengl'
[00] g++ *.cpp include/*.cpp -omain.o -lglfw3 -lGL -lpthread -ldl -lGLEW -lassimp
[00] Killing service
[00] ^Cmake[1]: *** [Makefile:4: build] Interrupt
[00] Starting service
[00] make[1]: Entering directory '/home/flejz/code/opengl'
[00] g++ *.cpp include/*.cpp -omain.o -lglfw3 -lGL -lpthread -ldl -lGLEW -lassimp
[00] Killing service
[00] ^Cmake[1]: *** [Makefile:4: build] Interrupt
[00] Starting service
[00] make[1]: Entering directory '/home/flejz/code/opengl'
[00] g++ *.cpp include/*.cpp -omain.o -lglfw3 -lGL -lpthread -ldl -lGLEW -lassimp
[00] Killing service
[00] ^Cmake[1]: *** [Makefile:4: build] Interrupt
[00] Starting service
[00] make[1]: Entering directory '/home/flejz/code/opengl'
[00] g++ *.cpp include/*.cpp -omain.o -lglfw3 -lGL -lpthread -ldl -lGLEW -lassimp
[00] Killing service
[00] ^Cmake[1]: *** [Makefile:4: build] Interrupt
[00] Starting service
[00] make[1]: Entering directory '/home/flejz/code/opengl'
[00] g++ *.cpp include/*.cpp -omain.o -lglfw3 -lGL -lpthread -ldl -lGLEW -lassimp
[00] Killing service
[00] ^Cmake[1]: *** [Makefile:4: build] Interrupt
[00] Starting service
[00] make[1]: Entering directory '/home/flejz/code/opengl'
[00] g++ *.cpp include/*.cpp -omain.o -lglfw3 -lGL -lpthread -ldl -lGLEW -lassimp
[00] Killing service
[00] ^Cmake[1]: *** [Makefile:4: build] Interrupt
[00] Starting service
[00] make[1]: Entering directory '/home/flejz/code/opengl'
[00] g++ *.cpp include/*.cpp -omain.o -lglfw3 -lGL -lpthread -ldl -lGLEW -lassimp
[00] Killing service
[00] ^Cmake[1]: *** [Makefile:4: build] Interrupt
[00] Starting service
[00] make[1]: Entering directory '/home/flejz/code/opengl'
[00] g++ *.cpp include/*.cpp -omain.o -lglfw3 -lGL -lpthread -ldl -lGLEW -lassimp
[00] Killing service
[00] ^Cmake[1]: *** [Makefile:4: build] Interrupt
[00] Starting service
[00] make[1]: Entering directory '/home/flejz/code/opengl'
[00] g++ *.cpp include/*.cpp -omain.o -lglfw3 -lGL -lpthread -ldl -lGLEW -lassimp
[00] Killing service
[00] ^Cmake[1]: *** [Makefile:4: build] Interrupt
[00] Starting service
[00] make[1]: Entering directory '/home/flejz/code/opengl'
[00] g++ *.cpp include/*.cpp -omain.o -lglfw3 -lGL -lpthread -ldl -lGLEW -lassimp
[00] Killing service
[00] ^Cmake[1]: *** [Makefile:4: build] Interrupt
[00] Starting service
[00] make[1]: Entering directory '/home/flejz/code/opengl'
[00] g++ *.cpp include/*.cpp -omain.o -lglfw3 -lGL -lpthread -ldl -lGLEW -lassimp
[00] Killing service
[00] ^Cmake[1]: *** [Makefile:4: build] Interrupt
[00] Starting service
[00] make[1]: Entering directory '/home/flejz/code/opengl'
[00] g++ *.cpp include/*.cpp -omain.o -lglfw3 -lGL -lpthread -ldl -lGLEW -lassimp
[00] Killing service
[00] ^Cmake[1]: *** [Makefile:4: build] Interrupt
[00] Starting service
[00] make[1]: Entering directory '/home/flejz/code/opengl'
[00] g++ *.cpp include/*.cpp -omain.o -lglfw3 -lGL -lpthread -ldl -lGLEW -lassimp
[00] Killing service
[00] ^Cmake[1]: *** [Makefile:4: build] Interrupt
[00] Starting service
[00] make[1]: Entering directory '/home/flejz/code/opengl'
[00] g++ *.cpp include/*.cpp -omain.o -lglfw3 -lGL -lpthread -ldl -lGLEW -lassimp
[00] Killing service
[00] ^Cmake[1]: *** [Makefile:4: build] Interrupt
[00] Starting service
[00] make[1]: Entering directory '/home/flejz/code/opengl'
[00] g++ *.cpp include/*.cpp -omain.o -lglfw3 -lGL -lpthread -ldl -lGLEW -lassimp
[00] Killing service
[00] ^Cmake[1]: *** [Makefile:4: build] Interrupt
[00] Starting service
[00] make[1]: Entering directory '/home/flejz/code/opengl'
[00] g++ *.cpp include/*.cpp -omain.o -lglfw3 -lGL -lpthread -ldl -lGLEW -lassimp
[00] Killing service
[00] ^Cmake[1]: *** [Makefile:4: build] Interrupt
[00] Starting service
[00] make[1]: Entering directory '/home/flejz/code/opengl'
[00] g++ *.cpp include/*.cpp -omain.o -lglfw3 -lGL -lpthread -ldl -lGLEW -lassimp
[00] Killing service
[00] ^Cmake[1]: *** [Makefile:4: build] Interrupt
[00] Starting service
[00] make[1]: Entering directory '/home/flejz/code/opengl'
[00] g++ *.cpp include/*.cpp -omain.o -lglfw3 -lGL -lpthread -ldl -lGLEW -lassimp
[00] Killing service
[00] ^Cmake[1]: *** [Makefile:4: build] Interrupt
[00] Starting service
[00] make[1]: Entering directory '/home/flejz/code/opengl'
[00] g++ *.cpp include/*.cpp -omain.o -lglfw3 -lGL -lpthread -ldl -lGLEW -lassimp
[00] Killing service
[00] ^Cmake[1]: *** [Makefile:4: build] Interrupt
[00] Starting service
[00] make[1]: Entering directory '/home/flejz/code/opengl'
[00] g++ *.cpp include/*.cpp -omain.o -lglfw3 -lGL -lpthread -ldl -lGLEW -lassimp
[00] Killing service
[00] ^Cmake[1]: *** [Makefile:4: build] Interrupt
[00] Starting service
[00] make[1]: Entering directory '/home/flejz/code/opengl'
[00] g++ *.cpp include/*.cpp -omain.o -lglfw3 -lGL -lpthread -ldl -lGLEW -lassimp
[00] Killing service
[00] ^Cmake[1]: *** [Makefile:4: build] Interrupt
[00] Starting service
[00] make[1]: Entering directory '/home/flejz/code/opengl'
[00] g++ *.cpp include/*.cpp -omain.o -lglfw3 -lGL -lpthread -ldl -lGLEW -lassimp
[00] Killing service
[00] ^Cmake[1]: *** [Makefile:4: build] Interrupt
[00] Starting service
[00] make[1]: Entering directory '/home/flejz/code/opengl'
[00] g++ *.cpp include/*.cpp -omain.o -lglfw3 -lGL -lpthread -ldl -lGLEW -lassimp
[00] Killing service
[00] ^Cmake[1]: *** [Makefile:4: build] Interrupt
[00] Starting service
[00] make[1]: Entering directory '/home/flejz/code/opengl'
[00] g++ *.cpp include/*.cpp -omain.o -lglfw3 -lGL -lpthread -ldl -lGLEW -lassimp
[00] Killing service
[00] ^Cmake[1]: *** [Makefile:4: build] Interrupt
[00] Starting service
[00] make[1]: Entering directory '/home/flejz/code/opengl'
[00] g++ *.cpp include/*.cpp -omain.o -lglfw3 -lGL -lpthread -ldl -lGLEW -lassimp
[00] Killing service
[00] ^Cmake[1]: *** [Makefile:4: build] Interrupt
[00] Starting service
[00] make[1]: Entering directory '/home/flejz/code/opengl'
[00] g++ *.cpp include/*.cpp -omain.o -lglfw3 -lGL -lpthread -ldl -lGLEW -lassimp
[00] Killing service
[00] ^Cmake[1]: *** [Makefile:4: build] Interrupt
[00] Starting service
[00] make[1]: Entering directory '/home/flejz/code/opengl'
[00] g++ *.cpp include/*.cpp -omain.o -lglfw3 -lGL -lpthread -ldl -lGLEW -lassimp
[00] Killing service
[00] ^Cmake[1]: *** [Makefile:4: build] Interrupt
[00] Starting service
[00] make[1]: Entering directory '/home/flejz/code/opengl'
[00] g++ *.cpp include/*.cpp -omain.o -lglfw3 -lGL -lpthread -ldl -lGLEW -lassimp
[00] Killing service
[00] ^Cmake[1]: *** [Makefile:4: build] Interrupt
[00] Starting service
[00] make[1]: Entering directory '/home/flejz/code/opengl'
[00] g++ *.cpp include/*.cpp -omain.o -lglfw3 -lGL -lpthread -ldl -lGLEW -lassimp
[00] Killing service
[00] ^Cmake[1]: *** [Makefile:4: build] Interrupt
[00] Starting service
[00] make[1]: Entering directory '/home/flejz/code/opengl'
[00] g++ *.cpp include/*.cpp -omain.o -lglfw3 -lGL -lpthread -ldl -lGLEW -lassimp
[00] Killing service
[00] ^Cmake[1]: *** [Makefile:4: build] Interrupt
[00] Starting service
[00] make[1]: Entering directory '/home/flejz/code/opengl'
[00] g++ *.cpp include/*.cpp -omain.o -lglfw3 -lGL -lpthread -ldl -lGLEW -lassimp
[00] Killing service
[00] ^Cmake[1]: *** [Makefile:4: build] Interrupt
[00] Starting service
[00] make[1]: Entering directory '/home/flejz/code/opengl'
[00] g++ *.cpp include/*.cpp -omain.o -lglfw3 -lGL -lpthread -ldl -lGLEW -lassimp
[00] Killing service
[00] ^Cmake[1]: *** [Makefile:4: build] Interrupt
[00] Starting service
[00] make[1]: Entering directory '/home/flejz/code/opengl'
[00] g++ *.cpp include/*.cpp -omain.o -lglfw3 -lGL -lpthread -ldl -lGLEW -lassimp
[00] Killing service
[00] ^Cmake[1]: *** [Makefile:4: build] Interrupt
[00] Starting service
[00] make[1]: Entering directory '/home/flejz/code/opengl'
[00] g++ *.cpp include/*.cpp -omain.o -lglfw3 -lGL -lpthread -ldl -lGLEW -lassimp
[00] Killing service
[00] ^Cmake[1]: *** [Makefile:4: build] Interrupt
[00] Starting service
[00] make[1]: Entering directory '/home/flejz/code/opengl'
[00] g++ *.cpp include/*.cpp -omain.o -lglfw3 -lGL -lpthread -ldl -lGLEW -lassimp
[00] Killing service
[00] ^Cmake[1]: *** [Makefile:4: build] Interrupt
[00] Starting service
[00] make[1]: Entering directory '/home/flejz/code/opengl'
[00] g++ *.cpp include/*.cpp -omain.o -lglfw3 -lGL -lpthread -ldl -lGLEW -lassimp
[00] Killing service
[00] ^Cmake[1]: *** [Makefile:4: build] Interrupt
[00] Starting service
[00] make[1]: Entering directory '/home/flejz/code/opengl'
[00] g++ *.cpp include/*.cpp -omain.o -lglfw3 -lGL -lpthread -ldl -lGLEW -lassimp
[00] Killing service
[00] ^Cmake[1]: *** [Makefile:4: build] Interrupt
[00] Starting service
[00] make[1]: Entering directory '/home/flejz/code/opengl'
[00] g++ *.cpp include/*.cpp -omain.o -lglfw3 -lGL -lpthread -ldl -lGLEW -lassimp
[00] Killing service
[00] ^Cmake[1]: *** [Makefile:4: build] Interrupt
[00] Starting service
[00] make[1]: Entering directory '/home/flejz/code/opengl'
[00] g++ *.cpp include/*.cpp -omain.o -lglfw3 -lGL -lpthread -ldl -lGLEW -lassimp
[00] Killing service
[00] ^Cmake[1]: *** [Makefile:4: build] Interrupt
[00] Starting service
[00] make[1]: Entering directory '/home/flejz/code/opengl'
[00] g++ *.cpp include/*.cpp -omain.o -lglfw3 -lGL -lpthread -ldl -lGLEW -lassimp
[00] Killing service
[00] ^Cmake[1]: *** [Makefile:4: build] Interrupt
[00] Starting service
[00] make[1]: Entering directory '/home/flejz/code/opengl'
[00] g++ *.cpp include/*.cpp -omain.o -lglfw3 -lGL -lpthread -ldl -lGLEW -lassimp
[00] Killing service
[00] ^Cmake[1]: *** [Makefile:4: build] Interrupt
[00] Starting service
[00] make[1]: Entering directory '/home/flejz/code/opengl'
[00] g++ *.cpp include/*.cpp -omain.o -lglfw3 -lGL -lpthread -ldl -lGLEW -lassimp
[00] Killing service
[00] ^Cmake[1]: *** [Makefile:4: build] Interrupt
[00] Starting service
[00] make[1]: Entering directory '/home/flejz/code/opengl'
[00] g++ *.cpp include/*.cpp -omain.o -lglfw3 -lGL -lpthread -ldl -lGLEW -lassimp
[00] Killing service
[00] ^Cmake[1]: *** [Makefile:4: build] Interrupt
[00] Starting service
[00] make[1]: Entering directory '/home/flejz/code/opengl'
[00] g++ *.cpp include/*.cpp -omain.o -lglfw3 -lGL -lpthread -ldl -lGLEW -lassimp
[00] Killing service
[00] ^Cmake[1]: *** [Makefile:4: build] Interrupt
[00] Starting service
[00] make[1]: Entering directory '/home/flejz/code/opengl'
[00] g++ *.cpp include/*.cpp -omain.o -lglfw3 -lGL -lpthread -ldl -lGLEW -lassimp
[00] Killing service
[00] ^Cmake[1]: *** [Makefile:4: build] Interrupt
[00] Starting service
[00] make[1]: Entering directory '/home/flejz/code/opengl'
[00] g++ *.cpp include/*.cpp -omain.o -lglfw3 -lGL -lpthread -ldl -lGLEW -lassimp
[00] Killing service
[00] ^Cmake[1]: *** [Makefile:4: build] Interrupt
[00] Starting service
[00] make[1]: Entering directory '/home/flejz/code/opengl'
[00] g++ *.cpp include/*.cpp -omain.o -lglfw3 -lGL -lpthread -ldl -lGLEW -lassimp
[00] Killing service
[00] ^Cmake[1]: *** [Makefile:4: build] Interrupt
[00] Starting service
[00] make[1]: Entering directory '/home/flejz/code/opengl'
[00] g++ *.cpp include/*.cpp -omain.o -lglfw3 -lGL -lpthread -ldl -lGLEW -lassimp
[00] Killing service
[00] ^Cmake[1]: *** [Makefile:4: build] Interrupt
[00] Starting service
[00] make[1]: Entering directory '/home/flejz/code/opengl'
[00] g++ *.cpp include/*.cpp -omain.o -lglfw3 -lGL -lpthread -ldl -lGLEW -lassimp
[00] Killing service
[00] ^Cmake[1]: *** [Makefile:4: build] Interrupt
[00] Starting service
[00] make[1]: Entering directory '/home/flejz/code/opengl'
[00] g++ *.cpp include/*.cpp -omain.o -lglfw3 -lGL -lpthread -ldl -lGLEW -lassimp
[00] Killing service
[00] ^Cmake[1]: *** [Makefile:4: build] Interrupt
[00] Starting service
[00] make[1]: Entering directory '/home/flejz/code/opengl'
[00] g++ *.cpp include/*.cpp -omain.o -lglfw3 -lGL -lpthread -ldl -lGLEW -lassimp
[00] Killing service
[00] ^Cmake[1]: *** [Makefile:4: build] Interrupt
[00] Starting service
[00] make[1]: Entering directory '/home/flejz/code/opengl'
[00] g++ *.cpp include/*.cpp -omain.o -lglfw3 -lGL -lpthread -ldl -lGLEW -lassimp
[00] Killing service
[00] ^Cmake[1]: *** [Makefile:4: build] Interrupt
[00] Starting service
[00] make[1]: Entering directory '/home/flejz/code/opengl'
[00] g++ *.cpp include/*.cpp -omain.o -lglfw3 -lGL -lpthread -ldl -lGLEW -lassimp
[00] Killing service
[00] ^Cmake[1]: *** [Makefile:4: build] Interrupt
[00] Starting service
[00] make[1]: Entering directory '/home/flejz/code/opengl'
[00] g++ *.cpp include/*.cpp -omain.o -lglfw3 -lGL -lpthread -ldl -lGLEW -lassimp
[00] Killing service
[00] ^Cmake[1]: *** [Makefile:4: build] Interrupt
[00] Starting service
[00] make[1]: Entering directory '/home/flejz/code/opengl'
[00] g++ *.cpp include/*.cpp -omain.o -lglfw3 -lGL -lpthread -ldl -lGLEW -lassimp
[00] Killing service
[00] ^Cmake[1]: *** [Makefile:4: build] Interrupt
[00] Starting service
[00] make[1]: Entering directory '/home/flejz/code/opengl'
[00] g++ *.cpp include/*.cpp -omain.o -lglfw3 -lGL -lpthread -ldl -lGLEW -lassimp
[00] Killing service
[00] ^Cmake[1]: *** [Makefile:4: build] Interrupt
[00] Starting service
[00] make[1]: Entering directory '/home/flejz/code/opengl'
[00] g++ *.cpp include/*.cpp -omain.o -lglfw3 -lGL -lpthread -ldl -lGLEW -lassimp
[00] Killing service
[00] ^Cmake[1]: *** [Makefile:4: build] Interrupt
[00] Starting service
[00] make[1]: Entering directory '/home/flejz/code/opengl'
[00] g++ *.cpp include/*.cpp -omain.o -lglfw3 -lGL -lpthread -ldl -lGLEW -lassimp
[00] Killing service
[00] ^Cmake[1]: *** [Makefile:4: build] Interrupt
[00] Starting service
[00] make[1]: Entering directory '/home/flejz/code/opengl'
[00] g++ *.cpp include/*.cpp -omain.o -lglfw3 -lGL -lpthread -ldl -lGLEW -lassimp
[00] Killing service
[00] ^Cmake[1]: *** [Makefile:4: build] Interrupt
[00] Starting service
[00] make[1]: Entering directory '/home/flejz/code/opengl'
[00] g++ *.cpp include/*.cpp -omain.o -lglfw3 -lGL -lpthread -ldl -lGLEW -lassimp
[00] Killing service
[00] ^Cmake[1]: *** [Makefile:4: build] Interrupt
[00] Starting service
[00] make[1]: Entering directory '/home/flejz/code/opengl'
[00] g++ *.cpp include/*.cpp -omain.o -lglfw3 -lGL -lpthread -ldl -lGLEW -lassimp
[00] Killing service
[00] ^Cmake[1]: *** [Makefile:4: build] Interrupt
[00] Starting service
[00] make[1]: Entering directory '/home/flejz/code/opengl'
[00] g++ *.cpp include/*.cpp -omain.o -lglfw3 -lGL -lpthread -ldl -lGLEW -lassimp
[00] Killing service
[00] ^Cmake[1]: *** [Makefile:4: build] Interrupt
[00] Starting service
[00] make[1]: Entering directory '/home/flejz/code/opengl'
[00] g++ *.cpp include/*.cpp -omain.o -lglfw3 -lGL -lpthread -ldl -lGLEW -lassimp
[00] Killing service
[00] ^Cmake[1]: *** [Makefile:4: build] Interrupt
[00] Starting service
[00] make[1]: Entering directory '/home/flejz/code/opengl'
[00] g++ *.cpp include/*.cpp -omain.o -lglfw3 -lGL -lpthread -ldl -lGLEW -lassimp
[00] Killing service
[00] ^Cmake[1]: *** [Makefile:4: build] Interrupt
[00] Starting service
[00] make[1]: Entering directory '/home/flejz/code/opengl'
[00] g++ *.cpp include/*.cpp -omain.o -lglfw3 -lGL -lpthread -ldl -lGLEW -lassimp
[00] Killing service
[00] ^Cmake[1]: *** [Makefile:4: build] Interrupt
[00] Starting service
[00] make[1]: Entering directory '/home/flejz/code/opengl'
[00] g++ *.cpp include/*.cpp -omain.o -lglfw3 -lGL -lpthread -ldl -lGLEW -lassimp
[00] Killing service
[00] ^Cmake[1]: *** [Makefile:4: build] Interrupt
[00] Starting service
[00] make[1]: Entering directory '/home/flejz/code/opengl'
[00] g++ *.cpp include/*.cpp -omain.o -lglfw3 -lGL -lpthread -ldl -lGLEW -lassimp
[00] Killing service
[00] ^Cmake[1]: *** [Makefile:4: build] Interrupt
[00] Starting service
[00] make[1]: Entering directory '/home/flejz/code/opengl'
[00] g++ *.cpp include/*.cpp -omain.o -lglfw3 -lGL -lpthread -ldl -lGLEW -lassimp
[00] Killing service
[00] ^Cmake[1]: *** [Makefile:4: build] Interrupt
[00] Starting service
[00] make[1]: Entering directory '/home/flejz/code/opengl'
[00] g++ *.cpp include/*.cpp -omain.o -lglfw3 -lGL -lpthread -ldl -lGLEW -lassimp
[00] Killing service
[00] ^Cmake[1]: *** [Makefile:4: build] Interrupt
[00] Starting service
[00] make[1]: Entering directory '/home/flejz/code/opengl'
[00] g++ *.cpp include/*.cpp -omain.o -lglfw3 -lGL -lpthread -ldl -lGLEW -lassimp
[00] Killing service
[00] ^Cmake[1]: *** [Makefile:4: build] Interrupt
[00] Starting service
[00] make[1]: Entering directory '/home/flejz/code/opengl'
[00] g++ *.cpp include/*.cpp -omain.o -lglfw3 -lGL -lpthread -ldl -lGLEW -lassimp
[00] Killing service
[00] ^Cmake[1]: *** [Makefile:4: build] Interrupt
[00] Starting service
[00] make[1]: Entering directory '/home/flejz/code/opengl'
[00] g++ *.cpp include/*.cpp -omain.o -lglfw3 -lGL -lpthread -ldl -lGLEW -lassimp
[00] Killing service
[00] ^Cmake[1]: *** [Makefile:4: build] Interrupt
[00] Starting service
[00] make[1]: Entering directory '/home/flejz/code/opengl'
[00] g++ *.cpp include/*.cpp -omain.o -lglfw3 -lGL -lpthread -ldl -lGLEW -lassimp
[00] Killing service
[00] ^Cmake[1]: *** [Makefile:4: build] Interrupt
[00] Starting service
[00] make[1]: Entering directory '/home/flejz/code/opengl'
[00] g++ *.cpp include/*.cpp -omain.o -lglfw3 -lGL -lpthread -ldl -lGLEW -lassimp
[00] Killing service
[00] ^Cmake[1]: *** [Makefile:4: build] Interrupt
[00] Starting service
[00] make[1]: Entering directory '/home/flejz/code/opengl'
[00] g++ *.cpp include/*.cpp -omain.o -lglfw3 -lGL -lpthread -ldl -lGLEW -lassimp
[00] Killing service
[00] ^Cmake[1]: *** [Makefile:4: build] Interrupt
[00] Starting service
[00] make[1]: Entering directory '/home/flejz/code/opengl'
[00] g++ *.cpp include/*.cpp -omain.o -lglfw3 -lGL -lpthread -ldl -lGLEW -lassimp
[00] Killing service
[00] ^Cmake[1]: *** [Makefile:4: build] Interrupt
[00] Starting service
[00] make[1]: Entering directory '/home/flejz/code/opengl'
[00] g++ *.cpp include/*.cpp -omain.o -lglfw3 -lGL -lpthread -ldl -lGLEW -lassimp
[00] Killing service
[00] ^Cmake[1]: *** [Makefile:4: build] Interrupt
[00] Starting service
[00] make[1]: Entering directory '/home/flejz/code/opengl'
[00] g++ *.cpp include/*.cpp -omain.o -lglfw3 -lGL -lpthread -ldl -lGLEW -lassimp
[00] Killing service
[00] ^Cmake[1]: *** [Makefile:4: build] Interrupt
[00] Starting service
[00] make[1]: Entering directory '/home/flejz/code/opengl'
[00] g++ *.cpp include/*.cpp -omain.o -lglfw3 -lGL -lpthread -ldl -lGLEW -lassimp
[00] Killing service
[00] ^Cmake[1]: *** [Makefile:4: build] Interrupt
[00] Starting service
[00] make[1]: Entering directory '/home/flejz/code/opengl'
[00] g++ *.cpp include/*.cpp -omain.o -lglfw3 -lGL -lpthread -ldl -lGLEW -lassimp
[00] Killing service
[00] ^Cmake[1]: *** [Makefile:4: build] Interrupt
[00] Starting service
[00] make[1]: Entering directory '/home/flejz/code/opengl'
[00] g++ *.cpp include/*.cpp -omain.o -lglfw3 -lGL -lpthread -ldl -lGLEW -lassimp
[00] Killing service
[00] ^Cmake[1]: *** [Makefile:4: build] Interrupt
[00] Starting service
[00] make[1]: Entering directory '/home/flejz/code/opengl'
[00] g++ *.cpp include/*.cpp -omain.o -lglfw3 -lGL -lpthread -ldl -lGLEW -lassimp
[00] Killing service
[00] ^Cmake[1]: *** [Makefile:4: build] Interrupt
[00] Starting service
[00] make[1]: Entering directory '/home/flejz/code/opengl'
[00] g++ *.cpp include/*.cpp -omain.o -lglfw3 -lGL -lpthread -ldl -lGLEW -lassimp
[00] Killing service
[00] ^Cmake[1]: *** [Makefile:4: build] Interrupt
[00] Starting service
[00] make[1]: Entering directory '/home/flejz/code/opengl'
[00] g++ *.cpp include/*.cpp -omain.o -lglfw3 -lGL -lpthread -ldl -lGLEW -lassimp
[00] Killing service
[00] ^Cmake[1]: *** [Makefile:4: build] Interrupt
[00] Starting service
[00] make[1]: Entering directory '/home/flejz/code/opengl'
[00] g++ *.cpp include/*.cpp -omain.o -lglfw3 -lGL -lpthread -ldl -lGLEW -lassimp
[00] Killing service
[00] ^Cmake[1]: *** [Makefile:4: build] Interrupt
[00] Starting service
[00] make[1]: Entering directory '/home/flejz/code/opengl'
[00] g++ *.cpp include/*.cpp -omain.o -lglfw3 -lGL -lpthread -ldl -lGLEW -lassimp
[00] Killing service
[00] ^Cmake[1]: *** [Makefile:4: build] Interrupt
[00] Starting service
[00] make[1]: Entering directory '/home/flejz/code/opengl'
[00] g++ *.cpp include/*.cpp -omain.o -lglfw3 -lGL -lpthread -ldl -lGLEW -lassimp
[00] Killing service
[00] ^Cmake[1]: *** [Makefile:4: build] Interrupt
[00] Starting service
[00] make[1]: Entering directory '/home/flejz/code/opengl'
[00] g++ *.cpp include/*.cpp -omain.o -lglfw3 -lGL -lpthread -ldl -lGLEW -lassimp
[00] Killing service
[00] ^Cmake[1]: *** [Makefile:4: build] Interrupt
[00] Starting service
[00] make[1]: Entering directory '/home/flejz/code/opengl'
[00] g++ *.cpp include/*.cpp -omain.o -lglfw3 -lGL -lpthread -ldl -lGLEW -lassimp
[00] Killing service
[00] ^Cmake[1]: *** [Makefile:4: build] Interrupt
[00] Starting service
[00] make[1]: Entering directory '/home/flejz/code/opengl'
[00] g++ *.cpp include/*.cpp -omain.o -lglfw3 -lGL -lpthread -ldl -lGLEW -lassimp
[00] Killing service
[00] ^Cmake[1]: *** [Makefile:4: build] Interrupt
[00] Starting service
[00] make[1]: Entering directory '/home/flejz/code/opengl'
[00] g++ *.cpp include/*.cpp -omain.o -lglfw3 -lGL -lpthread -ldl -lGLEW -lassimp
[00] Killing service
[00] ^Cmake[1]: *** [Makefile:4: build] Interrupt
[00] Starting service
[00] make[1]: Entering directory '/home/flejz/code/opengl'
[00] g++ *.cpp include/*.cpp -omain.o -lglfw3 -lGL -lpthread -ldl -lGLEW -lassimp
[00] Killing service
[00] ^Cmake[1]: *** [Makefile:4: build] Interrupt
[00] Starting service
[00] make[1]: Entering directory '/home/flejz/code/opengl'
[00] g++ *.cpp include/*.cpp -omain.o -lglfw3 -lGL -lpthread -ldl -lGLEW -lassimp
[00] Killing service
[00] ^Cmake[1]: *** [Makefile:4: build] Interrupt
[00] Starting service
[00] make[1]: Entering directory '/home/flejz/code/opengl'
[00] g++ *.cpp include/*.cpp -omain.o -lglfw3 -lGL -lpthread -ldl -lGLEW -lassimp
[00] Killing service
[00] ^Cmake[1]: *** [Makefile:4: build] Interrupt
[00] Starting service
[00] make[1]: Entering directory '/home/flejz/code/opengl'
[00] g++ *.cpp include/*.cpp -omain.o -lglfw3 -lGL -lpthread -ldl -lGLEW -lassimp
[00] Killing service
[00] ^Cmake[1]: *** [Makefile:4: build] Interrupt
[00] Starting service
[00] make[1]: Entering directory '/home/flejz/code/opengl'
[00] g++ *.cpp include/*.cpp -omain.o -lglfw3 -lGL -lpthread -ldl -lGLEW -lassimp
[00] Killing service
[00] ^Cmake[1]: *** [Makefile:4: build] Interrupt
[00] Starting service
[00] make[1]: Entering directory '/home/flejz/code/opengl'
[00] g++ *.cpp include/*.cpp -omain.o -lglfw3 -lGL -lpthread -ldl -lGLEW -lassimp
[00] Killing service
[00] ^Cmake[1]: *** [Makefile:4: build] Interrupt
[00] Starting service
[00] make[1]: Entering directory '/home/flejz/code/opengl'
[00] g++ *.cpp include/*.cpp -omain.o -lglfw3 -lGL -lpthread -ldl -lGLEW -lassimp
[00] Killing service
[00] ^Cmake[1]: *** [Makefile:4: build] Interrupt
[00] Starting service
[00] make[1]: Entering directory '/home/flejz/code/opengl'
[00] g++ *.cpp include/*.cpp -omain.o -lglfw3 -lGL -lpthread -ldl -lGLEW -lassimp
[00] Killing service
[00] ^Cmake[1]: *** [Makefile:4: build] Interrupt
[00] Starting service
[00] make[1]: Entering directory '/home/flejz/code/opengl'
[00] g++ *.cpp include/*.cpp -omain.o -lglfw3 -lGL -lpthread -ldl -lGLEW -lassimp
[00] Killing service
[00] ^Cmake[1]: *** [Makefile:4: build] Interrupt
[00] Starting service
[00] make[1]: Entering directory '/home/flejz/code/opengl'
[00] g++ *.cpp include/*.cpp -omain.o -lglfw3 -lGL -lpthread -ldl -lGLEW -lassimp
[00] Killing service
[00] ^Cmake[1]: *** [Makefile:4: build] Interrupt
[00] Starting service
[00] make[1]: Entering directory '/home/flejz/code/opengl'
[00] g++ *.cpp include/*.cpp -omain.o -lglfw3 -lGL -lpthread -ldl -lGLEW -lassimp
[00] Killing service
[00] ^Cmake[1]: *** [Makefile:4: build] Interrupt
[00] Starting service
[00] make[1]: Entering directory '/home/flejz/code/opengl'
[00] g++ *.cpp include/*.cpp -omain.o -lglfw3 -lGL -lpthread -ldl -lGLEW -lassimp
[00] Killing service
[00] ^Cmake[1]: *** [Makefile:4: build] Interrupt
[00] Starting service
[00] make[1]: Entering directory '/home/flejz/code/opengl'
[00] g++ *.cpp include/*.cpp -omain.o -lglfw3 -lGL -lpthread -ldl -lGLEW -lassimp
[00] Killing service
[00] ^Cmake[1]: *** [Makefile:4: build] Interrupt
[00] Starting service
[00] make[1]: Entering directory '/home/flejz/code/opengl'
[00] g++ *.cpp include/*.cpp -omain.o -lglfw3 -lGL -lpthread -ldl -lGLEW -lassimp
[00] Killing service
[00] ^Cmake[1]: *** [Makefile:4: build] Interrupt
[00] Starting service
[00] make[1]: Entering directory '/home/flejz/code/opengl'
[00] g++ *.cpp include/*.cpp -omain.o -lglfw3 -lGL -lpthread -ldl -lGLEW -lassimp
[00] Killing service
[00] ^Cmake[1]: *** [Makefile:4: build] Interrupt
[00] Starting service
[00] make[1]: Entering directory '/home/flejz/code/opengl'
[00] g++ *.cpp include/*.cpp -omain.o -lglfw3 -lGL -lpthread -ldl -lGLEW -lassimp
[00] Killing service
[00] ^Cmake[1]: *** [Makefile:4: build] Interrupt
[00] Starting service
[00] make[1]: Entering directory '/home/flejz/code/opengl'
[00] g++ *.cpp include/*.cpp -omain.o -lglfw3 -lGL -lpthread -ldl -lGLEW -lassimp
[00] Killing service
[00] ^Cmake[1]: *** [Makefile:4: build] Interrupt
[00] Starting service
[00] make[1]: Entering directory '/home/flejz/code/opengl'
[00] g++ *.cpp include/*.cpp -omain.o -lglfw3 -lGL -lpthread -ldl -lGLEW -lassimp
[00] Killing service
[00] ^Cmake[1]: *** [Makefile:4: build] Interrupt
[00] Starting service
[00] make[1]: Entering directory '/home/flejz/code/opengl'
[00] g++ *.cpp include/*.cpp -omain.o -lglfw3 -lGL -lpthread -ldl -lGLEW -lassimp
[00] Killing service
[00] ^Cmake[1]: *** [Makefile:4: build] Interrupt
[00] Starting service
[00] make[1]: Entering directory '/home/flejz/code/opengl'
[00] g++ *.cpp include/*.cpp -omain.o -lglfw3 -lGL -lpthread -ldl -lGLEW -lassimp
[00] Killing service
[00] ^Cmake[1]: *** [Makefile:4: build] Interrupt
[00] Starting service
[00] make[1]: Entering directory '/home/flejz/code/opengl'
[00] g++ *.cpp include/*.cpp -omain.o -lglfw3 -lGL -lpthread -ldl -lGLEW -lassimp
[00] Killing service
[00] ^Cmake[1]: *** [Makefile:4: build] Interrupt
[00] Starting service
[00] make[1]: Entering directory '/home/flejz/code/opengl'
[00] g++ *.cpp include/*.cpp -omain.o -lglfw3 -lGL -lpthread -ldl -lGLEW -lassimp
[00] Killing service
[00] ^Cmake[1]: *** [Makefile:4: build] Interrupt
[00] Starting service
[00] make[1]: Entering directory '/home/flejz/code/opengl'
[00] g++ *.cpp include/*.cpp -omain.o -lglfw3 -lGL -lpthread -ldl -lGLEW -lassimp
[00] Killing service
[00] ^Cmake[1]: *** [Makefile:4: build] Interrupt
[00] Starting service
[00] make[1]: Entering directory '/home/flejz/code/opengl'
[00] g++ *.cpp include/*.cpp -omain.o -lglfw3 -lGL -lpthread -ldl -lGLEW -lassimp
[00] Killing service
[00] ^Cmake[1]: *** [Makefile:4: build] Interrupt
[00] Starting service
[00] make[1]: Entering directory '/home/flejz/code/opengl'
[00] g++ *.cpp include/*.cpp -omain.o -lglfw3 -lGL -lpthread -ldl -lGLEW -lassimp
[00] Killing service
[00] ^Cmake[1]: *** [Makefile:4: build] Interrupt
[00] Starting service
[00] make[1]: Entering directory '/home/flejz/code/opengl'
[00] g++ *.cpp include/*.cpp -omain.o -lglfw3 -lGL -lpthread -ldl -lGLEW -lassimp
[00] Killing service
[00] ^Cmake[1]: *** [Makefile:4: build] Interrupt
[00] Starting service
[00] make[1]: Entering directory '/home/flejz/code/opengl'
[00] g++ *.cpp include/*.cpp -omain.o -lglfw3 -lGL -lpthread -ldl -lGLEW -lassimp
[00] Killing service
[00] ^Cmake[1]: *** [Makefile:4: build] Interrupt
[00] Starting service
[00] make[1]: Entering directory '/home/flejz/code/opengl'
[00] g++ *.cpp include/*.cpp -omain.o -lglfw3 -lGL -lpthread -ldl -lGLEW -lassimp
[00] Killing service
[00] ^Cmake[1]: *** [Makefile:4: build] Interrupt
[00] Starting service
[00] make[1]: Entering directory '/home/flejz/code/opengl'
[00] g++ *.cpp include/*.cpp -omain.o -lglfw3 -lGL -lpthread -ldl -lGLEW -lassimp
[00] Killing service
[00] ^Cmake[1]: *** [Makefile:4: build] Interrupt
[00] Starting service
[00] make[1]: Entering directory '/home/flejz/code/opengl'
[00] g++ *.cpp include/*.cpp -omain.o -lglfw3 -lGL -lpthread -ldl -lGLEW -lassimp
[00] Killing service
[00] ^Cmake[1]: *** [Makefile:4: build] Interrupt
[00] Starting service
[00] make[1]: Entering directory '/home/flejz/code/opengl'
[00] g++ *.cpp include/*.cpp -omain.o -lglfw3 -lGL -lpthread -ldl -lGLEW -lassimp
[00] Killing service
[00] ^Cmake[1]: *** [Makefile:4: build] Interrupt
[00] Starting service
[00] make[1]: Entering directory '/home/flejz/code/opengl'
[00] g++ *.cpp include/*.cpp -omain.o -lglfw3 -lGL -lpthread -ldl -lGLEW -lassimp
[00] Killing service
[00] ^Cmake[1]: *** [Makefile:4: build] Interrupt
[00] Starting service
[00] make[1]: Entering directory '/home/flejz/code/opengl'
[00] g++ *.cpp include/*.cpp -omain.o -lglfw3 -lGL -lpthread -ldl -lGLEW -lassimp
[00] Killing service
[00] ^Cmake[1]: *** [Makefile:4: build] Interrupt
[00] Starting service
[00] make[1]: Entering directory '/home/flejz/code/opengl'
[00] g++ *.cpp include/*.cpp -omain.o -lglfw3 -lGL -lpthread -ldl -lGLEW -lassimp
[00] Killing service
[00] ^Cmake[1]: *** [Makefile:4: build] Interrupt
[00] Starting service
[00] make[1]: Entering directory '/home/flejz/code/opengl'
[00] g++ *.cpp include/*.cpp -omain.o -lglfw3 -lGL -lpthread -ldl -lGLEW -lassimp
[00] Killing service
[00] ^Cmake[1]: *** [Makefile:4: build] Interrupt
[00] Starting service
[00] make[1]: Entering directory '/home/flejz/code/opengl'
[00] g++ *.cpp include/*.cpp -omain.o -lglfw3 -lGL -lpthread -ldl -lGLEW -lassimp
[00] Killing service
[00] ^Cmake[1]: *** [Makefile:4: build] Interrupt
[00] Starting service
[00] make[1]: Entering directory '/home/flejz/code/opengl'
[00] g++ *.cpp include/*.cpp -omain.o -lglfw3 -lGL -lpthread -ldl -lGLEW -lassimp
[00] Killing service
[00] ^Cmake[1]: *** [Makefile:4: build] Interrupt
[00] Starting service
[00] make[1]: Entering directory '/home/flejz/code/opengl'
[00] g++ *.cpp include/*.cpp -omain.o -lglfw3 -lGL -lpthread -ldl -lGLEW -lassimp
[00] Killing service
[00] ^Cmake[1]: *** [Makefile:4: build] Interrupt
[00] Starting service
[00] make[1]: Entering directory '/home/flejz/code/opengl'
[00] g++ *.cpp include/*.cpp -omain.o -lglfw3 -lGL -lpthread -ldl -lGLEW -lassimp
[00] Killing service
[00] ^Cmake[1]: *** [Makefile:4: build] Interrupt
[00] Starting service
[00] make[1]: Entering directory '/home/flejz/code/opengl'
[00] g++ *.cpp include/*.cpp -omain.o -lglfw3 -lGL -lpthread -ldl -lGLEW -lassimp
[00] Killing service
[00] ^Cmake[1]: *** [Makefile:4: build] Interrupt
[00] Starting service
[00] make[1]: Entering directory '/home/flejz/code/opengl'
[00] g++ *.cpp include/*.cpp -omain.o -lglfw3 -lGL -lpthread -ldl -lGLEW -lassimp
[00] Killing service
[00] ^Cmake[1]: *** [Makefile:4: build] Interrupt
[00] Starting service
[00] make[1]: Entering directory '/home/flejz/code/opengl'
[00] g++ *.cpp include/*.cpp -omain.o -lglfw3 -lGL -lpthread -ldl -lGLEW -lassimp
[00] Killing service
[00] ^Cmake[1]: *** [Makefile:4: build] Interrupt
[00] Starting service
[00] make[1]: Entering directory '/home/flejz/code/opengl'
[00] g++ *.cpp include/*.cpp -omain.o -lglfw3 -lGL -lpthread -ldl -lGLEW -lassimp
[00] Killing service
[00] ^Cmake[1]: *** [Makefile:4: build] Interrupt
[00] Starting service
[00] make[1]: Entering directory '/home/flejz/code/opengl'
[00] g++ *.cpp include/*.cpp -omain.o -lglfw3 -lGL -lpthread -ldl -lGLEW -lassimp
[00] Killing service
[00] ^Cmake[1]: *** [Makefile:4: build] Interrupt
[00] Starting service
[00] make[1]: Entering directory '/home/flejz/code/opengl'
[00] g++ *.cpp include/*.cpp -omain.o -lglfw3 -lGL -lpthread -ldl -lGLEW -lassimp
[00] Killing service
[00] ^Cmake[1]: *** [Makefile:4: build] Interrupt
[00] Starting service
[00] make[1]: Entering directory '/home/flejz/code/opengl'
[00] g++ *.cpp include/*.cpp -omain.o -lglfw3 -lGL -lpthread -ldl -lGLEW -lassimp
[00] Killing service
[00] ^Cmake[1]: *** [Makefile:4: build] Interrupt
[00] Starting service
[00] make[1]: Entering directory '/home/flejz/code/opengl'
[00] g++ *.cpp include/*.cpp -omain.o -lglfw3 -lGL -lpthread -ldl -lGLEW -lassimp
[00] Killing service
[00] ^Cmake[1]: *** [Makefile:4: build] Interrupt
[00] Starting service
[00] make[1]: Entering directory '/home/flejz/code/opengl'
[00] g++ *.cpp include/*.cpp -omain.o -lglfw3 -lGL -lpthread -ldl -lGLEW -lassimp
[00] Killing service
[00] ^Cmake[1]: *** [Makefile:4: build] Interrupt
[00] Starting service
[00] make[1]: Entering directory '/home/flejz/code/opengl'
[00] g++ *.cpp include/*.cpp -omain.o -lglfw3 -lGL -lpthread -ldl -lGLEW -lassimp
[00] Killing service
[00] ^Cmake[1]: *** [Makefile:4: build] Interrupt
[00] Starting service
[00] make[1]: Entering directory '/home/flejz/code/opengl'
[00] g++ *.cpp include/*.cpp -omain.o -lglfw3 -lGL -lpthread -ldl -lGLEW -lassimp
[00] Killing service
[00] ^Cmake[1]: *** [Makefile:4: build] Interrupt
[00] Starting service
[00] make[1]: Entering directory '/home/flejz/code/opengl'
[00] g++ *.cpp include/*.cpp -omain.o -lglfw3 -lGL -lpthread -ldl -lGLEW -lassimp
[00] Killing service
[00] ^Cmake[1]: *** [Makefile:4: build] Interrupt
[00] Starting service
[00] make[1]: Entering directory '/home/flejz/code/opengl'
[00] g++ *.cpp include/*.cpp -omain.o -lglfw3 -lGL -lpthread -ldl -lGLEW -lassimp
[00] Killing service
[00] ^Cmake[1]: *** [Makefile:4: build] Interrupt
[00] Starting service
[00] make[1]: Entering directory '/home/flejz/code/opengl'
[00] g++ *.cpp include/*.cpp -omain.o -lglfw3 -lGL -lpthread -ldl -lGLEW -lassimp
[00] Killing service
[00] ^Cmake[1]: *** [Makefile:4: build] Interrupt
[00] Starting service
[00] make[1]: Entering directory '/home/flejz/code/opengl'
[00] g++ *.cpp include/*.cpp -omain.o -lglfw3 -lGL -lpthread -ldl -lGLEW -lassimp
[00] Killing service
[00] ^Cmake[1]: *** [Makefile:4: build] Interrupt
[00] Starting service
[00] make[1]: Entering directory '/home/flejz/code/opengl'
[00] g++ *.cpp include/*.cpp -omain.o -lglfw3 -lGL -lpthread -ldl -lGLEW -lassimp
[00] Killing service
[00] ^Cmake[1]: *** [Makefile:4: build] Interrupt
[00] Starting service
[00] make[1]: Entering directory '/home/flejz/code/opengl'
[00] g++ *.cpp include/*.cpp -omain.o -lglfw3 -lGL -lpthread -ldl -lGLEW -lassimp
[00] Killing service
[00] ^Cmake[1]: *** [Makefile:4: build] Interrupt
[00] Starting service
[00] make[1]: Entering directory '/home/flejz/code/opengl'
[00] g++ *.cpp include/*.cpp -omain.o -lglfw3 -lGL -lpthread -ldl -lGLEW -lassimp
[00] Killing service
[00] ^Cmake[1]: *** [Makefile:4: build] Interrupt
[00] Starting service
[00] make[1]: Entering directory '/home/flejz/code/opengl'
[00] g++ *.cpp include/*.cpp -omain.o -lglfw3 -lGL -lpthread -ldl -lGLEW -lassimp
[00] Killing service
[00] ^Cmake[1]: *** [Makefile:4: build] Interrupt
[00] Starting service
[00] make[1]: Entering directory '/home/flejz/code/opengl'
[00] g++ *.cpp include/*.cpp -omain.o -lglfw3 -lGL -lpthread -ldl -lGLEW -lassimp
[00] Killing service
[00] ^Cmake[1]: *** [Makefile:4: build] Interrupt
[00] Starting service
[00] make[1]: Entering directory '/home/flejz/code/opengl'
[00] g++ *.cpp include/*.cpp -omain.o -lglfw3 -lGL -lpthread -ldl -lGLEW -lassimp
[00] Killing service
[00] ^Cmake[1]: *** [Makefile:4: build] Interrupt
[00] Starting service
[00] make[1]: Entering directory '/home/flejz/code/opengl'
[00] g++ *.cpp include/*.cpp -omain.o -lglfw3 -lGL -lpthread -ldl -lGLEW -lassimp
[00] Killing service
[00] ^Cmake[1]: *** [Makefile:4: build] Interrupt
[00] Starting service
[00] make[1]: Entering directory '/home/flejz/code/opengl'
[00] g++ *.cpp include/*.cpp -omain.o -lglfw3 -lGL -lpthread -ldl -lGLEW -lassimp
[00] Killing service
[00] ^Cmake[1]: *** [Makefile:4: build] Interrupt
[00] Starting service
[00] make[1]: Entering directory '/home/flejz/code/opengl'
[00] g++ *.cpp include/*.cpp -omain.o -lglfw3 -lGL -lpthread -ldl -lGLEW -lassimp
[00] Killing service
[00] ^Cmake[1]: *** [Makefile:4: build] Interrupt
[00] Starting service
[00] make[1]: Entering directory '/home/flejz/code/opengl'
[00] g++ *.cpp include/*.cpp -omain.o -lglfw3 -lGL -lpthread -ldl -lGLEW -lassimp
[00] Killing service
[00] ^Cmake[1]: *** [Makefile:4: build] Interrupt
[00] Starting service
[00] make[1]: Entering directory '/home/flejz/code/opengl'
[00] g++ *.cpp include/*.cpp -omain.o -lglfw3 -lGL -lpthread -ldl -lGLEW -lassimp
[00] Killing service
[00] ^Cmake[1]: *** [Makefile:4: build] Interrupt
[00] Starting service
[00] make[1]: Entering directory '/home/flejz/code/opengl'
[00] g++ *.cpp include/*.cpp -omain.o -lglfw3 -lGL -lpthread -ldl -lGLEW -lassimp
[00] Killing service
[00] ^Cmake[1]: *** [Makefile:4: build] Interrupt
[00] Starting service
[00] make[1]: Entering directory '/home/flejz/code/opengl'
[00] g++ *.cpp include/*.cpp -omain.o -lglfw3 -lGL -lpthread -ldl -lGLEW -lassimp
[00] Killing service
[00] ^Cmake[1]: *** [Makefile:4: build] Interrupt
[00] Starting service
[00] make[1]: Entering directory '/home/flejz/code/opengl'
[00] g++ *.cpp include/*.cpp -omain.o -lglfw3 -lGL -lpthread -ldl -lGLEW -lassimp
[00] Killing service
[00] ^Cmake[1]: *** [Makefile:4: build] Interrupt
[00] Starting service
[00] make[1]: Entering directory '/home/flejz/code/opengl'
[00] g++ *.cpp include/*.cpp -omain.o -lglfw3 -lGL -lpthread -ldl -lGLEW -lassimp
[00] Killing service
[00] ^Cmake[1]: *** [Makefile:4: build] Interrupt
[00] Starting service
[00] make[1]: Entering directory '/home/flejz/code/opengl'
[00] g++ *.cpp include/*.cpp -omain.o -lglfw3 -lGL -lpthread -ldl -lGLEW -lassimp
[00] Killing service
[00] ^Cmake[1]: *** [Makefile:4: build] Interrupt
[00] Starting service
[00] make[1]: Entering directory '/home/flejz/code/opengl'
[00] g++ *.cpp include/*.cpp -omain.o -lglfw3 -lGL -lpthread -ldl -lGLEW -lassimp
[00] Killing service
[00] ^Cmake[1]: *** [Makefile:4: build] Interrupt
[00] Starting service
[00] make[1]: Entering directory '/home/flejz/code/opengl'
[00] g++ *.cpp include/*.cpp -omain.o -lglfw3 -lGL -lpthread -ldl -lGLEW -lassimp
[00] Killing service
[00] ^Cmake[1]: *** [Makefile:4: build] Interrupt
[00] Starting service
[00] make[1]: Entering directory '/home/flejz/code/opengl'
[00] g++ *.cpp include/*.cpp -omain.o -lglfw3 -lGL -lpthread -ldl -lGLEW -lassimp
[00] Killing service
[00] ^Cmake[1]: *** [Makefile:4: build] Interrupt
[00] Starting service
[00] make[1]: Entering directory '/home/flejz/code/opengl'
[00] g++ *.cpp include/*.cpp -omain.o -lglfw3 -lGL -lpthread -ldl -lGLEW -lassimp
[00] Killing service
[00] ^Cmake[1]: *** [Makefile:4: build] Interrupt
[00] Starting service
[00] make[1]: Entering directory '/home/flejz/code/opengl'
[00] g++ *.cpp include/*.cpp -omain.o -lglfw3 -lGL -lpthread -ldl -lGLEW -lassimp
[00] Killing service
[00] ^Cmake[1]: *** [Makefile:4: build] Interrupt
[00] Starting service
[00] make[1]: Entering directory '/home/flejz/code/opengl'
[00] g++ *.cpp include/*.cpp -omain.o -lglfw3 -lGL -lpthread -ldl -lGLEW -lassimp
[00] Killing service
[00] ^Cmake[1]: *** [Makefile:4: build] Interrupt
[00] Starting service
[00] make[1]: Entering directory '/home/flejz/code/opengl'
[00] g++ *.cpp include/*.cpp -omain.o -lglfw3 -lGL -lpthread -ldl -lGLEW -lassimp
[00] Killing service
[00] ^Cmake[1]: *** [Makefile:4: build] Interrupt
[00] Starting service
[00] make[1]: Entering directory '/home/flejz/code/opengl'
[00] g++ *.cpp include/*.cpp -omain.o -lglfw3 -lGL -lpthread -ldl -lGLEW -lassimp
[00] Killing service
[00] ^Cmake[1]: *** [Makefile:4: build] Interrupt
[00] Starting service
[00] make[1]: Entering directory '/home/flejz/code/opengl'
[00] g++ *.cpp include/*.cpp -omain.o -lglfw3 -lGL -lpthread -ldl -lGLEW -lassimp
[00] Killing service
[00] ^Cmake[1]: *** [Makefile:4: build] Interrupt
[00] Starting service
[00] make[1]: Entering directory '/home/flejz/code/opengl'
[00] g++ *.cpp include/*.cpp -omain.o -lglfw3 -lGL -lpthread -ldl -lGLEW -lassimp
[00] Killing service
[00] ^Cmake[1]: *** [Makefile:4: build] Interrupt
[00] Starting service
[00] make[1]: Entering directory '/home/flejz/code/opengl'
[00] g++ *.cpp include/*.cpp -omain.o -lglfw3 -lGL -lpthread -ldl -lGLEW -lassimp
[00] Killing service
[00] ^Cmake[1]: *** [Makefile:4: build] Interrupt
[00] Starting service
[00] make[1]: Entering directory '/home/flejz/code/opengl'
[00] g++ *.cpp include/*.cpp -omain.o -lglfw3 -lGL -lpthread -ldl -lGLEW -lassimp
[00] Killing service
[00] ^Cmake[1]: *** [Makefile:4: build] Interrupt
[00] Starting service
[00] make[1]: Entering directory '/home/flejz/code/opengl'
[00] g++ *.cpp include/*.cpp -omain.o -lglfw3 -lGL -lpthread -ldl -lGLEW -lassimp
[00] Killing service
[00] ^Cmake[1]: *** [Makefile:4: build] Interrupt
[00] Starting service
[00] make[1]: Entering directory '/home/flejz/code/opengl'
[00] g++ *.cpp include/*.cpp -omain.o -lglfw3 -lGL -lpthread -ldl -lGLEW -lassimp
[00] Killing service
[00] ^Cmake[1]: *** [Makefile:4: build] Interrupt
[00] Starting service
[00] make[1]: Entering directory '/home/flejz/code/opengl'
[00] g++ *.cpp include/*.cpp -omain.o -lglfw3 -lGL -lpthread -ldl -lGLEW -lassimp
[00] Killing service
[00] ^Cmake[1]: *** [Makefile:4: build] Interrupt
[00] Starting service
[00] make[1]: Entering directory '/home/flejz/code/opengl'
[00] g++ *.cpp include/*.cpp -omain.o -lglfw3 -lGL -lpthread -ldl -lGLEW -lassimp
[00] Killing service
[00] ^Cmake[1]: *** [Makefile:4: build] Interrupt
[00] Starting service
[00] make[1]: Entering directory '/home/flejz/code/opengl'
[00] g++ *.cpp include/*.cpp -omain.o -lglfw3 -lGL -lpthread -ldl -lGLEW -lassimp
[00] Killing service
[00] ^Cmake[1]: *** [Makefile:4: build] Interrupt
[00] Starting service
[00] make[1]: Entering directory '/home/flejz/code/opengl'
[00] g++ *.cpp include/*.cpp -omain.o -lglfw3 -lGL -lpthread -ldl -lGLEW -lassimp
[00] Killing service
[00] ^Cmake[1]: *** [Makefile:4: build] Interrupt
[00] Starting service
[00] make[1]: Entering directory '/home/flejz/code/opengl'
[00] g++ *.cpp include/*.cpp -omain.o -lglfw3 -lGL -lpthread -ldl -lGLEW -lassimp
[00] Killing service
[00] ^Cmake[1]: *** [Makefile:4: build] Interrupt
[00] Starting service
[00] make[1]: Entering directory '/home/flejz/code/opengl'
[00] g++ *.cpp include/*.cpp -omain.o -lglfw3 -lGL -lpthread -ldl -lGLEW -lassimp
[00] Killing service
[00] ^Cmake[1]: *** [Makefile:4: build] Interrupt
[00] Starting service
[00] make[1]: Entering directory '/home/flejz/code/opengl'
[00] g++ *.cpp include/*.cpp -omain.o -lglfw3 -lGL -lpthread -ldl -lGLEW -lassimp
[00] Killing service
[00] ^Cmake[1]: *** [Makefile:4: build] Interrupt
[00] Starting service
[00] make[1]: Entering directory '/home/flejz/code/opengl'
[00] g++ *.cpp include/*.cpp -omain.o -lglfw3 -lGL -lpthread -ldl -lGLEW -lassimp
[00] Killing service
[00] ^Cmake[1]: *** [Makefile:4: build] Interrupt
[00] Starting service
[00] make[1]: Entering directory '/home/flejz/code/opengl'
[00] g++ *.cpp include/*.cpp -omain.o -lglfw3 -lGL -lpthread -ldl -lGLEW -lassimp
[00] Killing service
[00] ^Cmake[1]: *** [Makefile:4: build] Interrupt
[00] Starting service
[00] make[1]: Entering directory '/home/flejz/code/opengl'
[00] g++ *.cpp include/*.cpp -omain.o -lglfw3 -lGL -lpthread -ldl -lGLEW -lassimp
[00] Killing service
[00] ^Cmake[1]: *** [Makefile:4: build] Interrupt
[00] Starting service
[00] make[1]: Entering directory '/home/flejz/code/opengl'
[00] g++ *.cpp include/*.cpp -omain.o -lglfw3 -lGL -lpthread -ldl -lGLEW -lassimp
[00] Killing service
[00] ^Cmake[1]: *** [Makefile:4: build] Interrupt
[00] Starting service
[00] make[1]: Entering directory '/home/flejz/code/opengl'
[00] g++ *.cpp include/*.cpp -omain.o -lglfw3 -lGL -lpthread -ldl -lGLEW -lassimp
[00] Killing service
[00] ^Cmake[1]: *** [Makefile:4: build] Interrupt
[00] Starting service
[00] make[1]: Entering directory '/home/flejz/code/opengl'
[00] g++ *.cpp include/*.cpp -omain.o -lglfw3 -lGL -lpthread -ldl -lGLEW -lassimp
[00] Killing service
[00] ^Cmake[1]: *** [Makefile:4: build] Interrupt
[00] Starting service
[00] make[1]: Entering directory '/home/flejz/code/opengl'
[00] g++ *.cpp include/*.cpp -omain.o -lglfw3 -lGL -lpthread -ldl -lGLEW -lassimp
[00] Killing service
[00] ^Cmake[1]: *** [Makefile:4: build] Interrupt
[00] Starting service
[00] make[1]: Entering directory '/home/flejz/code/opengl'
[00] g++ *.cpp include/*.cpp -omain.o -lglfw3 -lGL -lpthread -ldl -lGLEW -lassimp
[00] Killing service
[00] ^Cmake[1]: *** [Makefile:4: build] Interrupt
[00] Starting service
[00] make[1]: Entering directory '/home/flejz/code/opengl'
[00] g++ *.cpp include/*.cpp -omain.o -lglfw3 -lGL -lpthread -ldl -lGLEW -lassimp
[00] Killing service
[00] ^Cmake[1]: *** [Makefile:4: build] Interrupt
[00] Starting service
[00] make[1]: Entering directory '/home/flejz/code/opengl'
[00] g++ *.cpp include/*.cpp -omain.o -lglfw3 -lGL -lpthread -ldl -lGLEW -lassimp
[00] Killing service
[00] ^Cmake[1]: *** [Makefile:4: build] Interrupt
[00] Starting service
[00] make[1]: Entering directory '/home/flejz/code/opengl'
[00] g++ *.cpp include/*.cpp -omain.o -lglfw3 -lGL -lpthread -ldl -lGLEW -lassimp
[00] Killing service
[00] ^Cmake[1]: *** [Makefile:4: build] Interrupt
[00] Starting service
[00] make[1]: Entering directory '/home/flejz/code/opengl'
[00] g++ *.cpp include/*.cpp -omain.o -lglfw3 -lGL -lpthread -ldl -lGLEW -lassimp
[00] Killing service
[00] ^Cmake[1]: *** [Makefile:4: build] Interrupt
[00] Starting service
[00] make[1]: Entering directory '/home/flejz/code/opengl'
[00] g++ *.cpp include/*.cpp -omain.o -lglfw3 -lGL -lpthread -ldl -lGLEW -lassimp
[00] Killing service
[00] ^Cmake[1]: *** [Makefile:4: build] Interrupt
[00] Starting service
[00] make[1]: Entering directory '/home/flejz/code/opengl'
[00] g++ *.cpp include/*.cpp -omain.o -lglfw3 -lGL -lpthread -ldl -lGLEW -lassimp
[00] Killing service
[00] ^Cmake[1]: *** [Makefile:4: build] Interrupt
[00] Starting service
[00] make[1]: Entering directory '/home/flejz/code/opengl'
[00] g++ *.cpp include/*.cpp -omain.o -lglfw3 -lGL -lpthread -ldl -lGLEW -lassimp
[00] Killing service
[00] ^Cmake[1]: *** [Makefile:4: build] Interrupt
[00] Starting service
[00] make[1]: Entering directory '/home/flejz/code/opengl'
[00] g++ *.cpp include/*.cpp -omain.o -lglfw3 -lGL -lpthread -ldl -lGLEW -lassimp
[00] Killing service
[00] ^Cmake[1]: *** [Makefile:4: build] Interrupt
[00] Starting service
[00] make[1]: Entering directory '/home/flejz/code/opengl'
[00] g++ *.cpp include/*.cpp -omain.o -lglfw3 -lGL -lpthread -ldl -lGLEW -lassimp
[00] Killing service
[00] ^Cmake[1]: *** [Makefile:4: build] Interrupt
[00] Starting service
[00] make[1]: Entering directory '/home/flejz/code/opengl'
[00] g++ *.cpp include/*.cpp -omain.o -lglfw3 -lGL -lpthread -ldl -lGLEW -lassimp
[00] Killing service
[00] ^Cmake[1]: *** [Makefile:4: build] Interrupt
[00] Starting service
[00] make[1]: Entering directory '/home/flejz/code/opengl'
[00] g++ *.cpp include/*.cpp -omain.o -lglfw3 -lGL -lpthread -ldl -lGLEW -lassimp
[00] Killing service
[00] ^Cmake[1]: *** [Makefile:4: build] Interrupt
[00] Starting service
[00] make[1]: Entering directory '/home/flejz/code/opengl'
[00] g++ *.cpp include/*.cpp -omain.o -lglfw3 -lGL -lpthread -ldl -lGLEW -lassimp
[00] Killing service
[00] ^Cmake[1]: *** [Makefile:4: build] Interrupt
[00] Starting service
[00] make[1]: Entering directory '/home/flejz/code/opengl'
[00] g++ *.cpp include/*.cpp -omain.o -lglfw3 -lGL -lpthread -ldl -lGLEW -lassimp
[00] Killing service
[00] ^Cmake[1]: *** [Makefile:4: build] Interrupt
[00] Starting service
[00] make[1]: Entering directory '/home/flejz/code/opengl'
[00] g++ *.cpp include/*.cpp -omain.o -lglfw3 -lGL -lpthread -ldl -lGLEW -lassimp
[00] Killing service
[00] ^Cmake[1]: *** [Makefile:4: build] Interrupt
[00] Starting service
[00] make[1]: Entering directory '/home/flejz/code/opengl'
[00] g++ *.cpp include/*.cpp -omain.o -lglfw3 -lGL -lpthread -ldl -lGLEW -lassimp
[00] Killing service
[00] ^Cmake[1]: *** [Makefile:4: build] Interrupt
[00] Starting service
[00] make[1]: Entering directory '/home/flejz/code/opengl'
[00] g++ *.cpp include/*.cpp -omain.o -lglfw3 -lGL -lpthread -ldl -lGLEW -lassimp
[00] Killing service
[00] ^Cmake[1]: *** [Makefile:4: build] Interrupt
[00] Starting service
[00] make[1]: Entering directory '/home/flejz/code/opengl'
[00] g++ *.cpp include/*.cpp -omain.o -lglfw3 -lGL -lpthread -ldl -lGLEW -lassimp
[00] Killing service
[00] ^Cmake[1]: *** [Makefile:4: build] Interrupt
[00] Starting service
[00] make[1]: Entering directory '/home/flejz/code/opengl'
[00] g++ *.cpp include/*.cpp -omain.o -lglfw3 -lGL -lpthread -ldl -lGLEW -lassimp
[00] Killing service
[00] ^Cmake[1]: *** [Makefile:4: build] Interrupt
[00] Starting service
[00] make[1]: Entering directory '/home/flejz/code/opengl'
[00] g++ *.cpp include/*.cpp -omain.o -lglfw3 -lGL -lpthread -ldl -lGLEW -lassimp
[00] Killing service
[00] ^Cmake[1]: *** [Makefile:4: build] Interrupt
[00] Starting service
[00] make[1]: Entering directory '/home/flejz/code/opengl'
[00] g++ *.cpp include/*.cpp -omain.o -lglfw3 -lGL -lpthread -ldl -lGLEW -lassimp
[00] Killing service
[00] ^Cmake[1]: *** [Makefile:4: build] Interrupt
[00] Starting service
[00] make[1]: Entering directory '/home/flejz/code/opengl'
[00] g++ *.cpp include/*.cpp -omain.o -lglfw3 -lGL -lpthread -ldl -lGLEW -lassimp
[00] Killing service
[00] ^Cmake[1]: *** [Makefile:4: build] Interrupt
[00] Starting service
[00] make[1]: Entering directory '/home/flejz/code/opengl'
[00] g++ *.cpp include/*.cpp -omain.o -lglfw3 -lGL -lpthread -ldl -lGLEW -lassimp
[00] Killing service
[00] ^Cmake[1]: *** [Makefile:4: build] Interrupt
[00] Starting service
[00] make[1]: Entering directory '/home/flejz/code/opengl'
[00] g++ *.cpp include/*.cpp -omain.o -lglfw3 -lGL -lpthread -ldl -lGLEW -lassimp
[00] Killing service
[00] ^Cmake[1]: *** [Makefile:4: build] Interrupt
[00] Starting service
[00] make[1]: Entering directory '/home/flejz/code/opengl'
[00] g++ *.cpp include/*.cpp -omain.o -lglfw3 -lGL -lpthread -ldl -lGLEW -lassimp
[00] Killing service
[00] ^Cmake[1]: *** [Makefile:4: build] Interrupt
[00] Starting service
[00] make[1]: Entering directory '/home/flejz/code/opengl'
[00] g++ *.cpp include/*.cpp -omain.o -lglfw3 -lGL -lpthread -ldl -lGLEW -lassimp
[00] Killing service
[00] ^Cmake[1]: *** [Makefile:4: build] Interrupt
[00] Starting service
[00] make[1]: Entering directory '/home/flejz/code/opengl'
[00] g++ *.cpp include/*.cpp -omain.o -lglfw3 -lGL -lpthread -ldl -lGLEW -lassimp
[00] Killing service
[00] ^Cmake[1]: *** [Makefile:4: build] Interrupt
[00] Starting service
[00] make[1]: Entering directory '/home/flejz/code/opengl'
[00] g++ *.cpp include/*.cpp -omain.o -lglfw3 -lGL -lpthread -ldl -lGLEW -lassimp
[00] Killing service
[00] ^Cmake[1]: *** [Makefile:4: build] Interrupt
[00] Starting service
[00] make[1]: Entering directory '/home/flejz/code/opengl'
[00] g++ *.cpp include/*.cpp -omain.o -lglfw3 -lGL -lpthread -ldl -lGLEW -lassimp
[00] Killing service
[00] ^Cmake[1]: *** [Makefile:4: build] Interrupt
[00] Starting service
[00] make[1]: Entering directory '/home/flejz/code/opengl'
[00] g++ *.cpp include/*.cpp -omain.o -lglfw3 -lGL -lpthread -ldl -lGLEW -lassimp
[00] Killing service
[00] ^Cmake[1]: *** [Makefile:4: build] Interrupt
[00] Starting service
[00] make[1]: Entering directory '/home/flejz/code/opengl'
[00] g++ *.cpp include/*.cpp -omain.o -lglfw3 -lGL -lpthread -ldl -lGLEW -lassimp
[00] Killing service
[00] ^Cmake[1]: *** [Makefile:4: build] Interrupt
[00] Starting service
[00] make[1]: Entering directory '/home/flejz/code/opengl'
[00] g++ *.cpp include/*.cpp -omain.o -lglfw3 -lGL -lpthread -ldl -lGLEW -lassimp
[00] Killing service
[00] ^Cmake[1]: *** [Makefile:4: build] Interrupt
[00] Starting service
[00] make[1]: Entering directory '/home/flejz/code/opengl'
[00] g++ *.cpp include/*.cpp -omain.o -lglfw3 -lGL -lpthread -ldl -lGLEW -lassimp
[00] Killing service
[00] ^Cmake[1]: *** [Makefile:4: build] Interrupt
[00] Starting service
[00] make[1]: Entering directory '/home/flejz/code/opengl'
[00] g++ *.cpp include/*.cpp -omain.o -lglfw3 -lGL -lpthread -ldl -lGLEW -lassimp
[00] Killing service
[00] ^Cmake[1]: *** [Makefile:4: build] Interrupt
[00] Starting service
[00] make[1]: Entering directory '/home/flejz/code/opengl'
[00] g++ *.cpp include/*.cpp -omain.o -lglfw3 -lGL -lpthread -ldl -lGLEW -lassimp
[00] Killing service
[00] ^Cmake[1]: *** [Makefile:4: build] Interrupt
[00] Starting service
[00] make[1]: Entering directory '/home/flejz/code/opengl'
[00] g++ *.cpp include/*.cpp -omain.o -lglfw3 -lGL -lpthread -ldl -lGLEW -lassimp
[00] Killing service
[00] ^Cmake[1]: *** [Makefile:4: build] Interrupt
[00] Starting service
[00] make[1]: Entering directory '/home/flejz/code/opengl'
[00] g++ *.cpp include/*.cpp -omain.o -lglfw3 -lGL -lpthread -ldl -lGLEW -lassimp
[00] Killing service
[00] ^Cmake[1]: *** [Makefile:4: build] Interrupt
[00] Starting service
[00] make[1]: Entering directory '/home/flejz/code/opengl'
[00] g++ *.cpp include/*.cpp -omain.o -lglfw3 -lGL -lpthread -ldl -lGLEW -lassimp
[00] Killing service
[00] ^Cmake[1]: *** [Makefile:4: build] Interrupt
[00] Starting service
[00] make[1]: Entering directory '/home/flejz/code/opengl'
[00] g++ *.cpp include/*.cpp -omain.o -lglfw3 -lGL -lpthread -ldl -lGLEW -lassimp
[00] Killing service
[00] ^Cmake[1]: *** [Makefile:4: build] Interrupt
[00] Starting service
[00] make[1]: Entering directory '/home/flejz/code/opengl'
[00] g++ *.cpp include/*.cpp -omain.o -lglfw3 -lGL -lpthread -ldl -lGLEW -lassimp
[00] Killing service
[00] ^Cmake[1]: *** [Makefile:4: build] Interrupt
[00] Starting service
[00] make[1]: Entering directory '/home/flejz/code/opengl'
[00] g++ *.cpp include/*.cpp -omain.o -lglfw3 -lGL -lpthread -ldl -lGLEW -lassimp
[00] Killing service
[00] ^Cmake[1]: *** [Makefile:4: build] Interrupt
[00] Starting service
[00] make[1]: Entering directory '/home/flejz/code/opengl'
[00] g++ *.cpp include/*.cpp -omain.o -lglfw3 -lGL -lpthread -ldl -lGLEW -lassimp
[00] Killing service
[00] ^Cmake[1]: *** [Makefile:4: build] Interrupt
[00] Starting service
[00] make[1]: Entering directory '/home/flejz/code/opengl'
[00] g++ *.cpp include/*.cpp -omain.o -lglfw3 -lGL -lpthread -ldl -lGLEW -lassimp
[00] Killing service
[00] ^Cmake[1]: *** [Makefile:4: build] Interrupt
[00] Starting service
[00] make[1]: Entering directory '/home/flejz/code/opengl'
[00] g++ *.cpp include/*.cpp -omain.o -lglfw3 -lGL -lpthread -ldl -lGLEW -lassimp
[00] Killing service
[00] ^Cmake[1]: *** [Makefile:4: build] Interrupt
[00] Starting service
[00] make[1]: Entering directory '/home/flejz/code/opengl'
[00] g++ *.cpp include/*.cpp -omain.o -lglfw3 -lGL -lpthread -ldl -lGLEW -lassimp
[00] Killing service
[00] ^Cmake[1]: *** [Makefile:4: build] Interrupt
[00] Starting service
[00] make[1]: Entering directory '/home/flejz/code/opengl'
[00] g++ *.cpp include/*.cpp -omain.o -lglfw3 -lGL -lpthread -ldl -lGLEW -lassimp
[00] Killing service
[00] ^Cmake[1]: *** [Makefile:4: build] Interrupt
[00] Starting service
[00] make[1]: Entering directory '/home/flejz/code/opengl'
[00] g++ *.cpp include/*.cpp -omain.o -lglfw3 -lGL -lpthread -ldl -lGLEW -lassimp
[00] Killing service
[00] ^Cmake[1]: *** [Makefile:4: build] Interrupt
[00] Starting service
[00] make[1]: Entering directory '/home/flejz/code/opengl'
[00] g++ *.cpp include/*.cpp -omain.o -lglfw3 -lGL -lpthread -ldl -lGLEW -lassimp
[00] Killing service
[00] ^Cmake[1]: *** [Makefile:4: build] Interrupt
[00] Starting service
[00] make[1]: Entering directory '/home/flejz/code/opengl'
[00] g++ *.cpp include/*.cpp -omain.o -lglfw3 -lGL -lpthread -ldl -lGLEW -lassimp
[00] Killing service
[00] ^Cmake[1]: *** [Makefile:4: build] Interrupt
[00] Starting service
[00] make[1]: Entering directory '/home/flejz/code/opengl'
[00] g++ *.cpp include/*.cpp -omain.o -lglfw3 -lGL -lpthread -ldl -lGLEW -lassimp
[00] Killing service
[00] ^Cmake[1]: *** [Makefile:4: build] Interrupt
[00] Starting service
[00] make[1]: Entering directory '/home/flejz/code/opengl'
[00] g++ *.cpp include/*.cpp -omain.o -lglfw3 -lGL -lpthread -ldl -lGLEW -lassimp
[00] Killing service
[00] ^Cmake[1]: *** [Makefile:4: build] Interrupt
[00] Starting service
[00] make[1]: Entering directory '/home/flejz/code/opengl'
[00] g++ *.cpp include/*.cpp -omain.o -lglfw3 -lGL -lpthread -ldl -lGLEW -lassimp
[00] Killing service
[00] ^Cmake[1]: *** [Makefile:4: build] Interrupt
[00] Starting service
[00] make[1]: Entering directory '/home/flejz/code/opengl'
[00] g++ *.cpp include/*.cpp -omain.o -lglfw3 -lGL -lpthread -ldl -lGLEW -lassimp
[00] Killing service
[00] ^Cmake[1]: *** [Makefile:4: build] Interrupt
[00] Starting service
[00] make[1]: Entering directory '/home/flejz/code/opengl'
[00] g++ *.cpp include/*.cpp -omain.o -lglfw3 -lGL -lpthread -ldl -lGLEW -lassimp
[00] Killing service
[00] ^Cmake[1]: *** [Makefile:4: build] Interrupt
[00] Starting service
[00] make[1]: Entering directory '/home/flejz/code/opengl'
[00] g++ *.cpp include/*.cpp -omain.o -lglfw3 -lGL -lpthread -ldl -lGLEW -lassimp
[00] Killing service
[00] ^Cmake[1]: *** [Makefile:4: build] Interrupt
[00] Starting service
[00] make[1]: Entering directory '/home/flejz/code/opengl'
[00] g++ *.cpp include/*.cpp -omain.o -lglfw3 -lGL -lpthread -ldl -lGLEW -lassimp
[00] Killing service
[00] ^Cmake[1]: *** [Makefile:4: build] Interrupt
[00] Starting service
[00] make[1]: Entering directory '/home/flejz/code/opengl'
[00] g++ *.cpp include/*.cpp -omain.o -lglfw3 -lGL -lpthread -ldl -lGLEW -lassimp
[00] Killing service
[00] ^Cmake[1]: *** [Makefile:4: build] Interrupt
[00] Starting service
[00] make[1]: Entering directory '/home/flejz/code/opengl'
[00] g++ *.cpp include/*.cpp -omain.o -lglfw3 -lGL -lpthread -ldl -lGLEW -lassimp
[00] Killing service
[00] ^Cmake[1]: *** [Makefile:4: build] Interrupt
[00] Starting service
[00] make[1]: Entering directory '/home/flejz/code/opengl'
[00] g++ *.cpp include/*.cpp -omain.o -lglfw3 -lGL -lpthread -ldl -lGLEW -lassimp
[00] Killing service
[00] ^Cmake[1]: *** [Makefile:4: build] Interrupt
[00] Starting service
[00] make[1]: Entering directory '/home/flejz/code/opengl'
[00] g++ *.cpp include/*.cpp -omain.o -lglfw3 -lGL -lpthread -ldl -lGLEW -lassimp
[00] Killing service
[00] ^Cmake[1]: *** [Makefile:4: build] Interrupt
[00] Starting service
[00] make[1]: Entering directory '/home/flejz/code/opengl'
[00] g++ *.cpp include/*.cpp -omain.o -lglfw3 -lGL -lpthread -ldl -lGLEW -lassimp
[00] Killing service
[00] ^Cmake[1]: *** [Makefile:4: build] Interrupt
[00] Starting service
[00] make[1]: Entering directory '/home/flejz/code/opengl'
[00] g++ *.cpp include/*.cpp -omain.o -lglfw3 -lGL -lpthread -ldl -lGLEW -lassimp
[00] Killing service
[00] ^Cmake[1]: *** [Makefile:4: build] Interrupt
[00] Starting service
[00] make[1]: Entering directory '/home/flejz/code/opengl'
[00] g++ *.cpp include/*.cpp -omain.o -lglfw3 -lGL -lpthread -ldl -lGLEW -lassimp
[00] Killing service
[00] ^Cmake[1]: *** [Makefile:4: build] Interrupt
[00] Starting service
[00] make[1]: Entering directory '/home/flejz/code/opengl'
[00] g++ *.cpp include/*.cpp -omain.o -lglfw3 -lGL -lpthread -ldl -lGLEW -lassimp
[00] Killing service
[00] ^Cmake[1]: *** [Makefile:4: build] Interrupt
[00] Starting service
[00] make[1]: Entering directory '/home/flejz/code/opengl'
[00] g++ *.cpp include/*.cpp -omain.o -lglfw3 -lGL -lpthread -ldl -lGLEW -lassimp
[00] Killing service
[00] ^Cmake[1]: *** [Makefile:4: build] Interrupt
[00] Starting service
[00] make[1]: Entering directory '/home/flejz/code/opengl'
[00] g++ *.cpp include/*.cpp -omain.o -lglfw3 -lGL -lpthread -ldl -lGLEW -lassimp
[00] Killing service
[00] ^Cmake[1]: *** [Makefile:4: build] Interrupt
[00] Starting service
[00] make[1]: Entering directory '/home/flejz/code/opengl'
[00] g++ *.cpp include/*.cpp -omain.o -lglfw3 -lGL -lpthread -ldl -lGLEW -lassimp
[00] Killing service
[00] ^Cmake[1]: *** [Makefile:4: build] Interrupt
[00] Starting service
[00] make[1]: Entering directory '/home/flejz/code/opengl'
[00] g++ *.cpp include/*.cpp -omain.o -lglfw3 -lGL -lpthread -ldl -lGLEW -lassimp
[00] Killing service
[00] ^Cmake[1]: *** [Makefile:4: build] Interrupt
[00] Starting service
[00] make[1]: Entering directory '/home/flejz/code/opengl'
[00] g++ *.cpp include/*.cpp -omain.o -lglfw3 -lGL -lpthread -ldl -lGLEW -lassimp
[00] Killing service
[00] ^Cmake[1]: *** [Makefile:4: build] Interrupt
[00] Starting service
[00] make[1]: Entering directory '/home/flejz/code/opengl'
[00] g++ *.cpp include/*.cpp -omain.o -lglfw3 -lGL -lpthread -ldl -lGLEW -lassimp
[00] Killing service
[00] ^Cmake[1]: *** [Makefile:4: build] Interrupt
[00] Starting service
[00] make[1]: Entering directory '/home/flejz/code/opengl'
[00] g++ *.cpp include/*.cpp -omain.o -lglfw3 -lGL -lpthread -ldl -lGLEW -lassimp
[00] Killing service
[00] ^Cmake[1]: *** [Makefile:4: build] Interrupt
[00] Starting service
[00] make[1]: Entering directory '/home/flejz/code/opengl'
[00] g++ *.cpp include/*.cpp -omain.o -lglfw3 -lGL -lpthread -ldl -lGLEW -lassimp
[00] Killing service
[00] ^Cmake[1]: *** [Makefile:4: build] Interrupt
[00] Starting service
[00] make[1]: Entering directory '/home/flejz/code/opengl'
[00] g++ *.cpp include/*.cpp -omain.o -lglfw3 -lGL -lpthread -ldl -lGLEW -lassimp
[00] Killing service
[00] ^Cmake[1]: *** [Makefile:4: build] Interrupt
[00] Starting service
[00] make[1]: Entering directory '/home/flejz/code/opengl'
[00] g++ *.cpp include/*.cpp -omain.o -lglfw3 -lGL -lpthread -ldl -lGLEW -lassimp
[00] Killing service
[00] ^Cmake[1]: *** [Makefile:4: build] Interrupt
[00] Starting service
[00] make[1]: Entering directory '/home/flejz/code/opengl'
[00] g++ *.cpp include/*.cpp -omain.o -lglfw3 -lGL -lpthread -ldl -lGLEW -lassimp
[00] Killing service
[00] ^Cmake[1]: *** [Makefile:4: build] Interrupt
[00] Starting service
[00] make[1]: Entering directory '/home/flejz/code/opengl'
[00] g++ *.cpp include/*.cpp -omain.o -lglfw3 -lGL -lpthread -ldl -lGLEW -lassimp
[00] Killing service
[00] ^Cmake[1]: *** [Makefile:4: build] Interrupt
[00] Starting service
[00] make[1]: Entering directory '/home/flejz/code/opengl'
[00] g++ *.cpp include/*.cpp -omain.o -lglfw3 -lGL -lpthread -ldl -lGLEW -lassimp
[00] Killing service
[00] ^Cmake[1]: *** [Makefile:4: build] Interrupt
[00] Starting service
[00] make[1]: Entering directory '/home/flejz/code/opengl'
[00] g++ *.cpp include/*.cpp -omain.o -lglfw3 -lGL -lpthread -ldl -lGLEW -lassimp
[00] Killing service
[00] ^Cmake[1]: *** [Makefile:4: build] Interrupt
[00] Starting service
[00] make[1]: Entering directory '/home/flejz/code/opengl'
[00] g++ *.cpp include/*.cpp -omain.o -lglfw3 -lGL -lpthread -ldl -lGLEW -lassimp
[00] Killing service
[00] ^Cmake[1]: *** [Makefile:4: build] Interrupt
[00] Starting service
[00] make[1]: Entering directory '/home/flejz/code/opengl'
[00] g++ *.cpp include/*.cpp -omain.o -lglfw3 -lGL -lpthread -ldl -lGLEW -lassimp
[00] Killing service
[00] ^Cmake[1]: *** [Makefile:4: build] Interrupt
[00] Starting service
[00] make[1]: Entering directory '/home/flejz/code/opengl'
[00] g++ *.cpp include/*.cpp -omain.o -lglfw3 -lGL -lpthread -ldl -lGLEW -lassimp
[00] Killing service
[00] ^Cmake[1]: *** [Makefile:4: build] Interrupt
[00] Starting service
[00] make[1]: Entering directory '/home/flejz/code/opengl'
[00] g++ *.cpp include/*.cpp -omain.o -lglfw3 -lGL -lpthread -ldl -lGLEW -lassimp
[00] Killing service
[00] ^Cmake[1]: *** [Makefile:4: build] Interrupt
[00] Starting service
[00] make[1]: Entering directory '/home/flejz/code/opengl'
[00] g++ *.cpp include/*.cpp -omain.o -lglfw3 -lGL -lpthread -ldl -lGLEW -lassimp
[00] Killing service
[00] ^Cmake[1]: *** [Makefile:4: build] Interrupt
[00] Starting service
[00] make[1]: Entering directory '/home/flejz/code/opengl'
[00] g++ *.cpp include/*.cpp -omain.o -lglfw3 -lGL -lpthread -ldl -lGLEW -lassimp
[00] Killing service
[00] ^Cmake[1]: *** [Makefile:4: build] Interrupt
[00] Starting service
[00] make[1]: Entering directory '/home/flejz/code/opengl'
[00] g++ *.cpp include/*.cpp -omain.o -lglfw3 -lGL -lpthread -ldl -lGLEW -lassimp
[00] Killing service
[00] ^Cmake[1]: *** [Makefile:4: build] Interrupt
[00] Starting service
[00] make[1]: Entering directory '/home/flejz/code/opengl'
[00] g++ *.cpp include/*.cpp -omain.o -lglfw3 -lGL -lpthread -ldl -lGLEW -lassimp
[00] Killing service
[00] ^Cmake[1]: *** [Makefile:4: build] Interrupt
[00] Starting service
[00] make[1]: Entering directory '/home/flejz/code/opengl'
[00] g++ *.cpp include/*.cpp -omain.o -lglfw3 -lGL -lpthread -ldl -lGLEW -lassimp
[00] Killing service
[00] ^Cmake[1]: *** [Makefile:4: build] Interrupt
[00] Starting service
[00] make[1]: Entering directory '/home/flejz/code/opengl'
[00] g++ *.cpp include/*.cpp -omain.o -lglfw3 -lGL -lpthread -ldl -lGLEW -lassimp
[00] Killing service
[00] ^Cmake[1]: *** [Makefile:4: build] Interrupt
[00] Starting service
[00] make[1]: Entering directory '/home/flejz/code/opengl'
[00] g++ *.cpp include/*.cpp -omain.o -lglfw3 -lGL -lpthread -ldl -lGLEW -lassimp
[00] Killing service
[00] ^Cmake[1]: *** [Makefile:4: build] Interrupt
[00] Starting service
[00] make[1]: Entering directory '/home/flejz/code/opengl'
[00] g++ *.cpp include/*.cpp -omain.o -lglfw3 -lGL -lpthread -ldl -lGLEW -lassimp
[00] Killing service
[00] ^Cmake[1]: *** [Makefile:4: build] Interrupt
[00] Starting service
[00] make[1]: Entering directory '/home/flejz/code/opengl'
[00] g++ *.cpp include/*.cpp -omain.o -lglfw3 -lGL -lpthread -ldl -lGLEW -lassimp
[00] Killing service
[00] ^Cmake[1]: *** [Makefile:4: build] Interrupt
[00] Starting service
[00] make[1]: Entering directory '/home/flejz/code/opengl'
[00] g++ *.cpp include/*.cpp -omain.o -lglfw3 -lGL -lpthread -ldl -lGLEW -lassimp
[00] Killing service
[00] ^Cmake[1]: *** [Makefile:4: build] Interrupt
[00] Starting service
[00] make[1]: Entering directory '/home/flejz/code/opengl'
[00] g++ *.cpp include/*.cpp -omain.o -lglfw3 -lGL -lpthread -ldl -lGLEW -lassimp
[00] Killing service
[00] ^Cmake[1]: *** [Makefile:4: build] Interrupt
[00] Starting service
[00] make[1]: Entering directory '/home/flejz/code/opengl'
[00] g++ *.cpp include/*.cpp -omain.o -lglfw3 -lGL -lpthread -ldl -lGLEW -lassimp
[00] Killing service
[00] ^Cmake[1]: *** [Makefile:4: build] Interrupt
[00] Starting service
[00] make[1]: Entering directory '/home/flejz/code/opengl'
[00] g++ *.cpp include/*.cpp -omain.o -lglfw3 -lGL -lpthread -ldl -lGLEW -lassimp
[00] Killing service
[00] ^Cmake[1]: *** [Makefile:4: build] Interrupt
[00] Starting service
[00] make[1]: Entering directory '/home/flejz/code/opengl'
[00] g++ *.cpp include/*.cpp -omain.o -lglfw3 -lGL -lpthread -ldl -lGLEW -lassimp
[00] Killing service
[00] ^Cmake[1]: *** [Makefile:4: build] Interrupt
[00] Starting service
[00] make[1]: Entering directory '/home/flejz/code/opengl'
[00] g++ *.cpp include/*.cpp -omain.o -lglfw3 -lGL -lpthread -ldl -lGLEW -lassimp
[00] Killing service
[00] ^Cmake[1]: *** [Makefile:4: build] Interrupt
[00] Starting service
[00] make[1]: Entering directory '/home/flejz/code/opengl'
[00] g++ *.cpp include/*.cpp -omain.o -lglfw3 -lGL -lpthread -ldl -lGLEW -lassimp
[00] Killing service
[00] ^Cmake[1]: *** [Makefile:4: build] Interrupt
[00] Starting service
[00] make[1]: Entering directory '/home/flejz/code/opengl'
[00] g++ *.cpp include/*.cpp -omain.o -lglfw3 -lGL -lpthread -ldl -lGLEW -lassimp
[00] Killing service
[00] ^Cmake[1]: *** [Makefile:4: build] Interrupt
[00] Starting service
[00] make[1]: Entering directory '/home/flejz/code/opengl'
[00] g++ *.cpp include/*.cpp -omain.o -lglfw3 -lGL -lpthread -ldl -lGLEW -lassimp
[00] Killing service
[00] ^Cmake[1]: *** [Makefile:4: build] Interrupt
[00] Starting service
[00] make[1]: Entering directory '/home/flejz/code/opengl'
[00] g++ *.cpp include/*.cpp -omain.o -lglfw3 -lGL -lpthread -ldl -lGLEW -lassimp
[00] Killing service
[00] ^Cmake[1]: *** [Makefile:4: build] Interrupt
[00] Starting service
[00] make[1]: Entering directory '/home/flejz/code/opengl'
[00] g++ *.cpp include/*.cpp -omain.o -lglfw3 -lGL -lpthread -ldl -lGLEW -lassimp
[00] Killing service
[00] ^Cmake[1]: *** [Makefile:4: build] Interrupt
[00] Starting service
[00] make[1]: Entering directory '/home/flejz/code/opengl'
[00] g++ *.cpp include/*.cpp -omain.o -lglfw3 -lGL -lpthread -ldl -lGLEW -lassimp
[00] Killing service
[00] ^Cmake[1]: *** [Makefile:4: build] Interrupt
[00] Starting service
[00] make[1]: Entering directory '/home/flejz/code/opengl'
[00] g++ *.cpp include/*.cpp -omain.o -lglfw3 -lGL -lpthread -ldl -lGLEW -lassimp
[00] Killing service
[00] ^Cmake[1]: *** [Makefile:4: build] Interrupt
[00] Starting service
[00] make[1]: Entering directory '/home/flejz/code/opengl'
[00] g++ *.cpp include/*.cpp -omain.o -lglfw3 -lGL -lpthread -ldl -lGLEW -lassimp
[00] Killing service
[00] ^Cmake[1]: *** [Makefile:4: build] Interrupt
[00] Starting service
[00] make[1]: Entering directory '/home/flejz/code/opengl'
[00] g++ *.cpp include/*.cpp -omain.o -lglfw3 -lGL -lpthread -ldl -lGLEW -lassimp
[00] Killing service
[00] ^Cmake[1]: *** [Makefile:4: build] Interrupt
[00] Starting service
[00] make[1]: Entering directory '/home/flejz/code/opengl'
[00] g++ *.cpp include/*.cpp -omain.o -lglfw3 -lGL -lpthread -ldl -lGLEW -lassimp
[00] Killing service
[00] ^Cmake[1]: *** [Makefile:4: build] Interrupt
[00] Starting service
[00] make[1]: Entering directory '/home/flejz/code/opengl'
[00] g++ *.cpp include/*.cpp -omain.o -lglfw3 -lGL -lpthread -ldl -lGLEW -lassimp
[00] Killing service
[00] ^Cmake[1]: *** [Makefile:4: build] Interrupt
[00] Starting service
[00] make[1]: Entering directory '/home/flejz/code/opengl'
[00] g++ *.cpp include/*.cpp -omain.o -lglfw3 -lGL -lpthread -ldl -lGLEW -lassimp
[00] Killing service
[00] ^Cmake[1]: *** [Makefile:4: build] Interrupt
[00] Starting service
[00] make[1]: Entering directory '/home/flejz/code/opengl'
[00] g++ *.cpp include/*.cpp -omain.o -lglfw3 -lGL -lpthread -ldl -lGLEW -lassimp
[00] Killing service
[00] ^Cmake[1]: *** [Makefile:4: build] Interrupt
[00] Starting service
[00] make[1]: Entering directory '/home/flejz/code/opengl'
[00] g++ *.cpp include/*.cpp -omain.o -lglfw3 -lGL -lpthread -ldl -lGLEW -lassimp
[00] Killing service
[00] ^Cmake[1]: *** [Makefile:4: build] Interrupt
[00] Starting service
[00] make[1]: Entering directory '/home/flejz/code/opengl'
[00] g++ *.cpp include/*.cpp -omain.o -lglfw3 -lGL -lpthread -ldl -lGLEW -lassimp
[00] Killing service
[00] ^Cmake[1]: *** [Makefile:4: build] Interrupt
[00] Starting service
[00] make[1]: Entering directory '/home/flejz/code/opengl'
[00] g++ *.cpp include/*.cpp -omain.o -lglfw3 -lGL -lpthread -ldl -lGLEW -lassimp
[00] Killing service
[00] ^Cmake[1]: *** [Makefile:4: build] Interrupt
[00] Starting service
[00] make[1]: Entering directory '/home/flejz/code/opengl'
[00] g++ *.cpp include/*.cpp -omain.o -lglfw3 -lGL -lpthread -ldl -lGLEW -lassimp
[00] Killing service
[00] ^Cmake[1]: *** [Makefile:4: build] Interrupt
[00] Starting service
[00] make[1]: Entering directory '/home/flejz/code/opengl'
[00] g++ *.cpp include/*.cpp -omain.o -lglfw3 -lGL -lpthread -ldl -lGLEW -lassimp
[00] Killing service
[00] ^Cmake[1]: *** [Makefile:4: build] Interrupt
[00] Starting service
[00] make[1]: Entering directory '/home/flejz/code/opengl'
[00] g++ *.cpp include/*.cpp -omain.o -lglfw3 -lGL -lpthread -ldl -lGLEW -lassimp
[00] Killing service
[00] ^Cmake[1]: *** [Makefile:4: build] Interrupt
[00] Starting service
[00] make[1]: Entering directory '/home/flejz/code/opengl'
[00] g++ *.cpp include/*.cpp -omain.o -lglfw3 -lGL -lpthread -ldl -lGLEW -lassimp
[00] Killing service
[00] ^Cmake[1]: *** [Makefile:4: build] Interrupt
[00] Starting service
[00] make[1]: Entering directory '/home/flejz/code/opengl'
[00] g++ *.cpp include/*.cpp -omain.o -lglfw3 -lGL -lpthread -ldl -lGLEW -lassimp
[00] Killing service
[00] ^Cmake[1]: *** [Makefile:4: build] Interrupt
[00] Starting service
[00] make[1]: Entering directory '/home/flejz/code/opengl'
[00] g++ *.cpp include/*.cpp -omain.o -lglfw3 -lGL -lpthread -ldl -lGLEW -lassimp
[00] Killing service
[00] ^Cmake[1]: *** [Makefile:4: build] Interrupt
[00] Starting service
[00] make[1]: Entering directory '/home/flejz/code/opengl'
[00] g++ *.cpp include/*.cpp -omain.o -lglfw3 -lGL -lpthread -ldl -lGLEW -lassimp
[00] Killing service
[00] ^Cmake[1]: *** [Makefile:4: build] Interrupt
[00] Starting service
[00] make[1]: Entering directory '/home/flejz/code/opengl'
[00] g++ *.cpp include/*.cpp -omain.o -lglfw3 -lGL -lpthread -ldl -lGLEW -lassimp
[00] Killing service
[00] ^Cmake[1]: *** [Makefile:4: build] Interrupt
[00] Starting service
[00] make[1]: Entering directory '/home/flejz/code/opengl'
[00] g++ *.cpp include/*.cpp -omain.o -lglfw3 -lGL -lpthread -ldl -lGLEW -lassimp
[00] Killing service
[00] ^Cmake[1]: *** [Makefile:4: build] Interrupt
[00] Starting service
[00] make[1]: Entering directory '/home/flejz/code/opengl'
[00] g++ *.cpp include/*.cpp -omain.o -lglfw3 -lGL -lpthread -ldl -lGLEW -lassimp
[00] Killing service
[00] ^Cmake[1]: *** [Makefile:4: build] Interrupt
[00] Starting service
[00] make[1]: Entering directory '/home/flejz/code/opengl'
[00] g++ *.cpp include/*.cpp -omain.o -lglfw3 -lGL -lpthread -ldl -lGLEW -lassimp
[00] Killing service
[00] ^Cmake[1]: *** [Makefile:4: build] Interrupt
[00] Starting service
[00] make[1]: Entering directory '/home/flejz/code/opengl'
[00] g++ *.cpp include/*.cpp -omain.o -lglfw3 -lGL -lpthread -ldl -lGLEW -lassimp
[00] Killing service
[00] ^Cmake[1]: *** [Makefile:4: build] Interrupt
[00] Starting service
[00] make[1]: Entering directory '/home/flejz/code/opengl'
[00] g++ *.cpp include/*.cpp -omain.o -lglfw3 -lGL -lpthread -ldl -lGLEW -lassimp
[00] Killing service
[00] ^Cmake[1]: *** [Makefile:4: build] Interrupt
[00] Starting service
[00] make[1]: Entering directory '/home/flejz/code/opengl'
[00] g++ *.cpp include/*.cpp -omain.o -lglfw3 -lGL -lpthread -ldl -lGLEW -lassimp
[00] Killing service
[00] ^Cmake[1]: *** [Makefile:4: build] Interrupt
[00] Starting service
[00] make[1]: Entering directory '/home/flejz/code/opengl'
[00] g++ *.cpp include/*.cpp -omain.o -lglfw3 -lGL -lpthread -ldl -lGLEW -lassimp
[00] Killing service
[00] ^Cmake[1]: *** [Makefile:4: build] Interrupt
[00] Starting service
[00] make[1]: Entering directory '/home/flejz/code/opengl'
[00] g++ *.cpp include/*.cpp -omain.o -lglfw3 -lGL -lpthread -ldl -lGLEW -lassimp
[00] Killing service
[00] ^Cmake[1]: *** [Makefile:4: build] Interrupt
[00] Starting service
[00] make[1]: Entering directory '/home/flejz/code/opengl'
[00] g++ *.cpp include/*.cpp -omain.o -lglfw3 -lGL -lpthread -ldl -lGLEW -lassimp
[00] Killing service
[00] ^Cmake[1]: *** [Makefile:4: build] Interrupt
[00] Starting service
[00] make[1]: Entering directory '/home/flejz/code/opengl'
[00] g++ *.cpp include/*.cpp -omain.o -lglfw3 -lGL -lpthread -ldl -lGLEW -lassimp
[00] Killing service
[00] ^Cmake[1]: *** [Makefile:4: build] Interrupt
[00] Starting service
[00] make[1]: Entering directory '/home/flejz/code/opengl'
[00] g++ *.cpp include/*.cpp -omain.o -lglfw3 -lGL -lpthread -ldl -lGLEW -lassimp
[00] Killing service
[00] ^Cmake[1]: *** [Makefile:4: build] Interrupt
[00] Starting service
[00] make[1]: Entering directory '/home/flejz/code/opengl'
[00] g++ *.cpp include/*.cpp -omain.o -lglfw3 -lGL -lpthread -ldl -lGLEW -lassimp
[00] Killing service
[00] ^Cmake[1]: *** [Makefile:4: build] Interrupt
[00] Starting service
[00] make[1]: Entering directory '/home/flejz/code/opengl'
[00] g++ *.cpp include/*.cpp -omain.o -lglfw3 -lGL -lpthread -ldl -lGLEW -lassimp
[00] Killing service
[00] ^Cmake[1]: *** [Makefile:4: build] Interrupt
[00] Starting service
[00] make[1]: Entering directory '/home/flejz/code/opengl'
[00] g++ *.cpp include/*.cpp -omain.o -lglfw3 -lGL -lpthread -ldl -lGLEW -lassimp
[00] Killing service
[00] ^Cmake[1]: *** [Makefile:4: build] Interrupt
[00] Starting service
[00] make[1]: Entering directory '/home/flejz/code/opengl'
[00] g++ *.cpp include/*.cpp -omain.o -lglfw3 -lGL -lpthread -ldl -lGLEW -lassimp
[00] Killing service
[00] ^Cmake[1]: *** [Makefile:4: build] Interrupt
[00] Starting service
[00] make[1]: Entering directory '/home/flejz/code/opengl'
[00] g++ *.cpp include/*.cpp -omain.o -lglfw3 -lGL -lpthread -ldl -lGLEW -lassimp
[00] Killing service
[00] ^Cmake[1]: *** [Makefile:4: build] Interrupt
[00] Starting service
[00] make[1]: Entering directory '/home/flejz/code/opengl'
[00] g++ *.cpp include/*.cpp -omain.o -lglfw3 -lGL -lpthread -ldl -lGLEW -lassimp
[00] Killing service
[00] ^Cmake[1]: *** [Makefile:4: build] Interrupt
[00] Starting service
[00] make[1]: Entering directory '/home/flejz/code/opengl'
[00] g++ *.cpp include/*.cpp -omain.o -lglfw3 -lGL -lpthread -ldl -lGLEW -lassimp
[00] Killing service
[00] ^Cmake[1]: *** [Makefile:4: build] Interrupt
[00] Starting service
[00] make[1]: Entering directory '/home/flejz/code/opengl'
[00] g++ *.cpp include/*.cpp -omain.o -lglfw3 -lGL -lpthread -ldl -lGLEW -lassimp
[00] Killing service
[00] ^Cmake[1]: *** [Makefile:4: build] Interrupt
[00] Starting service
[00] make[1]: Entering directory '/home/flejz/code/opengl'
[00] g++ *.cpp include/*.cpp -omain.o -lglfw3 -lGL -lpthread -ldl -lGLEW -lassimp
[00] Killing service
[00] ^Cmake[1]: *** [Makefile:4: build] Interrupt
[00] Starting service
[00] make[1]: Entering directory '/home/flejz/code/opengl'
[00] g++ *.cpp include/*.cpp -omain.o -lglfw3 -lGL -lpthread -ldl -lGLEW -lassimp
[00] Killing service
[00] ^Cmake[1]: *** [Makefile:4: build] Interrupt
[00] Starting service
[00] make[1]: Entering directory '/home/flejz/code/opengl'
[00] g++ *.cpp include/*.cpp -omain.o -lglfw3 -lGL -lpthread -ldl -lGLEW -lassimp
[00] Killing service
[00] ^Cmake[1]: *** [Makefile:4: build] Interrupt
[00] Starting service
[00] make[1]: Entering directory '/home/flejz/code/opengl'
[00] g++ *.cpp include/*.cpp -omain.o -lglfw3 -lGL -lpthread -ldl -lGLEW -lassimp
[00] Killing service
[00] ^Cmake[1]: *** [Makefile:4: build] Interrupt
[00] Starting service
[00] make[1]: Entering directory '/home/flejz/code/opengl'
[00] g++ *.cpp include/*.cpp -omain.o -lglfw3 -lGL -lpthread -ldl -lGLEW -lassimp
[00] Killing service
[00] ^Cmake[1]: *** [Makefile:4: build] Interrupt
[00] Starting service
[00] make[1]: Entering directory '/home/flejz/code/opengl'
[00] g++ *.cpp include/*.cpp -omain.o -lglfw3 -lGL -lpthread -ldl -lGLEW -lassimp
[00] Killing service
[00] ^Cmake[1]: *** [Makefile:4: build] Interrupt
[00] Starting service
[00] make[1]: Entering directory '/home/flejz/code/opengl'
[00] g++ *.cpp include/*.cpp -omain.o -lglfw3 -lGL -lpthread -ldl -lGLEW -lassimp
[00] Killing service
[00] ^Cmake[1]: *** [Makefile:4: build] Interrupt
[00] Starting service
[00] make[1]: Entering directory '/home/flejz/code/opengl'
[00] g++ *.cpp include/*.cpp -omain.o -lglfw3 -lGL -lpthread -ldl -lGLEW -lassimp
[00] Killing service
[00] ^Cmake[1]: *** [Makefile:4: build] Interrupt
[00] Starting service
[00] make[1]: Entering directory '/home/flejz/code/opengl'
[00] g++ *.cpp include/*.cpp -omain.o -lglfw3 -lGL -lpthread -ldl -lGLEW -lassimp
[00] Killing service
[00] ^Cmake[1]: *** [Makefile:4: build] Interrupt
[00] Starting service
[00] make[1]: Entering directory '/home/flejz/code/opengl'
[00] g++ *.cpp include/*.cpp -omain.o -lglfw3 -lGL -lpthread -ldl -lGLEW -lassimp
[00] Killing service
[00] ^Cmake[1]: *** [Makefile:4: build] Interrupt
[00] Starting service
[00] make[1]: Entering directory '/home/flejz/code/opengl'
[00] g++ *.cpp include/*.cpp -omain.o -lglfw3 -lGL -lpthread -ldl -lGLEW -lassimp
[00] Killing service
[00] ^Cmake[1]: *** [Makefile:4: build] Interrupt
[00] Starting service
[00] make[1]: Entering directory '/home/flejz/code/opengl'
[00] g++ *.cpp include/*.cpp -omain.o -lglfw3 -lGL -lpthread -ldl -lGLEW -lassimp
[00] Killing service
[00] ^Cmake[1]: *** [Makefile:4: build] Interrupt
[00] Starting service
[00] make[1]: Entering directory '/home/flejz/code/opengl'
[00] g++ *.cpp include/*.cpp -omain.o -lglfw3 -lGL -lpthread -ldl -lGLEW -lassimp
[00] Killing service
[00] ^Cmake[1]: *** [Makefile:4: build] Interrupt
[00] Starting service
[00] make[1]: Entering directory '/home/flejz/code/opengl'
[00] g++ *.cpp include/*.cpp -omain.o -lglfw3 -lGL -lpthread -ldl -lGLEW -lassimp
[00] Killing service
[00] ^Cmake[1]: *** [Makefile:4: build] Interrupt
[00] Starting service
[00] make[1]: Entering directory '/home/flejz/code/opengl'
[00] g++ *.cpp include/*.cpp -omain.o -lglfw3 -lGL -lpthread -ldl -lGLEW -lassimp
[00] Killing service
[00] ^Cmake[1]: *** [Makefile:4: build] Interrupt
[00] Starting service
[00] make[1]: Entering directory '/home/flejz/code/opengl'
[00] g++ *.cpp include/*.cpp -omain.o -lglfw3 -lGL -lpthread -ldl -lGLEW -lassimp
[00] Killing service
[00] ^Cmake[1]: *** [Makefile:4: build] Interrupt
[00] Starting service
[00] make[1]: Entering directory '/home/flejz/code/opengl'
[00] g++ *.cpp include/*.cpp -omain.o -lglfw3 -lGL -lpthread -ldl -lGLEW -lassimp
[00] Killing service
[00] ^Cmake[1]: *** [Makefile:4: build] Interrupt
[00] Starting service
[00] make[1]: Entering directory '/home/flejz/code/opengl'
[00] g++ *.cpp include/*.cpp -omain.o -lglfw3 -lGL -lpthread -ldl -lGLEW -lassimp
[00] Killing service
[00] ^Cmake[1]: *** [Makefile:4: build] Interrupt
[00] Starting service
[00] make[1]: Entering directory '/home/flejz/code/opengl'
[00] g++ *.cpp include/*.cpp -omain.o -lglfw3 -lGL -lpthread -ldl -lGLEW -lassimp
[00] Killing service
[00] ^Cmake[1]: *** [Makefile:4: build] Interrupt
[00] Starting service
[00] make[1]: Entering directory '/home/flejz/code/opengl'
[00] g++ *.cpp include/*.cpp -omain.o -lglfw3 -lGL -lpthread -ldl -lGLEW -lassimp
[00] Killing service
[00] ^Cmake[1]: *** [Makefile:4: build] Interrupt
[00] Starting service
[00] make[1]: Entering directory '/home/flejz/code/opengl'
[00] g++ *.cpp include/*.cpp -omain.o -lglfw3 -lGL -lpthread -ldl -lGLEW -lassimp
[00] Killing service
[00] ^Cmake[1]: *** [Makefile:4: build] Interrupt
[00] Starting service
[00] make[1]: Entering directory '/home/flejz/code/opengl'
[00] g++ *.cpp include/*.cpp -omain.o -lglfw3 -lGL -lpthread -ldl -lGLEW -lassimp
[00] Killing service
[00] ^Cmake[1]: *** [Makefile:4: build] Interrupt
[00] Starting service
[00] make[1]: Entering directory '/home/flejz/code/opengl'
[00] g++ *.cpp include/*.cpp -omain.o -lglfw3 -lGL -lpthread -ldl -lGLEW -lassimp
[00] Killing service
[00] ^Cmake[1]: *** [Makefile:4: build] Interrupt
[00] Starting service
[00] make[1]: Entering directory '/home/flejz/code/opengl'
[00] g++ *.cpp include/*.cpp -omain.o -lglfw3 -lGL -lpthread -ldl -lGLEW -lassimp
[00] Killing service
[00] ^Cmake[1]: *** [Makefile:4: build] Interrupt
[00] Starting service
[00] make[1]: Entering directory '/home/flejz/code/opengl'
[00] g++ *.cpp include/*.cpp -omain.o -lglfw3 -lGL -lpthread -ldl -lGLEW -lassimp
[00] Killing service
[00] ^Cmake[1]: *** [Makefile:4: build] Interrupt
[00] Starting service
[00] make[1]: Entering directory '/home/flejz/code/opengl'
[00] g++ *.cpp include/*.cpp -omain.o -lglfw3 -lGL -lpthread -ldl -lGLEW -lassimp
[00] Killing service
[00] ^Cmake[1]: *** [Makefile:4: build] Interrupt
[00] Starting service
[00] make[1]: Entering directory '/home/flejz/code/opengl'
[00] g++ *.cpp include/*.cpp -omain.o -lglfw3 -lGL -lpthread -ldl -lGLEW -lassimp
[00] Killing service
[00] ^Cmake[1]: *** [Makefile:4: build] Interrupt
[00] Starting service
[00] make[1]: Entering directory '/home/flejz/code/opengl'
[00] g++ *.cpp include/*.cpp -omain.o -lglfw3 -lGL -lpthread -ldl -lGLEW -lassimp
[00] Killing service
[00] ^Cmake[1]: *** [Makefile:4: build] Interrupt
[00] Starting service
[00] make[1]: Entering directory '/home/flejz/code/opengl'
[00] g++ *.cpp include/*.cpp -omain.o -lglfw3 -lGL -lpthread -ldl -lGLEW -lassimp
[00] Killing service
[00] ^Cmake[1]: *** [Makefile:4: build] Interrupt
[00] Starting service
[00] make[1]: Entering directory '/home/flejz/code/opengl'
[00] g++ *.cpp include/*.cpp -omain.o -lglfw3 -lGL -lpthread -ldl -lGLEW -lassimp
[00] Killing service
[00] ^Cmake[1]: *** [Makefile:4: build] Interrupt
[00] Starting service
[00] make[1]: Entering directory '/home/flejz/code/opengl'
[00] g++ *.cpp include/*.cpp -omain.o -lglfw3 -lGL -lpthread -ldl -lGLEW -lassimp
[00] Killing service
[00] ^Cmake[1]: *** [Makefile:4: build] Interrupt
[00] Starting service
[00] make[1]: Entering directory '/home/flejz/code/opengl'
[00] g++ *.cpp include/*.cpp -omain.o -lglfw3 -lGL -lpthread -ldl -lGLEW -lassimp
[00] Killing service
[00] ^Cmake[1]: *** [Makefile:4: build] Interrupt
[00] Starting service
[00] make[1]: Entering directory '/home/flejz/code/opengl'
[00] g++ *.cpp include/*.cpp -omain.o -lglfw3 -lGL -lpthread -ldl -lGLEW -lassimp
[00] Killing service
[00] ^Cmake[1]: *** [Makefile:4: build] Interrupt
[00] Starting service
[00] make[1]: Entering directory '/home/flejz/code/opengl'
[00] g++ *.cpp include/*.cpp -omain.o -lglfw3 -lGL -lpthread -ldl -lGLEW -lassimp
[00] Killing service
[00] ^Cmake[1]: *** [Makefile:4: build] Interrupt
[00] Starting service
[00] make[1]: Entering directory '/home/flejz/code/opengl'
[00] g++ *.cpp include/*.cpp -omain.o -lglfw3 -lGL -lpthread -ldl -lGLEW -lassimp
[00] Killing service
[00] ^Cmake[1]: *** [Makefile:4: build] Interrupt
[00] Starting service
[00] make[1]: Entering directory '/home/flejz/code/opengl'
[00] g++ *.cpp include/*.cpp -omain.o -lglfw3 -lGL -lpthread -ldl -lGLEW -lassimp
[00] Killing service
[00] ^Cmake[1]: *** [Makefile:4: build] Interrupt
[00] Starting service
[00] make[1]: Entering directory '/home/flejz/code/opengl'
[00] g++ *.cpp include/*.cpp -omain.o -lglfw3 -lGL -lpthread -ldl -lGLEW -lassimp
[00] Killing service
[00] ^Cmake[1]: *** [Makefile:4: build] Interrupt
[00] Starting service
[00] make[1]: Entering directory '/home/flejz/code/opengl'
[00] g++ *.cpp include/*.cpp -omain.o -lglfw3 -lGL -lpthread -ldl -lGLEW -lassimp
[00] Killing service
[00] ^Cmake[1]: *** [Makefile:4: build] Interrupt
[00] Starting service
[00] make[1]: Entering directory '/home/flejz/code/opengl'
[00] g++ *.cpp include/*.cpp -omain.o -lglfw3 -lGL -lpthread -ldl -lGLEW -lassimp
[00] Killing service
[00] ^Cmake[1]: *** [Makefile:4: build] Interrupt
[00] Starting service
[00] make[1]: Entering directory '/home/flejz/code/opengl'
[00] g++ *.cpp include/*.cpp -omain.o -lglfw3 -lGL -lpthread -ldl -lGLEW -lassimp
[00] Killing service
[00] ^Cmake[1]: *** [Makefile:4: build] Interrupt
[00] Starting service
[00] make[1]: Entering directory '/home/flejz/code/opengl'
[00] g++ *.cpp include/*.cpp -omain.o -lglfw3 -lGL -lpthread -ldl -lGLEW -lassimp
[00] Killing service
[00] ^Cmake[1]: *** [Makefile:4: build] Interrupt
[00] Starting service
[00] make[1]: Entering directory '/home/flejz/code/opengl'
[00] g++ *.cpp include/*.cpp -omain.o -lglfw3 -lGL -lpthread -ldl -lGLEW -lassimp
[00] Killing service
[00] ^Cmake[1]: *** [Makefile:4: build] Interrupt
[00] Starting service
[00] make[1]: Entering directory '/home/flejz/code/opengl'
[00] g++ *.cpp include/*.cpp -omain.o -lglfw3 -lGL -lpthread -ldl -lGLEW -lassimp
[00] Killing service
[00] ^Cmake[1]: *** [Makefile:4: build] Interrupt
[00] Starting service
[00] make[1]: Entering directory '/home/flejz/code/opengl'
[00] g++ *.cpp include/*.cpp -omain.o -lglfw3 -lGL -lpthread -ldl -lGLEW -lassimp
[00] Killing service
[00] ^Cmake[1]: *** [Makefile:4: build] Interrupt
[00] Starting service
[00] make[1]: Entering directory '/home/flejz/code/opengl'
[00] g++ *.cpp include/*.cpp -omain.o -lglfw3 -lGL -lpthread -ldl -lGLEW -lassimp
[00] Killing service
[00] ^Cmake[1]: *** [Makefile:4: build] Interrupt
[00] Starting service
[00] make[1]: Entering directory '/home/flejz/code/opengl'
[00] g++ *.cpp include/*.cpp -omain.o -lglfw3 -lGL -lpthread -ldl -lGLEW -lassimp
[00] Killing service
[00] ^Cmake[1]: *** [Makefile:4: build] Interrupt
[00] Starting service
[00] make[1]: Entering directory '/home/flejz/code/opengl'
[00] g++ *.cpp include/*.cpp -omain.o -lglfw3 -lGL -lpthread -ldl -lGLEW -lassimp
[00] Killing service
[00] ^Cmake[1]: *** [Makefile:4: build] Interrupt
[00] Starting service
[00] make[1]: Entering directory '/home/flejz/code/opengl'
[00] g++ *.cpp include/*.cpp -omain.o -lglfw3 -lGL -lpthread -ldl -lGLEW -lassimp
[00] Killing service
[00] ^Cmake[1]: *** [Makefile:4: build] Interrupt
[00] Starting service
[00] make[1]: Entering directory '/home/flejz/code/opengl'
[00] g++ *.cpp include/*.cpp -omain.o -lglfw3 -lGL -lpthread -ldl -lGLEW -lassimp
[00] Killing service
[00] ^Cmake[1]: *** [Makefile:4: build] Interrupt
[00] Starting service
[00] make[1]: Entering directory '/home/flejz/code/opengl'
[00] g++ *.cpp include/*.cpp -omain.o -lglfw3 -lGL -lpthread -ldl -lGLEW -lassimp
[00] Killing service
[00] ^Cmake[1]: *** [Makefile:4: build] Interrupt
[00] Starting service
[00] make[1]: Entering directory '/home/flejz/code/opengl'
[00] g++ *.cpp include/*.cpp -omain.o -lglfw3 -lGL -lpthread -ldl -lGLEW -lassimp
[00] Killing service
[00] ^Cmake[1]: *** [Makefile:4: build] Interrupt
[00] Starting service
[00] make[1]: Entering directory '/home/flejz/code/opengl'
[00] g++ *.cpp include/*.cpp -omain.o -lglfw3 -lGL -lpthread -ldl -lGLEW -lassimp
[00] Killing service
[00] ^Cmake[1]: *** [Makefile:4: build] Interrupt
[00] Starting service
[00] make[1]: Entering directory '/home/flejz/code/opengl'
[00] g++ *.cpp include/*.cpp -omain.o -lglfw3 -lGL -lpthread -ldl -lGLEW -lassimp
[00] Killing service
[00] ^Cmake[1]: *** [Makefile:4: build] Interrupt
[00] Starting service
[00] make[1]: Entering directory '/home/flejz/code/opengl'
[00] g++ *.cpp include/*.cpp -omain.o -lglfw3 -lGL -lpthread -ldl -lGLEW -lassimp
[00] Killing service
[00] ^Cmake[1]: *** [Makefile:4: build] Interrupt
[00] Starting service
[00] make[1]: Entering directory '/home/flejz/code/opengl'
[00] g++ *.cpp include/*.cpp -omain.o -lglfw3 -lGL -lpthread -ldl -lGLEW -lassimp
[00] Killing service
[00] ^Cmake[1]: *** [Makefile:4: build] Interrupt
[00] Starting service
[00] make[1]: Entering directory '/home/flejz/code/opengl'
[00] g++ *.cpp include/*.cpp -omain.o -lglfw3 -lGL -lpthread -ldl -lGLEW -lassimp
[00] Killing service
[00] ^Cmake[1]: *** [Makefile:4: build] Interrupt
[00] Starting service
[00] make[1]: Entering directory '/home/flejz/code/opengl'
[00] g++ *.cpp include/*.cpp -omain.o -lglfw3 -lGL -lpthread -ldl -lGLEW -lassimp
[00] Killing service
[00] ^Cmake[1]: *** [Makefile:4: build] Interrupt
[00] Starting service
[00] make[1]: Entering directory '/home/flejz/code/opengl'
[00] g++ *.cpp include/*.cpp -omain.o -lglfw3 -lGL -lpthread -ldl -lGLEW -lassimp
[00] Killing service
[00] ^Cmake[1]: *** [Makefile:4: build] Interrupt
[00] Starting service
[00] make[1]: Entering directory '/home/flejz/code/opengl'
[00] g++ *.cpp include/*.cpp -omain.o -lglfw3 -lGL -lpthread -ldl -lGLEW -lassimp
[00] Killing service
[00] ^Cmake[1]: *** [Makefile:4: build] Interrupt
[00] Starting service
[00] make[1]: Entering directory '/home/flejz/code/opengl'
[00] g++ *.cpp include/*.cpp -omain.o -lglfw3 -lGL -lpthread -ldl -lGLEW -lassimp
[00] Killing service
[00] ^Cmake[1]: *** [Makefile:4: build] Interrupt
[00] Starting service
[00] make[1]: Entering directory '/home/flejz/code/opengl'
[00] g++ *.cpp include/*.cpp -omain.o -lglfw3 -lGL -lpthread -ldl -lGLEW -lassimp
[00] Killing service
[00] ^Cmake[1]: *** [Makefile:4: build] Interrupt
[00] Starting service
[00] make[1]: Entering directory '/home/flejz/code/opengl'
[00] g++ *.cpp include/*.cpp -omain.o -lglfw3 -lGL -lpthread -ldl -lGLEW -lassimp
[00] Killing service
[00] ^Cmake[1]: *** [Makefile:4: build] Interrupt
[00] Starting service
[00] make[1]: Entering directory '/home/flejz/code/opengl'
[00] g++ *.cpp include/*.cpp -omain.o -lglfw3 -lGL -lpthread -ldl -lGLEW -lassimp
[00] Killing service
[00] ^Cmake[1]: *** [Makefile:4: build] Interrupt
[00] Starting service
[00] make[1]: Entering directory '/home/flejz/code/opengl'
[00] g++ *.cpp include/*.cpp -omain.o -lglfw3 -lGL -lpthread -ldl -lGLEW -lassimp
[00] Killing service
[00] ^Cmake[1]: *** [Makefile:4: build] Interrupt
[00] Starting service
[00] make[1]: Entering directory '/home/flejz/code/opengl'
[00] g++ *.cpp include/*.cpp -omain.o -lglfw3 -lGL -lpthread -ldl -lGLEW -lassimp
[00] Killing service
[00] ^Cmake[1]: *** [Makefile:4: build] Interrupt
[00] Starting service
[00] make[1]: Entering directory '/home/flejz/code/opengl'
[00] g++ *.cpp include/*.cpp -omain.o -lglfw3 -lGL -lpthread -ldl -lGLEW -lassimp
[00] Killing service
[00] ^Cmake[1]: *** [Makefile:4: build] Interrupt
[00] Starting service
[00] make[1]: Entering directory '/home/flejz/code/opengl'
[00] g++ *.cpp include/*.cpp -omain.o -lglfw3 -lGL -lpthread -ldl -lGLEW -lassimp
[00] Killing service
[00] ^Cmake[1]: *** [Makefile:4: build] Interrupt
[00] Starting service
[00] make[1]: Entering directory '/home/flejz/code/opengl'
[00] g++ *.cpp include/*.cpp -omain.o -lglfw3 -lGL -lpthread -ldl -lGLEW -lassimp
[00] Killing service
[00] ^Cmake[1]: *** [Makefile:4: build] Interrupt
[00] Starting service
[00] make[1]: Entering directory '/home/flejz/code/opengl'
[00] g++ *.cpp include/*.cpp -omain.o -lglfw3 -lGL -lpthread -ldl -lGLEW -lassimp
[00] Killing service
[00] ^Cmake[1]: *** [Makefile:4: build] Interrupt
[00] Starting service
[00] make[1]: Entering directory '/home/flejz/code/opengl'
[00] g++ *.cpp include/*.cpp -omain.o -lglfw3 -lGL -lpthread -ldl -lGLEW -lassimp
[00] Killing service
[00] ^Cmake[1]: *** [Makefile:4: build] Interrupt
[00] Starting service
[00] make[1]: Entering directory '/home/flejz/code/opengl'
[00] g++ *.cpp include/*.cpp -omain.o -lglfw3 -lGL -lpthread -ldl -lGLEW -lassimp
[00] Killing service
[00] ^Cmake[1]: *** [Makefile:4: build] Interrupt
[00] Starting service
[00] make[1]: Entering directory '/home/flejz/code/opengl'
[00] g++ *.cpp include/*.cpp -omain.o -lglfw3 -lGL -lpthread -ldl -lGLEW -lassimp
[00] Killing service
[00] ^Cmake[1]: *** [Makefile:4: build] Interrupt
[00] Starting service
[00] make[1]: Entering directory '/home/flejz/code/opengl'
[00] g++ *.cpp include/*.cpp -omain.o -lglfw3 -lGL -lpthread -ldl -lGLEW -lassimp
[00] Killing service
[00] ^Cmake[1]: *** [Makefile:4: build] Interrupt
[00] Starting service
[00] make[1]: Entering directory '/home/flejz/code/opengl'
[00] g++ *.cpp include/*.cpp -omain.o -lglfw3 -lGL -lpthread -ldl -lGLEW -lassimp
[00] Killing service
[00] ^Cmake[1]: *** [Makefile:4: build] Interrupt
[00] Starting service
[00] make[1]: Entering directory '/home/flejz/code/opengl'
[00] g++ *.cpp include/*.cpp -omain.o -lglfw3 -lGL -lpthread -ldl -lGLEW -lassimp
[00] Killing service
[00] ^Cmake[1]: *** [Makefile:4: build] Interrupt
[00] Starting service
[00] make[1]: Entering directory '/home/flejz/code/opengl'
[00] g++ *.cpp include/*.cpp -omain.o -lglfw3 -lGL -lpthread -ldl -lGLEW -lassimp
[00] Killing service
[00] ^Cmake[1]: *** [Makefile:4: build] Interrupt
[00] Starting service
[00] make[1]: Entering directory '/home/flejz/code/opengl'
[00] g++ *.cpp include/*.cpp -omain.o -lglfw3 -lGL -lpthread -ldl -lGLEW -lassimp
[00] Killing service
[00] ^Cmake[1]: *** [Makefile:4: build] Interrupt
[00] Starting service
[00] make[1]: Entering directory '/home/flejz/code/opengl'
[00] g++ *.cpp include/*.cpp -omain.o -lglfw3 -lGL -lpthread -ldl -lGLEW -lassimp
[00] Killing service
[00] ^Cmake[1]: *** [Makefile:4: build] Interrupt
[00] Starting service
[00] make[1]: Entering directory '/home/flejz/code/opengl'
[00] g++ *.cpp include/*.cpp -omain.o -lglfw3 -lGL -lpthread -ldl -lGLEW -lassimp
[00] Killing service
[00] ^Cmake[1]: *** [Makefile:4: build] Interrupt
[00] Starting service
[00] make[1]: Entering directory '/home/flejz/code/opengl'
[00] g++ *.cpp include/*.cpp -omain.o -lglfw3 -lGL -lpthread -ldl -lGLEW -lassimp
[00] Killing service
[00] ^Cmake[1]: *** [Makefile:4: build] Interrupt
[00] Starting service
[00] make[1]: Entering directory '/home/flejz/code/opengl'
[00] g++ *.cpp include/*.cpp -omain.o -lglfw3 -lGL -lpthread -ldl -lGLEW -lassimp
[00] Killing service
[00] ^Cmake[1]: *** [Makefile:4: build] Interrupt
[00] Starting service
[00] make[1]: Entering directory '/home/flejz/code/opengl'
[00] g++ *.cpp include/*.cpp -omain.o -lglfw3 -lGL -lpthread -ldl -lGLEW -lassimp
[00] Killing service
[00] ^Cmake[1]: *** [Makefile:4: build] Interrupt
[00] Starting service
[00] make[1]: Entering directory '/home/flejz/code/opengl'
[00] g++ *.cpp include/*.cpp -omain.o -lglfw3 -lGL -lpthread -ldl -lGLEW -lassimp
[00] Killing service
[00] ^Cmake[1]: *** [Makefile:4: build] Interrupt
[00] Starting service
[00] make[1]: Entering directory '/home/flejz/code/opengl'
[00] g++ *.cpp include/*.cpp -omain.o -lglfw3 -lGL -lpthread -ldl -lGLEW -lassimp
[00] Killing service
[00] ^Cmake[1]: *** [Makefile:4: build] Interrupt
[00] Starting service
[00] make[1]: Entering directory '/home/flejz/code/opengl'
[00] g++ *.cpp include/*.cpp -omain.o -lglfw3 -lGL -lpthread -ldl -lGLEW -lassimp
[00] Killing service
[00] ^Cmake[1]: *** [Makefile:4: build] Interrupt
[00] Starting service
[00] make[1]: Entering directory '/home/flejz/code/opengl'
[00] g++ *.cpp include/*.cpp -omain.o -lglfw3 -lGL -lpthread -ldl -lGLEW -lassimp
[00] Killing service
[00] ^Cmake[1]: *** [Makefile:4: build] Interrupt
[00] Starting service
[00] make[1]: Entering directory '/home/flejz/code/opengl'
[00] g++ *.cpp include/*.cpp -omain.o -lglfw3 -lGL -lpthread -ldl -lGLEW -lassimp
[00] Killing service
[00] ^Cmake[1]: *** [Makefile:4: build] Interrupt
[00] Starting service
[00] make[1]: Entering directory '/home/flejz/code/opengl'
[00] g++ *.cpp include/*.cpp -omain.o -lglfw3 -lGL -lpthread -ldl -lGLEW -lassimp
[00] Killing service
[00] ^Cmake[1]: *** [Makefile:4: build] Interrupt
[00] Starting service
[00] make[1]: Entering directory '/home/flejz/code/opengl'
[00] g++ *.cpp include/*.cpp -omain.o -lglfw3 -lGL -lpthread -ldl -lGLEW -lassimp
[00] Killing service
[00] ^Cmake[1]: *** [Makefile:4: build] Interrupt
[00] Starting service
[00] make[1]: Entering directory '/home/flejz/code/opengl'
[00] g++ *.cpp include/*.cpp -omain.o -lglfw3 -lGL -lpthread -ldl -lGLEW -lassimp
[00] Killing service
[00] ^Cmake[1]: *** [Makefile:4: build] Interrupt
[00] Starting service
[00] make[1]: Entering directory '/home/flejz/code/opengl'
[00] g++ *.cpp include/*.cpp -omain.o -lglfw3 -lGL -lpthread -ldl -lGLEW -lassimp
[00] Killing service
[00] ^Cmake[1]: *** [Makefile:4: build] Interrupt
[00] Starting service
[00] make[1]: Entering directory '/home/flejz/code/opengl'
[00] g++ *.cpp include/*.cpp -omain.o -lglfw3 -lGL -lpthread -ldl -lGLEW -lassimp
[00] Killing service
[00] ^Cmake[1]: *** [Makefile:4: build] Interrupt
[00] Starting service
[00] make[1]: Entering directory '/home/flejz/code/opengl'
[00] g++ *.cpp include/*.cpp -omain.o -lglfw3 -lGL -lpthread -ldl -lGLEW -lassimp
[00] Killing service
[00] ^Cmake[1]: *** [Makefile:4: build] Interrupt
[00] Starting service
[00] make[1]: Entering directory '/home/flejz/code/opengl'
[00] g++ *.cpp include/*.cpp -omain.o -lglfw3 -lGL -lpthread -ldl -lGLEW -lassimp
[00] Killing service
[00] ^Cmake[1]: *** [Makefile:4: build] Interrupt
[00] Starting service
[00] make[1]: Entering directory '/home/flejz/code/opengl'
[00] g++ *.cpp include/*.cpp -omain.o -lglfw3 -lGL -lpthread -ldl -lGLEW -lassimp
[00] Killing service
[00] ^Cmake[1]: *** [Makefile:4: build] Interrupt
[00] Starting service
[00] make[1]: Entering directory '/home/flejz/code/opengl'
[00] g++ *.cpp include/*.cpp -omain.o -lglfw3 -lGL -lpthread -ldl -lGLEW -lassimp
[00] Killing service
[00] ^Cmake[1]: *** [Makefile:4: build] Interrupt
[00] Starting service
[00] make[1]: Entering directory '/home/flejz/code/opengl'
[00] g++ *.cpp include/*.cpp -omain.o -lglfw3 -lGL -lpthread -ldl -lGLEW -lassimp
[00] Killing service
[00] ^Cmake[1]: *** [Makefile:4: build] Interrupt
[00] Starting service
[00] make[1]: Entering directory '/home/flejz/code/opengl'
[00] g++ *.cpp include/*.cpp -omain.o -lglfw3 -lGL -lpthread -ldl -lGLEW -lassimp
[00] Killing service
[00] ^Cmake[1]: *** [Makefile:4: build] Interrupt
[00] Starting service
[00] make[1]: Entering directory '/home/flejz/code/opengl'
[00] g++ *.cpp include/*.cpp -omain.o -lglfw3 -lGL -lpthread -ldl -lGLEW -lassimp
[00] Killing service
[00] ^Cmake[1]: *** [Makefile:4: build] Interrupt
[00] Starting service
[00] make[1]: Entering directory '/home/flejz/code/opengl'
[00] g++ *.cpp include/*.cpp -omain.o -lglfw3 -lGL -lpthread -ldl -lGLEW -lassimp
[00] Killing service
[00] ^Cmake[1]: *** [Makefile:4: build] Interrupt
[00] Starting service
[00] make[1]: Entering directory '/home/flejz/code/opengl'
[00] g++ *.cpp include/*.cpp -omain.o -lglfw3 -lGL -lpthread -ldl -lGLEW -lassimp
[00] Killing service
[00] ^Cmake[1]: *** [Makefile:4: build] Interrupt
[00] Starting service
[00] make[1]: Entering directory '/home/flejz/code/opengl'
[00] g++ *.cpp include/*.cpp -omain.o -lglfw3 -lGL -lpthread -ldl -lGLEW -lassimp
[00] Killing service
[00] ^Cmake[1]: *** [Makefile:4: build] Interrupt
[00] Starting service
[00] make[1]: Entering directory '/home/flejz/code/opengl'
[00] g++ *.cpp include/*.cpp -omain.o -lglfw3 -lGL -lpthread -ldl -lGLEW -lassimp
[00] Killing service
[00] ^Cmake[1]: *** [Makefile:4: build] Interrupt
[00] Starting service
[00] make[1]: Entering directory '/home/flejz/code/opengl'
[00] g++ *.cpp include/*.cpp -omain.o -lglfw3 -lGL -lpthread -ldl -lGLEW -lassimp
[00] Killing service
[00] ^Cmake[1]: *** [Makefile:4: build] Interrupt
[00] Starting service
[00] make[1]: Entering directory '/home/flejz/code/opengl'
[00] g++ *.cpp include/*.cpp -omain.o -lglfw3 -lGL -lpthread -ldl -lGLEW -lassimp
[00] Killing service
[00] ^Cmake[1]: *** [Makefile:4: build] Interrupt
[00] Starting service
[00] make[1]: Entering directory '/home/flejz/code/opengl'
[00] g++ *.cpp include/*.cpp -omain.o -lglfw3 -lGL -lpthread -ldl -lGLEW -lassimp
[00] Killing service
[00] ^Cmake[1]: *** [Makefile:4: build] Interrupt
[00] Starting service
[00] make[1]: Entering directory '/home/flejz/code/opengl'
[00] g++ *.cpp include/*.cpp -omain.o -lglfw3 -lGL -lpthread -ldl -lGLEW -lassimp
[00] Killing service
[00] ^Cmake[1]: *** [Makefile:4: build] Interrupt
[00] Starting service
[00] make[1]: Entering directory '/home/flejz/code/opengl'
[00] g++ *.cpp include/*.cpp -omain.o -lglfw3 -lGL -lpthread -ldl -lGLEW -lassimp
[00] Killing service
[00] ^Cmake[1]: *** [Makefile:4: build] Interrupt
[00] Starting service
[00] make[1]: Entering directory '/home/flejz/code/opengl'
[00] g++ *.cpp include/*.cpp -omain.o -lglfw3 -lGL -lpthread -ldl -lGLEW -lassimp
[00] Killing service
[00] ^Cmake[1]: *** [Makefile:4: build] Interrupt
[00] Starting service
[00] make[1]: Entering directory '/home/flejz/code/opengl'
[00] g++ *.cpp include/*.cpp -omain.o -lglfw3 -lGL -lpthread -ldl -lGLEW -lassimp
[00] Killing service
[00] ^Cmake[1]: *** [Makefile:4: build] Interrupt
[00] Starting service
[00] make[1]: Entering directory '/home/flejz/code/opengl'
[00] g++ *.cpp include/*.cpp -omain.o -lglfw3 -lGL -lpthread -ldl -lGLEW -lassimp
[00] Killing service
[00] ^Cmake[1]: *** [Makefile:4: build] Interrupt
[00] Starting service
[00] make[1]: Entering directory '/home/flejz/code/opengl'
[00] g++ *.cpp include/*.cpp -omain.o -lglfw3 -lGL -lpthread -ldl -lGLEW -lassimp
[00] Killing service
[00] ^Cmake[1]: *** [Makefile:4: build] Interrupt
[00] Starting service
[00] make[1]: Entering directory '/home/flejz/code/opengl'
[00] g++ *.cpp include/*.cpp -omain.o -lglfw3 -lGL -lpthread -ldl -lGLEW -lassimp
[00] Killing service
[00] ^Cmake[1]: *** [Makefile:4: build] Interrupt
[00] Starting service
[00] make[1]: Entering directory '/home/flejz/code/opengl'
[00] g++ *.cpp include/*.cpp -omain.o -lglfw3 -lGL -lpthread -ldl -lGLEW -lassimp
[00] Killing service
[00] ^Cmake[1]: *** [Makefile:4: build] Interrupt
[00] Starting service
[00] make[1]: Entering directory '/home/flejz/code/opengl'
[00] g++ *.cpp include/*.cpp -omain.o -lglfw3 -lGL -lpthread -ldl -lGLEW -lassimp
[00] Killing service
[00] ^Cmake[1]: *** [Makefile:4: build] Interrupt
[00] Starting service
[00] make[1]: Entering directory '/home/flejz/code/opengl'
[00] g++ *.cpp include/*.cpp -omain.o -lglfw3 -lGL -lpthread -ldl -lGLEW -lassimp
[00] Killing service
[00] ^Cmake[1]: *** [Makefile:4: build] Interrupt
[00] Starting service
[00] make[1]: Entering directory '/home/flejz/code/opengl'
[00] g++ *.cpp include/*.cpp -omain.o -lglfw3 -lGL -lpthread -ldl -lGLEW -lassimp
[00] Killing service
[00] ^Cmake[1]: *** [Makefile:4: build] Interrupt
[00] Starting service
[00] make[1]: Entering directory '/home/flejz/code/opengl'
[00] g++ *.cpp include/*.cpp -omain.o -lglfw3 -lGL -lpthread -ldl -lGLEW -lassimp
[00] Killing service
[00] ^Cmake[1]: *** [Makefile:4: build] Interrupt
[00] Starting service
[00] make[1]: Entering directory '/home/flejz/code/opengl'
[00] g++ *.cpp include/*.cpp -omain.o -lglfw3 -lGL -lpthread -ldl -lGLEW -lassimp
[00] Killing service
[00] ^Cmake[1]: *** [Makefile:4: build] Interrupt
[00] Starting service
[00] make[1]: Entering directory '/home/flejz/code/opengl'
[00] g++ *.cpp include/*.cpp -omain.o -lglfw3 -lGL -lpthread -ldl -lGLEW -lassimp
[00] Killing service
[00] ^Cmake[1]: *** [Makefile:4: build] Interrupt
[00] Starting service
[00] make[1]: Entering directory '/home/flejz/code/opengl'
[00] g++ *.cpp include/*.cpp -omain.o -lglfw3 -lGL -lpthread -ldl -lGLEW -lassimp
[00] Killing service
[00] ^Cmake[1]: *** [Makefile:4: build] Interrupt
[00] Starting service
[00] make[1]: Entering directory '/home/flejz/code/opengl'
[00] g++ *.cpp include/*.cpp -omain.o -lglfw3 -lGL -lpthread -ldl -lGLEW -lassimp
[00] Killing service
[00] ^Cmake[1]: *** [Makefile:4: build] Interrupt
[00] Starting service
[00] make[1]: Entering directory '/home/flejz/code/opengl'
[00] g++ *.cpp include/*.cpp -omain.o -lglfw3 -lGL -lpthread -ldl -lGLEW -lassimp
[00] Killing service
[00] ^Cmake[1]: *** [Makefile:4: build] Interrupt
[00] Starting service
[00] make[1]: Entering directory '/home/flejz/code/opengl'
[00] g++ *.cpp include/*.cpp -omain.o -lglfw3 -lGL -lpthread -ldl -lGLEW -lassimp
[00] Killing service
[00] ^Cmake[1]: *** [Makefile:4: build] Interrupt
[00] Starting service
[00] make[1]: Entering directory '/home/flejz/code/opengl'
[00] g++ *.cpp include/*.cpp -omain.o -lglfw3 -lGL -lpthread -ldl -lGLEW -lassimp
[00] Killing service
[00] ^Cmake[1]: *** [Makefile:4: build] Interrupt
[00] Starting service
[00] make[1]: Entering directory '/home/flejz/code/opengl'
[00] g++ *.cpp include/*.cpp -omain.o -lglfw3 -lGL -lpthread -ldl -lGLEW -lassimp
[00] Killing service
[00] ^Cmake[1]: *** [Makefile:4: build] Interrupt
[00] Starting service
[00] make[1]: Entering directory '/home/flejz/code/opengl'
[00] g++ *.cpp include/*.cpp -omain.o -lglfw3 -lGL -lpthread -ldl -lGLEW -lassimp
[00] Killing service
[00] ^Cmake[1]: *** [Makefile:4: build] Interrupt
[00] Starting service
[00] make[1]: Entering directory '/home/flejz/code/opengl'
[00] g++ *.cpp include/*.cpp -omain.o -lglfw3 -lGL -lpthread -ldl -lGLEW -lassimp
[00] Killing service
[00] ^Cmake[1]: *** [Makefile:4: build] Interrupt
[00] Starting service
[00] make[1]: Entering directory '/home/flejz/code/opengl'
[00] g++ *.cpp include/*.cpp -omain.o -lglfw3 -lGL -lpthread -ldl -lGLEW -lassimp
[00] Killing service
[00] ^Cmake[1]: *** [Makefile:4: build] Interrupt
[00] Starting service
[00] make[1]: Entering directory '/home/flejz/code/opengl'
[00] g++ *.cpp include/*.cpp -omain.o -lglfw3 -lGL -lpthread -ldl -lGLEW -lassimp
[00] Killing service
[00] ^Cmake[1]: *** [Makefile:4: build] Interrupt
[00] Starting service
[00] make[1]: Entering directory '/home/flejz/code/opengl'
[00] g++ *.cpp include/*.cpp -omain.o -lglfw3 -lGL -lpthread -ldl -lGLEW -lassimp
[00] Killing service
[00] ^Cmake[1]: *** [Makefile:4: build] Interrupt
[00] Starting service
[00] make[1]: Entering directory '/home/flejz/code/opengl'
[00] g++ *.cpp include/*.cpp -omain.o -lglfw3 -lGL -lpthread -ldl -lGLEW -lassimp
[00] Killing service
[00] ^Cmake[1]: *** [Makefile:4: build] Interrupt
[00] Starting service
[00] make[1]: Entering directory '/home/flejz/code/opengl'
[00] g++ *.cpp include/*.cpp -omain.o -lglfw3 -lGL -lpthread -ldl -lGLEW -lassimp
[00] Killing service
[00] ^Cmake[1]: *** [Makefile:4: build] Interrupt
[00] Starting service
[00] make[1]: Entering directory '/home/flejz/code/opengl'
[00] g++ *.cpp include/*.cpp -omain.o -lglfw3 -lGL -lpthread -ldl -lGLEW -lassimp
[00] Killing service
[00] ^Cmake[1]: *** [Makefile:4: build] Interrupt
[00] Starting service
[00] make[1]: Entering directory '/home/flejz/code/opengl'
[00] g++ *.cpp include/*.cpp -omain.o -lglfw3 -lGL -lpthread -ldl -lGLEW -lassimp
[00] Killing service
[00] ^Cmake[1]: *** [Makefile:4: build] Interrupt
[00] Starting service
[00] make[1]: Entering directory '/home/flejz/code/opengl'
[00] g++ *.cpp include/*.cpp -omain.o -lglfw3 -lGL -lpthread -ldl -lGLEW -lassimp
[00] Killing service
[00] ^Cmake[1]: *** [Makefile:4: build] Interrupt
[00] Starting service
[00] make[1]: Entering directory '/home/flejz/code/opengl'
[00] g++ *.cpp include/*.cpp -omain.o -lglfw3 -lGL -lpthread -ldl -lGLEW -lassimp
[00] Killing service
[00] ^Cmake[1]: *** [Makefile:4: build] Interrupt
[00] Starting service
[00] make[1]: Entering directory '/home/flejz/code/opengl'
[00] g++ *.cpp include/*.cpp -omain.o -lglfw3 -lGL -lpthread -ldl -lGLEW -lassimp
[00] Killing service
[00] ^Cmake[1]: *** [Makefile:4: build] Interrupt
[00] Starting service
[00] make[1]: Entering directory '/home/flejz/code/opengl'
[00] g++ *.cpp include/*.cpp -omain.o -lglfw3 -lGL -lpthread -ldl -lGLEW -lassimp
[00] Killing service
[00] ^Cmake[1]: *** [Makefile:4: build] Interrupt
[00] Starting service
[00] make[1]: Entering directory '/home/flejz/code/opengl'
[00] g++ *.cpp include/*.cpp -omain.o -lglfw3 -lGL -lpthread -ldl -lGLEW -lassimp
[00] Killing service
[00] ^Cmake[1]: *** [Makefile:4: build] Interrupt
[00] Starting service
[00] make[1]: Entering directory '/home/flejz/code/opengl'
[00] g++ *.cpp include/*.cpp -omain.o -lglfw3 -lGL -lpthread -ldl -lGLEW -lassimp
[00] Killing service
[00] ^Cmake[1]: *** [Makefile:4: build] Interrupt
[00] Starting service
[00] make[1]: Entering directory '/home/flejz/code/opengl'
[00] g++ *.cpp include/*.cpp -omain.o -lglfw3 -lGL -lpthread -ldl -lGLEW -lassimp
[00] Killing service
[00] ^Cmake[1]: *** [Makefile:4: build] Interrupt
[00] Starting service
[00] make[1]: Entering directory '/home/flejz/code/opengl'
[00] g++ *.cpp include/*.cpp -omain.o -lglfw3 -lGL -lpthread -ldl -lGLEW -lassimp
[00] Killing service
[00] ^Cmake[1]: *** [Makefile:4: build] Interrupt
[00] Starting service
[00] make[1]: Entering directory '/home/flejz/code/opengl'
[00] g++ *.cpp include/*.cpp -omain.o -lglfw3 -lGL -lpthread -ldl -lGLEW -lassimp
[00] Killing service
[00] ^Cmake[1]: *** [Makefile:4: build] Interrupt
[00] Starting service
[00] make[1]: Entering directory '/home/flejz/code/opengl'
[00] g++ *.cpp include/*.cpp -omain.o -lglfw3 -lGL -lpthread -ldl -lGLEW -lassimp
[00] Killing service
[00] ^Cmake[1]: *** [Makefile:4: build] Interrupt
[00] Starting service
[00] make[1]: Entering directory '/home/flejz/code/opengl'
[00] g++ *.cpp include/*.cpp -omain.o -lglfw3 -lGL -lpthread -ldl -lGLEW -lassimp
[00] Killing service
[00] ^Cmake[1]: *** [Makefile:4: build] Interrupt
[00] Starting service
[00] make[1]: Entering directory '/home/flejz/code/opengl'
[00] g++ *.cpp include/*.cpp -omain.o -lglfw3 -lGL -lpthread -ldl -lGLEW -lassimp
[00] Killing service
[00] ^Cmake[1]: *** [Makefile:4: build] Interrupt
[00] Starting service
[00] make[1]: Entering directory '/home/flejz/code/opengl'
[00] g++ *.cpp include/*.cpp -omain.o -lglfw3 -lGL -lpthread -ldl -lGLEW -lassimp
[00] Killing service
[00] ^Cmake[1]: *** [Makefile:4: build] Interrupt
[00] Starting service
[00] make[1]: Entering directory '/home/flejz/code/opengl'
[00] g++ *.cpp include/*.cpp -omain.o -lglfw3 -lGL -lpthread -ldl -lGLEW -lassimp
[00] Killing service
[00] ^Cmake[1]: *** [Makefile:4: build] Interrupt
[00] Starting service
[00] make[1]: Entering directory '/home/flejz/code/opengl'
[00] g++ *.cpp include/*.cpp -omain.o -lglfw3 -lGL -lpthread -ldl -lGLEW -lassimp
[00] Killing service
[00] ^Cmake[1]: *** [Makefile:4: build] Interrupt
[00] Starting service
[00] make[1]: Entering directory '/home/flejz/code/opengl'
[00] g++ *.cpp include/*.cpp -omain.o -lglfw3 -lGL -lpthread -ldl -lGLEW -lassimp
[00] Killing service
[00] ^Cmake[1]: *** [Makefile:4: build] Interrupt
[00] Starting service
[00] make[1]: Entering directory '/home/flejz/code/opengl'
[00] g++ *.cpp include/*.cpp -omain.o -lglfw3 -lGL -lpthread -ldl -lGLEW -lassimp
[00] Killing service
[00] ^Cmake[1]: *** [Makefile:4: build] Interrupt
[00] Starting service
[00] make[1]: Entering directory '/home/flejz/code/opengl'
[00] g++ *.cpp include/*.cpp -omain.o -lglfw3 -lGL -lpthread -ldl -lGLEW -lassimp
[00] Killing service
[00] ^Cmake[1]: *** [Makefile:4: build] Interrupt
[00] Starting service
[00] make[1]: Entering directory '/home/flejz/code/opengl'
[00] g++ *.cpp include/*.cpp -omain.o -lglfw3 -lGL -lpthread -ldl -lGLEW -lassimp
[00] Killing service
[00] ^Cmake[1]: *** [Makefile:4: build] Interrupt
[00] Starting service
[00] make[1]: Entering directory '/home/flejz/code/opengl'
[00] g++ *.cpp include/*.cpp -omain.o -lglfw3 -lGL -lpthread -ldl -lGLEW -lassimp
[00] Killing service
[00] ^Cmake[1]: *** [Makefile:4: build] Interrupt
[00] Starting service
[00] make[1]: Entering directory '/home/flejz/code/opengl'
[00] g++ *.cpp include/*.cpp -omain.o -lglfw3 -lGL -lpthread -ldl -lGLEW -lassimp
[00] Killing service
[00] ^Cmake[1]: *** [Makefile:4: build] Interrupt
[00] Starting service
[00] make[1]: Entering directory '/home/flejz/code/opengl'
[00] g++ *.cpp include/*.cpp -omain.o -lglfw3 -lGL -lpthread -ldl -lGLEW -lassimp
[00] Killing service
[00] ^Cmake[1]: *** [Makefile:4: build] Interrupt
[00] Starting service
[00] make[1]: Entering directory '/home/flejz/code/opengl'
[00] g++ *.cpp include/*.cpp -omain.o -lglfw3 -lGL -lpthread -ldl -lGLEW -lassimp
[00] Killing service
[00] ^Cmake[1]: *** [Makefile:4: build] Interrupt
[00] Starting service
[00] make[1]: Entering directory '/home/flejz/code/opengl'
[00] g++ *.cpp include/*.cpp -omain.o -lglfw3 -lGL -lpthread -ldl -lGLEW -lassimp
[00] Killing service
[00] ^Cmake[1]: *** [Makefile:4: build] Interrupt
[00] Starting service
[00] make[1]: Entering directory '/home/flejz/code/opengl'
[00] g++ *.cpp include/*.cpp -omain.o -lglfw3 -lGL -lpthread -ldl -lGLEW -lassimp
[00] Killing service
[00] ^Cmake[1]: *** [Makefile:4: build] Interrupt
[00] Starting service
[00] make[1]: Entering directory '/home/flejz/code/opengl'
[00] g++ *.cpp include/*.cpp -omain.o -lglfw3 -lGL -lpthread -ldl -lGLEW -lassimp
[00] Killing service
[00] ^Cmake[1]: *** [Makefile:4: build] Interrupt
[00] Starting service
[00] make[1]: Entering directory '/home/flejz/code/opengl'
[00] g++ *.cpp include/*.cpp -omain.o -lglfw3 -lGL -lpthread -ldl -lGLEW -lassimp
[00] Killing service
[00] ^Cmake[1]: *** [Makefile:4: build] Interrupt
[00] Starting service
[00] make[1]: Entering directory '/home/flejz/code/opengl'
[00] g++ *.cpp include/*.cpp -omain.o -lglfw3 -lGL -lpthread -ldl -lGLEW -lassimp
[00] Killing service
[00] ^Cmake[1]: *** [Makefile:4: build] Interrupt
[00] Starting service
[00] make[1]: Entering directory '/home/flejz/code/opengl'
[00] g++ *.cpp include/*.cpp -omain.o -lglfw3 -lGL -lpthread -ldl -lGLEW -lassimp
[00] Killing service
[00] ^Cmake[1]: *** [Makefile:4: build] Interrupt
[00] Starting service
[00] make[1]: Entering directory '/home/flejz/code/opengl'
[00] g++ *.cpp include/*.cpp -omain.o -lglfw3 -lGL -lpthread -ldl -lGLEW -lassimp
[00] Killing service
[00] ^Cmake[1]: *** [Makefile:4: build] Interrupt
[00] Starting service
[00] make[1]: Entering directory '/home/flejz/code/opengl'
[00] g++ *.cpp include/*.cpp -omain.o -lglfw3 -lGL -lpthread -ldl -lGLEW -lassimp
[00] Killing service
[00] ^Cmake[1]: *** [Makefile:4: build] Interrupt
[00] Starting service
[00] make[1]: Entering directory '/home/flejz/code/opengl'
[00] g++ *.cpp include/*.cpp -omain.o -lglfw3 -lGL -lpthread -ldl -lGLEW -lassimp
[00] Killing service
[00] ^Cmake[1]: *** [Makefile:4: build] Interrupt
[00] Starting service
[00] make[1]: Entering directory '/home/flejz/code/opengl'
[00] g++ *.cpp include/*.cpp -omain.o -lglfw3 -lGL -lpthread -ldl -lGLEW -lassimp
[00] Killing service
[00] ^Cmake[1]: *** [Makefile:4: build] Interrupt
[00] Starting service
[00] make[1]: Entering directory '/home/flejz/code/opengl'
[00] g++ *.cpp include/*.cpp -omain.o -lglfw3 -lGL -lpthread -ldl -lGLEW -lassimp
[00] Killing service
[00] ^Cmake[1]: *** [Makefile:4: build] Interrupt
[00] Starting service
[00] make[1]: Entering directory '/home/flejz/code/opengl'
[00] g++ *.cpp include/*.cpp -omain.o -lglfw3 -lGL -lpthread -ldl -lGLEW -lassimp
[00] Killing service
[00] ^Cmake[1]: *** [Makefile:4: build] Interrupt
[00] Starting service
[00] make[1]: Entering directory '/home/flejz/code/opengl'
[00] g++ *.cpp include/*.cpp -omain.o -lglfw3 -lGL -lpthread -ldl -lGLEW -lassimp
[00] Killing service
[00] ^Cmake[1]: *** [Makefile:4: build] Interrupt
[00] Starting service
[00] make[1]: Entering directory '/home/flejz/code/opengl'
[00] g++ *.cpp include/*.cpp -omain.o -lglfw3 -lGL -lpthread -ldl -lGLEW -lassimp
[00] Killing service
[00] ^Cmake[1]: *** [Makefile:4: build] Interrupt
[00] Starting service
[00] make[1]: Entering directory '/home/flejz/code/opengl'
[00] g++ *.cpp include/*.cpp -omain.o -lglfw3 -lGL -lpthread -ldl -lGLEW -lassimp
[00] Killing service
[00] ^Cmake[1]: *** [Makefile:4: build] Interrupt
[00] Starting service
[00] make[1]: Entering directory '/home/flejz/code/opengl'
[00] g++ *.cpp include/*.cpp -omain.o -lglfw3 -lGL -lpthread -ldl -lGLEW -lassimp
[00] Killing service
[00] ^Cmake[1]: *** [Makefile:4: build] Interrupt
[00] Starting service
[00] make[1]: Entering directory '/home/flejz/code/opengl'
[00] g++ *.cpp include/*.cpp -omain.o -lglfw3 -lGL -lpthread -ldl -lGLEW -lassimp
[00] Killing service
[00] ^Cmake[1]: *** [Makefile:4: build] Interrupt
[00] Starting service
[00] make[1]: Entering directory '/home/flejz/code/opengl'
[00] g++ *.cpp include/*.cpp -omain.o -lglfw3 -lGL -lpthread -ldl -lGLEW -lassimp
[00] Killing service
[00] ^Cmake[1]: *** [Makefile:4: build] Interrupt
[00] Starting service
[00] make[1]: Entering directory '/home/flejz/code/opengl'
[00] g++ *.cpp include/*.cpp -omain.o -lglfw3 -lGL -lpthread -ldl -lGLEW -lassimp
[00] Killing service
[00] ^Cmake[1]: *** [Makefile:4: build] Interrupt
[00] Starting service
[00] make[1]: Entering directory '/home/flejz/code/opengl'
[00] g++ *.cpp include/*.cpp -omain.o -lglfw3 -lGL -lpthread -ldl -lGLEW -lassimp
[00] Killing service
[00] ^Cmake[1]: *** [Makefile:4: build] Interrupt
[00] Starting service
[00] make[1]: Entering directory '/home/flejz/code/opengl'
[00] g++ *.cpp include/*.cpp -omain.o -lglfw3 -lGL -lpthread -ldl -lGLEW -lassimp
[00] Killing service
[00] ^Cmake[1]: *** [Makefile:4: build] Interrupt
[00] Starting service
[00] make[1]: Entering directory '/home/flejz/code/opengl'
[00] g++ *.cpp include/*.cpp -omain.o -lglfw3 -lGL -lpthread -ldl -lGLEW -lassimp
[00] Killing service
[00] ^Cmake[1]: *** [Makefile:4: build] Interrupt
[00] Starting service
[00] make[1]: Entering directory '/home/flejz/code/opengl'
[00] g++ *.cpp include/*.cpp -omain.o -lglfw3 -lGL -lpthread -ldl -lGLEW -lassimp
[00] Killing service
[00] ^Cmake[1]: *** [Makefile:4: build] Interrupt
[00] Starting service
[00] make[1]: Entering directory '/home/flejz/code/opengl'
[00] g++ *.cpp include/*.cpp -omain.o -lglfw3 -lGL -lpthread -ldl -lGLEW -lassimp
[00] Killing service
[00] ^Cmake[1]: *** [Makefile:4: build] Interrupt
[00] Starting service
[00] make[1]: Entering directory '/home/flejz/code/opengl'
[00] g++ *.cpp include/*.cpp -omain.o -lglfw3 -lGL -lpthread -ldl -lGLEW -lassimp
[00] Killing service
[00] ^Cmake[1]: *** [Makefile:4: build] Interrupt
[00] Starting service
[00] make[1]: Entering directory '/home/flejz/code/opengl'
[00] g++ *.cpp include/*.cpp -omain.o -lglfw3 -lGL -lpthread -ldl -lGLEW -lassimp
[00] Killing service
[00] ^Cmake[1]: *** [Makefile:4: build] Interrupt
[00] Starting service
[00] make[1]: Entering directory '/home/flejz/code/opengl'
[00] g++ *.cpp include/*.cpp -omain.o -lglfw3 -lGL -lpthread -ldl -lGLEW -lassimp
[00] Killing service
[00] ^Cmake[1]: *** [Makefile:4: build] Interrupt
[00] Starting service
[00] make[1]: Entering directory '/home/flejz/code/opengl'
[00] g++ *.cpp include/*.cpp -omain.o -lglfw3 -lGL -lpthread -ldl -lGLEW -lassimp
[00] Killing service
[00] ^Cmake[1]: *** [Makefile:4: build] Interrupt
[00] Starting service
[00] make[1]: Entering directory '/home/flejz/code/opengl'
[00] g++ *.cpp include/*.cpp -omain.o -lglfw3 -lGL -lpthread -ldl -lGLEW -lassimp
[00] Killing service
[00] ^Cmake[1]: *** [Makefile:4: build] Interrupt
[00] Starting service
[00] make[1]: Entering directory '/home/flejz/code/opengl'
[00] g++ *.cpp include/*.cpp -omain.o -lglfw3 -lGL -lpthread -ldl -lGLEW -lassimp
[00] Killing service
[00] ^Cmake[1]: *** [Makefile:4: build] Interrupt
[00] Starting service
[00] make[1]: Entering directory '/home/flejz/code/opengl'
[00] g++ *.cpp include/*.cpp -omain.o -lglfw3 -lGL -lpthread -ldl -lGLEW -lassimp
[00] Killing service
[00] ^Cmake[1]: *** [Makefile:4: build] Interrupt
[00] Starting service
[00] make[1]: Entering directory '/home/flejz/code/opengl'
[00] g++ *.cpp include/*.cpp -omain.o -lglfw3 -lGL -lpthread -ldl -lGLEW -lassimp
[00] Killing service
[00] ^Cmake[1]: *** [Makefile:4: build] Interrupt
[00] Starting service
[00] make[1]: Entering directory '/home/flejz/code/opengl'
[00] g++ *.cpp include/*.cpp -omain.o -lglfw3 -lGL -lpthread -ldl -lGLEW -lassimp
[00] Killing service
[00] ^Cmake[1]: *** [Makefile:4: build] Interrupt
[00] Starting service
[00] make[1]: Entering directory '/home/flejz/code/opengl'
[00] g++ *.cpp include/*.cpp -omain.o -lglfw3 -lGL -lpthread -ldl -lGLEW -lassimp
[00] Killing service
[00] ^Cmake[1]: *** [Makefile:4: build] Interrupt
[00] Starting service
[00] make[1]: Entering directory '/home/flejz/code/opengl'
[00] g++ *.cpp include/*.cpp -omain.o -lglfw3 -lGL -lpthread -ldl -lGLEW -lassimp
[00] Killing service
[00] ^Cmake[1]: *** [Makefile:4: build] Interrupt
[00] Starting service
[00] make[1]: Entering directory '/home/flejz/code/opengl'
[00] g++ *.cpp include/*.cpp -omain.o -lglfw3 -lGL -lpthread -ldl -lGLEW -lassimp
[00] Killing service
[00] ^Cmake[1]: *** [Makefile:4: build] Interrupt
[00] Starting service
[00] make[1]: Entering directory '/home/flejz/code/opengl'
[00] g++ *.cpp include/*.cpp -omain.o -lglfw3 -lGL -lpthread -ldl -lGLEW -lassimp
[00] Killing service
[00] ^Cmake[1]: *** [Makefile:4: build] Interrupt
[00] Starting service
[00] make[1]: Entering directory '/home/flejz/code/opengl'
[00] g++ *.cpp include/*.cpp -omain.o -lglfw3 -lGL -lpthread -ldl -lGLEW -lassimp
[00] Killing service
[00] ^Cmake[1]: *** [Makefile:4: build] Interrupt
[00] Starting service
[00] make[1]: Entering directory '/home/flejz/code/opengl'
[00] g++ *.cpp include/*.cpp -omain.o -lglfw3 -lGL -lpthread -ldl -lGLEW -lassimp
[00] Killing service
[00] ^Cmake[1]: *** [Makefile:4: build] Interrupt
[00] Starting service
[00] make[1]: Entering directory '/home/flejz/code/opengl'
[00] g++ *.cpp include/*.cpp -omain.o -lglfw3 -lGL -lpthread -ldl -lGLEW -lassimp
[00] Killing service
[00] ^Cmake[1]: *** [Makefile:4: build] Interrupt
[00] Starting service
[00] make[1]: Entering directory '/home/flejz/code/opengl'
[00] g++ *.cpp include/*.cpp -omain.o -lglfw3 -lGL -lpthread -ldl -lGLEW -lassimp
[00] Killing service
[00] ^Cmake[1]: *** [Makefile:4: build] Interrupt
[00] Starting service
[00] make[1]: Entering directory '/home/flejz/code/opengl'
[00] g++ *.cpp include/*.cpp -omain.o -lglfw3 -lGL -lpthread -ldl -lGLEW -lassimp
[00] Killing service
[00] ^Cmake[1]: *** [Makefile:4: build] Interrupt
[00] Starting service
[00] make[1]: Entering directory '/home/flejz/code/opengl'
[00] g++ *.cpp include/*.cpp -omain.o -lglfw3 -lGL -lpthread -ldl -lGLEW -lassimp
[00] Killing service
[00] ^Cmake[1]: *** [Makefile:4: build] Interrupt
[00] Starting service
[00] make[1]: Entering directory '/home/flejz/code/opengl'
[00] g++ *.cpp include/*.cpp -omain.o -lglfw3 -lGL -lpthread -ldl -lGLEW -lassimp
[00] Killing service
[00] ^Cmake[1]: *** [Makefile:4: build] Interrupt
[00] Starting service
[00] make[1]: Entering directory '/home/flejz/code/opengl'
[00] g++ *.cpp include/*.cpp -omain.o -lglfw3 -lGL -lpthread -ldl -lGLEW -lassimp
[00] Killing service
[00] ^Cmake[1]: *** [Makefile:4: build] Interrupt
[00] Starting service
[00] make[1]: Entering directory '/home/flejz/code/opengl'
[00] g++ *.cpp include/*.cpp -omain.o -lglfw3 -lGL -lpthread -ldl -lGLEW -lassimp
[00] Killing service
[00] ^Cmake[1]: *** [Makefile:4: build] Interrupt
[00] Starting service
[00] make[1]: Entering directory '/home/flejz/code/opengl'
[00] g++ *.cpp include/*.cpp -omain.o -lglfw3 -lGL -lpthread -ldl -lGLEW -lassimp
[00] Killing service
[00] ^Cmake[1]: *** [Makefile:4: build] Interrupt
[00] Starting service
[00] make[1]: Entering directory '/home/flejz/code/opengl'
[00] g++ *.cpp include/*.cpp -omain.o -lglfw3 -lGL -lpthread -ldl -lGLEW -lassimp
[00] Killing service
[00] ^Cmake[1]: *** [Makefile:4: build] Interrupt
[00] Starting service
[00] make[1]: Entering directory '/home/flejz/code/opengl'
[00] g++ *.cpp include/*.cpp -omain.o -lglfw3 -lGL -lpthread -ldl -lGLEW -lassimp
[00] Killing service
[00] ^Cmake[1]: *** [Makefile:4: build] Interrupt
[00] Starting service
[00] make[1]: Entering directory '/home/flejz/code/opengl'
[00] g++ *.cpp include/*.cpp -omain.o -lglfw3 -lGL -lpthread -ldl -lGLEW -lassimp
[00] Killing service
[00] ^Cmake[1]: *** [Makefile:4: build] Interrupt
[00] Starting service
[00] make[1]: Entering directory '/home/flejz/code/opengl'
[00] g++ *.cpp include/*.cpp -omain.o -lglfw3 -lGL -lpthread -ldl -lGLEW -lassimp
[00] Killing service
[00] ^Cmake[1]: *** [Makefile:4: build] Interrupt
[00] Starting service
[00] make[1]: Entering directory '/home/flejz/code/opengl'
[00] g++ *.cpp include/*.cpp -omain.o -lglfw3 -lGL -lpthread -ldl -lGLEW -lassimp
[00] Killing service
[00] ^Cmake[1]: *** [Makefile:4: build] Interrupt
[00] Starting service
[00] make[1]: Entering directory '/home/flejz/code/opengl'
[00] g++ *.cpp include/*.cpp -omain.o -lglfw3 -lGL -lpthread -ldl -lGLEW -lassimp
[00] Killing service
[00] ^Cmake[1]: *** [Makefile:4: build] Interrupt
[00] Starting service
[00] make[1]: Entering directory '/home/flejz/code/opengl'
[00] g++ *.cpp include/*.cpp -omain.o -lglfw3 -lGL -lpthread -ldl -lGLEW -lassimp
[00] Killing service
[00] ^Cmake[1]: *** [Makefile:4: build] Interrupt
[00] Starting service
[00] make[1]: Entering directory '/home/flejz/code/opengl'
[00] g++ *.cpp include/*.cpp -omain.o -lglfw3 -lGL -lpthread -ldl -lGLEW -lassimp
[00] Killing service
[00] ^Cmake[1]: *** [Makefile:4: build] Interrupt
[00] Starting service
[00] make[1]: Entering directory '/home/flejz/code/opengl'
[00] g++ *.cpp include/*.cpp -omain.o -lglfw3 -lGL -lpthread -ldl -lGLEW -lassimp
[00] Killing service
[00] ^Cmake[1]: *** [Makefile:4: build] Interrupt
[00] Starting service
[00] make[1]: Entering directory '/home/flejz/code/opengl'
[00] g++ *.cpp include/*.cpp -omain.o -lglfw3 -lGL -lpthread -ldl -lGLEW -lassimp
[00] Killing service
[00] ^Cmake[1]: *** [Makefile:4: build] Interrupt
[00] Starting service
[00] make[1]: Entering directory '/home/flejz/code/opengl'
[00] g++ *.cpp include/*.cpp -omain.o -lglfw3 -lGL -lpthread -ldl -lGLEW -lassimp
[00] Killing service
[00] ^Cmake[1]: *** [Makefile:4: build] Interrupt
[00] Starting service
[00] make[1]: Entering directory '/home/flejz/code/opengl'
[00] g++ *.cpp include/*.cpp -omain.o -lglfw3 -lGL -lpthread -ldl -lGLEW -lassimp
[00] Killing service
[00] ^Cmake[1]: *** [Makefile:4: build] Interrupt
[00] Starting service
[00] make[1]: Entering directory '/home/flejz/code/opengl'
[00] g++ *.cpp include/*.cpp -omain.o -lglfw3 -lGL -lpthread -ldl -lGLEW -lassimp
[00] Killing service
[00] ^Cmake[1]: *** [Makefile:4: build] Interrupt
[00] Starting service
[00] make[1]: Entering directory '/home/flejz/code/opengl'
[00] g++ *.cpp include/*.cpp -omain.o -lglfw3 -lGL -lpthread -ldl -lGLEW -lassimp
[00] Killing service
[00] ^Cmake[1]: *** [Makefile:4: build] Interrupt
[00] Starting service
[00] make[1]: Entering directory '/home/flejz/code/opengl'
[00] g++ *.cpp include/*.cpp -omain.o -lglfw3 -lGL -lpthread -ldl -lGLEW -lassimp
[00] Killing service
[00] ^Cmake[1]: *** [Makefile:4: build] Interrupt
[00] Starting service
[00] make[1]: Entering directory '/home/flejz/code/opengl'
[00] g++ *.cpp include/*.cpp -omain.o -lglfw3 -lGL -lpthread -ldl -lGLEW -lassimp
[00] Killing service
[00] ^Cmake[1]: *** [Makefile:4: build] Interrupt
[00] Starting service
[00] make[1]: Entering directory '/home/flejz/code/opengl'
[00] g++ *.cpp include/*.cpp -omain.o -lglfw3 -lGL -lpthread -ldl -lGLEW -lassimp
[00] Killing service
[00] ^Cmake[1]: *** [Makefile:4: build] Interrupt
[00] Starting service
[00] make[1]: Entering directory '/home/flejz/code/opengl'
[00] g++ *.cpp include/*.cpp -omain.o -lglfw3 -lGL -lpthread -ldl -lGLEW -lassimp
[00] Killing service
[00] ^Cmake[1]: *** [Makefile:4: build] Interrupt
[00] Starting service
[00] make[1]: Entering directory '/home/flejz/code/opengl'
[00] g++ *.cpp include/*.cpp -omain.o -lglfw3 -lGL -lpthread -ldl -lGLEW -lassimp
[00] Killing service
[00] ^Cmake[1]: *** [Makefile:4: build] Interrupt
[00] Starting service
[00] make[1]: Entering directory '/home/flejz/code/opengl'
[00] g++ *.cpp include/*.cpp -omain.o -lglfw3 -lGL -lpthread -ldl -lGLEW -lassimp
[00] Killing service
[00] ^Cmake[1]: *** [Makefile:4: build] Interrupt
[00] Starting service
[00] make[1]: Entering directory '/home/flejz/code/opengl'
[00] g++ *.cpp include/*.cpp -omain.o -lglfw3 -lGL -lpthread -ldl -lGLEW -lassimp
[00] Killing service
[00] ^Cmake[1]: *** [Makefile:4: build] Interrupt
[00] Starting service
[00] make[1]: Entering directory '/home/flejz/code/opengl'
[00] g++ *.cpp include/*.cpp -omain.o -lglfw3 -lGL -lpthread -ldl -lGLEW -lassimp
[00] Killing service
[00] ^Cmake[1]: *** [Makefile:4: build] Interrupt
[00] Starting service
[00] make[1]: Entering directory '/home/flejz/code/opengl'
[00] g++ *.cpp include/*.cpp -omain.o -lglfw3 -lGL -lpthread -ldl -lGLEW -lassimp
[00] Killing service
[00] ^Cmake[1]: *** [Makefile:4: build] Interrupt
[00] Starting service
[00] make[1]: Entering directory '/home/flejz/code/opengl'
[00] g++ *.cpp include/*.cpp -omain.o -lglfw3 -lGL -lpthread -ldl -lGLEW -lassimp
[00] Killing service
[00] ^Cmake[1]: *** [Makefile:4: build] Interrupt
[00] Starting service
[00] make[1]: Entering directory '/home/flejz/code/opengl'
[00] g++ *.cpp include/*.cpp -omain.o -lglfw3 -lGL -lpthread -ldl -lGLEW -lassimp
[00] Killing service
[00] ^Cmake[1]: *** [Makefile:4: build] Interrupt
[00] Starting service
[00] make[1]: Entering directory '/home/flejz/code/opengl'
[00] g++ *.cpp include/*.cpp -omain.o -lglfw3 -lGL -lpthread -ldl -lGLEW -lassimp
[00] Killing service
[00] ^Cmake[1]: *** [Makefile:4: build] Interrupt
[00] Starting service
[00] make[1]: Entering directory '/home/flejz/code/opengl'
[00] g++ *.cpp include/*.cpp -omain.o -lglfw3 -lGL -lpthread -ldl -lGLEW -lassimp
[00] Killing service
[00] ^Cmake[1]: *** [Makefile:4: build] Interrupt
[00] Starting service
[00] make[1]: Entering directory '/home/flejz/code/opengl'
[00] g++ *.cpp include/*.cpp -omain.o -lglfw3 -lGL -lpthread -ldl -lGLEW -lassimp
[00] Killing service
[00] ^Cmake[1]: *** [Makefile:4: build] Interrupt
[00] Starting service
[00] make[1]: Entering directory '/home/flejz/code/opengl'
[00] g++ *.cpp include/*.cpp -omain.o -lglfw3 -lGL -lpthread -ldl -lGLEW -lassimp
[00] Killing service
[00] ^Cmake[1]: *** [Makefile:4: build] Interrupt
[00] Starting service
[00] make[1]: Entering directory '/home/flejz/code/opengl'
[00] g++ *.cpp include/*.cpp -omain.o -lglfw3 -lGL -lpthread -ldl -lGLEW -lassimp
[00] Killing service
[00] ^Cmake[1]: *** [Makefile:4: build] Interrupt
[00] Starting service
[00] make[1]: Entering directory '/home/flejz/code/opengl'
[00] g++ *.cpp include/*.cpp -omain.o -lglfw3 -lGL -lpthread -ldl -lGLEW -lassimp
[00] Killing service
[00] ^Cmake[1]: *** [Makefile:4: build] Interrupt
[00] Starting service
[00] make[1]: Entering directory '/home/flejz/code/opengl'
[00] g++ *.cpp include/*.cpp -omain.o -lglfw3 -lGL -lpthread -ldl -lGLEW -lassimp
[00] Killing service
[00] ^Cmake[1]: *** [Makefile:4: build] Interrupt
[00] Starting service
[00] make[1]: Entering directory '/home/flejz/code/opengl'
[00] g++ *.cpp include/*.cpp -omain.o -lglfw3 -lGL -lpthread -ldl -lGLEW -lassimp
[00] Killing service
[00] ^Cmake[1]: *** [Makefile:4: build] Interrupt
[00] Starting service
[00] make[1]: Entering directory '/home/flejz/code/opengl'
[00] g++ *.cpp include/*.cpp -omain.o -lglfw3 -lGL -lpthread -ldl -lGLEW -lassimp
[00] Killing service
[00] ^Cmake[1]: *** [Makefile:4: build] Interrupt
[00] Starting service
[00] make[1]: Entering directory '/home/flejz/code/opengl'
[00] g++ *.cpp include/*.cpp -omain.o -lglfw3 -lGL -lpthread -ldl -lGLEW -lassimp
[00] Killing service
[00] ^Cmake[1]: *** [Makefile:4: build] Interrupt
[00] Starting service
[00] make[1]: Entering directory '/home/flejz/code/opengl'
[00] g++ *.cpp include/*.cpp -omain.o -lglfw3 -lGL -lpthread -ldl -lGLEW -lassimp
[00] Killing service
[00] ^Cmake[1]: *** [Makefile:4: build] Interrupt
[00] Starting service
[00] make[1]: Entering directory '/home/flejz/code/opengl'
[00] g++ *.cpp include/*.cpp -omain.o -lglfw3 -lGL -lpthread -ldl -lGLEW -lassimp
[00] Killing service
[00] ^Cmake[1]: *** [Makefile:4: build] Interrupt
[00] Starting service
[00] make[1]: Entering directory '/home/flejz/code/opengl'
[00] g++ *.cpp include/*.cpp -omain.o -lglfw3 -lGL -lpthread -ldl -lGLEW -lassimp
[00] Killing service
[00] ^Cmake[1]: *** [Makefile:4: build] Interrupt
[00] Starting service
[00] make[1]: Entering directory '/home/flejz/code/opengl'
[00] g++ *.cpp include/*.cpp -omain.o -lglfw3 -lGL -lpthread -ldl -lGLEW -lassimp
[00] Killing service
[00] ^Cmake[1]: *** [Makefile:4: build] Interrupt
[00] Starting service
[00] make[1]: Entering directory '/home/flejz/code/opengl'
[00] g++ *.cpp include/*.cpp -omain.o -lglfw3 -lGL -lpthread -ldl -lGLEW -lassimp
[00] Killing service
[00] ^Cmake[1]: *** [Makefile:4: build] Interrupt
[00] Starting service
[00] make[1]: Entering directory '/home/flejz/code/opengl'
[00] g++ *.cpp include/*.cpp -omain.o -lglfw3 -lGL -lpthread -ldl -lGLEW -lassimp
[00] Killing service
[00] ^Cmake[1]: *** [Makefile:4: build] Interrupt
[00] Starting service
[00] make[1]: Entering directory '/home/flejz/code/opengl'
[00] g++ *.cpp include/*.cpp -omain.o -lglfw3 -lGL -lpthread -ldl -lGLEW -lassimp
[00] Killing service
[00] ^Cmake[1]: *** [Makefile:4: build] Interrupt
[00] Starting service
[00] make[1]: Entering directory '/home/flejz/code/opengl'
[00] g++ *.cpp include/*.cpp -omain.o -lglfw3 -lGL -lpthread -ldl -lGLEW -lassimp
[00] Killing service
[00] ^Cmake[1]: *** [Makefile:4: build] Interrupt
[00] Starting service
[00] make[1]: Entering directory '/home/flejz/code/opengl'
[00] g++ *.cpp include/*.cpp -omain.o -lglfw3 -lGL -lpthread -ldl -lGLEW -lassimp
[00] Killing service
[00] ^Cmake[1]: *** [Makefile:4: build] Interrupt
[00] Starting service
[00] make[1]: Entering directory '/home/flejz/code/opengl'
[00] g++ *.cpp include/*.cpp -omain.o -lglfw3 -lGL -lpthread -ldl -lGLEW -lassimp
[00] Killing service
[00] ^Cmake[1]: *** [Makefile:4: build] Interrupt
[00] Starting service
[00] make[1]: Entering directory '/home/flejz/code/opengl'
[00] g++ *.cpp include/*.cpp -omain.o -lglfw3 -lGL -lpthread -ldl -lGLEW -lassimp
[00] Killing service
[00] ^Cmake[1]: *** [Makefile:4: build] Interrupt
[00] Starting service
[00] make[1]: Entering directory '/home/flejz/code/opengl'
[00] g++ *.cpp include/*.cpp -omain.o -lglfw3 -lGL -lpthread -ldl -lGLEW -lassimp
[00] Killing service
[00] ^Cmake[1]: *** [Makefile:4: build] Interrupt
[00] Starting service
[00] make[1]: Entering directory '/home/flejz/code/opengl'
[00] g++ *.cpp include/*.cpp -omain.o -lglfw3 -lGL -lpthread -ldl -lGLEW -lassimp
[00] Killing service
[00] ^Cmake[1]: *** [Makefile:4: build] Interrupt
[00] Starting service
[00] make[1]: Entering directory '/home/flejz/code/opengl'
[00] g++ *.cpp include/*.cpp -omain.o -lglfw3 -lGL -lpthread -ldl -lGLEW -lassimp
[00] Killing service
[00] ^Cmake[1]: *** [Makefile:4: build] Interrupt
[00] Starting service
[00] make[1]: Entering directory '/home/flejz/code/opengl'
[00] g++ *.cpp include/*.cpp -omain.o -lglfw3 -lGL -lpthread -ldl -lGLEW -lassimp
[00] Killing service
[00] ^Cmake[1]: *** [Makefile:4: build] Interrupt
[00] Starting service
[00] make[1]: Entering directory '/home/flejz/code/opengl'
[00] g++ *.cpp include/*.cpp -omain.o -lglfw3 -lGL -lpthread -ldl -lGLEW -lassimp
[00] Killing service
[00] ^Cmake[1]: *** [Makefile:4: build] Interrupt
[00] Starting service
[00] make[1]: Entering directory '/home/flejz/code/opengl'
[00] g++ *.cpp include/*.cpp -omain.o -lglfw3 -lGL -lpthread -ldl -lGLEW -lassimp
[00] Killing service
[00] ^Cmake[1]: *** [Makefile:4: build] Interrupt
[00] Starting service
[00] make[1]: Entering directory '/home/flejz/code/opengl'
[00] g++ *.cpp include/*.cpp -omain.o -lglfw3 -lGL -lpthread -ldl -lGLEW -lassimp
[00] Killing service
[00] ^Cmake[1]: *** [Makefile:4: build] Interrupt
[00] Starting service
[00] make[1]: Entering directory '/home/flejz/code/opengl'
[00] g++ *.cpp include/*.cpp -omain.o -lglfw3 -lGL -lpthread -ldl -lGLEW -lassimp
[00] Killing service
[00] ^Cmake[1]: *** [Makefile:4: build] Interrupt
[00] Starting service
[00] make[1]: Entering directory '/home/flejz/code/opengl'
[00] g++ *.cpp include/*.cpp -omain.o -lglfw3 -lGL -lpthread -ldl -lGLEW -lassimp
[00] Killing service
[00] ^Cmake[1]: *** [Makefile:4: build] Interrupt
[00] Starting service
[00] make[1]: Entering directory '/home/flejz/code/opengl'
[00] g++ *.cpp include/*.cpp -omain.o -lglfw3 -lGL -lpthread -ldl -lGLEW -lassimp
[00] Killing service
[00] ^Cmake[1]: *** [Makefile:4: build] Interrupt
[00] Starting service
[00] make[1]: Entering directory '/home/flejz/code/opengl'
[00] g++ *.cpp include/*.cpp -omain.o -lglfw3 -lGL -lpthread -ldl -lGLEW -lassimp
[00] Killing service
[00] ^Cmake[1]: *** [Makefile:4: build] Interrupt
[00] Starting service
[00] make[1]: Entering directory '/home/flejz/code/opengl'
[00] g++ *.cpp include/*.cpp -omain.o -lglfw3 -lGL -lpthread -ldl -lGLEW -lassimp
[00] Killing service
[00] ^Cmake[1]: *** [Makefile:4: build] Interrupt
[00] Starting service
[00] make[1]: Entering directory '/home/flejz/code/opengl'
[00] g++ *.cpp include/*.cpp -omain.o -lglfw3 -lGL -lpthread -ldl -lGLEW -lassimp
[00] Killing service
[00] ^Cmake[1]: *** [Makefile:4: build] Interrupt
[00] Starting service
[00] make[1]: Entering directory '/home/flejz/code/opengl'
[00] g++ *.cpp include/*.cpp -omain.o -lglfw3 -lGL -lpthread -ldl -lGLEW -lassimp
[00] Killing service
[00] ^Cmake[1]: *** [Makefile:4: build] Interrupt
[00] Starting service
[00] make[1]: Entering directory '/home/flejz/code/opengl'
[00] g++ *.cpp include/*.cpp -omain.o -lglfw3 -lGL -lpthread -ldl -lGLEW -lassimp
[00] Killing service
[00] ^Cmake[1]: *** [Makefile:4: build] Interrupt
[00] Starting service
[00] make[1]: Entering directory '/home/flejz/code/opengl'
[00] g++ *.cpp include/*.cpp -omain.o -lglfw3 -lGL -lpthread -ldl -lGLEW -lassimp
[00] Killing service
[00] ^Cmake[1]: *** [Makefile:4: build] Interrupt
[00] Starting service
[00] make[1]: Entering directory '/home/flejz/code/opengl'
[00] g++ *.cpp include/*.cpp -omain.o -lglfw3 -lGL -lpthread -ldl -lGLEW -lassimp
[00] Killing service
[00] ^Cmake[1]: *** [Makefile:4: build] Interrupt
[00] Starting service
[00] make[1]: Entering directory '/home/flejz/code/opengl'
[00] g++ *.cpp include/*.cpp -omain.o -lglfw3 -lGL -lpthread -ldl -lGLEW -lassimp
[00] Killing service
[00] ^Cmake[1]: *** [Makefile:4: build] Interrupt
[00] Starting service
[00] make[1]: Entering directory '/home/flejz/code/opengl'
[00] g++ *.cpp include/*.cpp -omain.o -lglfw3 -lGL -lpthread -ldl -lGLEW -lassimp
[00] Killing service
[00] ^Cmake[1]: *** [Makefile:4: build] Interrupt
[00] Starting service
[00] make[1]: Entering directory '/home/flejz/code/opengl'
[00] g++ *.cpp include/*.cpp -omain.o -lglfw3 -lGL -lpthread -ldl -lGLEW -lassimp
[00] Killing service
[00] ^Cmake[1]: *** [Makefile:4: build] Interrupt
[00] Starting service
[00] make[1]: Entering directory '/home/flejz/code/opengl'
[00] g++ *.cpp include/*.cpp -omain.o -lglfw3 -lGL -lpthread -ldl -lGLEW -lassimp
[00] Killing service
[00] ^Cmake[1]: *** [Makefile:4: build] Interrupt
[00] Starting service
[00] make[1]: Entering directory '/home/flejz/code/opengl'
[00] g++ *.cpp include/*.cpp -omain.o -lglfw3 -lGL -lpthread -ldl -lGLEW -lassimp
[00] Killing service
[00] ^Cmake[1]: *** [Makefile:4: build] Interrupt
[00] Starting service
[00] make[1]: Entering directory '/home/flejz/code/opengl'
[00] g++ *.cpp include/*.cpp -omain.o -lglfw3 -lGL -lpthread -ldl -lGLEW -lassimp
[00] Killing service
[00] ^Cmake[1]: *** [Makefile:4: build] Interrupt
[00] Starting service
[00] make[1]: Entering directory '/home/flejz/code/opengl'
[00] g++ *.cpp include/*.cpp -omain.o -lglfw3 -lGL -lpthread -ldl -lGLEW -lassimp
[00] Killing service
[00] ^Cmake[1]: *** [Makefile:4: build] Interrupt
[00] Starting service
[00] make[1]: Entering directory '/home/flejz/code/opengl'
[00] g++ *.cpp include/*.cpp -omain.o -lglfw3 -lGL -lpthread -ldl -lGLEW -lassimp
[00] Killing service
[00] ^Cmake[1]: *** [Makefile:4: build] Interrupt
[00] Starting service
[00] make[1]: Entering directory '/home/flejz/code/opengl'
[00] g++ *.cpp include/*.cpp -omain.o -lglfw3 -lGL -lpthread -ldl -lGLEW -lassimp
[00] Killing service
[00] ^Cmake[1]: *** [Makefile:4: build] Interrupt
[00] Starting service
[00] make[1]: Entering directory '/home/flejz/code/opengl'
[00] g++ *.cpp include/*.cpp -omain.o -lglfw3 -lGL -lpthread -ldl -lGLEW -lassimp
[00] Killing service
[00] ^Cmake[1]: *** [Makefile:4: build] Interrupt
[00] Starting service
[00] make[1]: Entering directory '/home/flejz/code/opengl'
[00] g++ *.cpp include/*.cpp -omain.o -lglfw3 -lGL -lpthread -ldl -lGLEW -lassimp
[00] Killing service
[00] ^Cmake[1]: *** [Makefile:4: build] Interrupt
[00] Starting service
[00] make[1]: Entering directory '/home/flejz/code/opengl'
[00] g++ *.cpp include/*.cpp -omain.o -lglfw3 -lGL -lpthread -ldl -lGLEW -lassimp
[00] Killing service
[00] ^Cmake[1]: *** [Makefile:4: build] Interrupt
[00] Starting service
[00] make[1]: Entering directory '/home/flejz/code/opengl'
[00] g++ *.cpp include/*.cpp -omain.o -lglfw3 -lGL -lpthread -ldl -lGLEW -lassimp
[00] Killing service
[00] ^Cmake[1]: *** [Makefile:4: build] Interrupt
[00] Starting service
[00] make[1]: Entering directory '/home/flejz/code/opengl'
[00] g++ *.cpp include/*.cpp -omain.o -lglfw3 -lGL -lpthread -ldl -lGLEW -lassimp
[00] Killing service
[00] ^Cmake[1]: *** [Makefile:4: build] Interrupt
[00] Starting service
[00] make[1]: Entering directory '/home/flejz/code/opengl'
[00] g++ *.cpp include/*.cpp -omain.o -lglfw3 -lGL -lpthread -ldl -lGLEW -lassimp
[00] Killing service
[00] ^Cmake[1]: *** [Makefile:4: build] Interrupt
[00] Starting service
[00] make[1]: Entering directory '/home/flejz/code/opengl'
[00] g++ *.cpp include/*.cpp -omain.o -lglfw3 -lGL -lpthread -ldl -lGLEW -lassimp
[00] Killing service
[00] ^Cmake[1]: *** [Makefile:4: build] Interrupt
[00] Starting service
[00] make[1]: Entering directory '/home/flejz/code/opengl'
[00] g++ *.cpp include/*.cpp -omain.o -lglfw3 -lGL -lpthread -ldl -lGLEW -lassimp
[00] Killing service
[00] ^Cmake[1]: *** [Makefile:4: build] Interrupt
[00] Starting service
[00] make[1]: Entering directory '/home/flejz/code/opengl'
[00] g++ *.cpp include/*.cpp -omain.o -lglfw3 -lGL -lpthread -ldl -lGLEW -lassimp
[00] Killing service
[00] ^Cmake[1]: *** [Makefile:4: build] Interrupt
[00] Starting service
[00] make[1]: Entering directory '/home/flejz/code/opengl'
[00] g++ *.cpp include/*.cpp -omain.o -lglfw3 -lGL -lpthread -ldl -lGLEW -lassimp
[00] Killing service
[00] ^Cmake[1]: *** [Makefile:4: build] Interrupt
[00] Starting service
[00] make[1]: Entering directory '/home/flejz/code/opengl'
[00] g++ *.cpp include/*.cpp -omain.o -lglfw3 -lGL -lpthread -ldl -lGLEW -lassimp
[00] Killing service
[00] ^Cmake[1]: *** [Makefile:4: build] Interrupt
[00] Starting service
[00] make[1]: Entering directory '/home/flejz/code/opengl'
[00] g++ *.cpp include/*.cpp -omain.o -lglfw3 -lGL -lpthread -ldl -lGLEW -lassimp
[00] Killing service
[00] ^Cmake[1]: *** [Makefile:4: build] Interrupt
[00] Starting service
[00] make[1]: Entering directory '/home/flejz/code/opengl'
[00] g++ *.cpp include/*.cpp -omain.o -lglfw3 -lGL -lpthread -ldl -lGLEW -lassimp
[00] Killing service
[00] ^Cmake[1]: *** [Makefile:4: build] Interrupt
[00] Starting service
[00] make[1]: Entering directory '/home/flejz/code/opengl'
[00] g++ *.cpp include/*.cpp -omain.o -lglfw3 -lGL -lpthread -ldl -lGLEW -lassimp
[00] Killing service
[00] ^Cmake[1]: *** [Makefile:4: build] Interrupt
[00] Starting service
[00] make[1]: Entering directory '/home/flejz/code/opengl'
[00] g++ *.cpp include/*.cpp -omain.o -lglfw3 -lGL -lpthread -ldl -lGLEW -lassimp
[00] Killing service
[00] ^Cmake[1]: *** [Makefile:4: build] Interrupt
[00] Starting service
[00] make[1]: Entering directory '/home/flejz/code/opengl'
[00] g++ *.cpp include/*.cpp -omain.o -lglfw3 -lGL -lpthread -ldl -lGLEW -lassimp
[00] Killing service
[00] ^Cmake[1]: *** [Makefile:4: build] Interrupt
[00] Starting service
[00] make[1]: Entering directory '/home/flejz/code/opengl'
[00] g++ *.cpp include/*.cpp -omain.o -lglfw3 -lGL -lpthread -ldl -lGLEW -lassimp
[00] Killing service
[00] ^Cmake[1]: *** [Makefile:4: build] Interrupt
[00] Starting service
[00] make[1]: Entering directory '/home/flejz/code/opengl'
[00] g++ *.cpp include/*.cpp -omain.o -lglfw3 -lGL -lpthread -ldl -lGLEW -lassimp
[00] Killing service
[00] ^Cmake[1]: *** [Makefile:4: build] Interrupt
[00] Starting service
[00] make[1]: Entering directory '/home/flejz/code/opengl'
[00] g++ *.cpp include/*.cpp -omain.o -lglfw3 -lGL -lpthread -ldl -lGLEW -lassimp
[00] Killing service
[00] ^Cmake[1]: *** [Makefile:4: build] Interrupt
[00] Starting service
[00] make[1]: Entering directory '/home/flejz/code/opengl'
[00] g++ *.cpp include/*.cpp -omain.o -lglfw3 -lGL -lpthread -ldl -lGLEW -lassimp
[00] Killing service
[00] ^Cmake[1]: *** [Makefile:4: build] Interrupt
[00] Starting service
[00] make[1]: Entering directory '/home/flejz/code/opengl'
[00] g++ *.cpp include/*.cpp -omain.o -lglfw3 -lGL -lpthread -ldl -lGLEW -lassimp
[00] Killing service
[00] ^Cmake[1]: *** [Makefile:4: build] Interrupt
[00] Starting service
[00] make[1]: Entering directory '/home/flejz/code/opengl'
[00] g++ *.cpp include/*.cpp -omain.o -lglfw3 -lGL -lpthread -ldl -lGLEW -lassimp
[00] Killing service
[00] ^Cmake[1]: *** [Makefile:4: build] Interrupt
[00] Starting service
[00] make[1]: Entering directory '/home/flejz/code/opengl'
[00] g++ *.cpp include/*.cpp -omain.o -lglfw3 -lGL -lpthread -ldl -lGLEW -lassimp
[00] Killing service
[00] ^Cmake[1]: *** [Makefile:4: build] Interrupt
[00] Starting service
[00] make[1]: Entering directory '/home/flejz/code/opengl'
[00] g++ *.cpp include/*.cpp -omain.o -lglfw3 -lGL -lpthread -ldl -lGLEW -lassimp
[00] Killing service
[00] ^Cmake[1]: *** [Makefile:4: build] Interrupt
[00] Starting service
[00] make[1]: Entering directory '/home/flejz/code/opengl'
[00] g++ *.cpp include/*.cpp -omain.o -lglfw3 -lGL -lpthread -ldl -lGLEW -lassimp
[00] Killing service
[00] ^Cmake[1]: *** [Makefile:4: build] Interrupt
[00] Starting service
[00] make[1]: Entering directory '/home/flejz/code/opengl'
[00] g++ *.cpp include/*.cpp -omain.o -lglfw3 -lGL -lpthread -ldl -lGLEW -lassimp
[00] Killing service
[00] ^Cmake[1]: *** [Makefile:4: build] Interrupt
[00] Starting service
[00] make[1]: Entering directory '/home/flejz/code/opengl'
[00] g++ *.cpp include/*.cpp -omain.o -lglfw3 -lGL -lpthread -ldl -lGLEW -lassimp
[00] Killing service
[00] ^Cmake[1]: *** [Makefile:4: build] Interrupt
[00] Starting service
[00] make[1]: Entering directory '/home/flejz/code/opengl'
[00] g++ *.cpp include/*.cpp -omain.o -lglfw3 -lGL -lpthread -ldl -lGLEW -lassimp
[00] Killing service
[00] ^Cmake[1]: *** [Makefile:4: build] Interrupt
[00] Starting service
[00] make[1]: Entering directory '/home/flejz/code/opengl'
[00] g++ *.cpp include/*.cpp -omain.o -lglfw3 -lGL -lpthread -ldl -lGLEW -lassimp
[00] Killing service
[00] ^Cmake[1]: *** [Makefile:4: build] Interrupt
[00] Starting service
[00] make[1]: Entering directory '/home/flejz/code/opengl'
[00] g++ *.cpp include/*.cpp -omain.o -lglfw3 -lGL -lpthread -ldl -lGLEW -lassimp
[00] Killing service
[00] ^Cmake[1]: *** [Makefile:4: build] Interrupt
[00] Starting service
[00] make[1]: Entering directory '/home/flejz/code/opengl'
[00] g++ *.cpp include/*.cpp -omain.o -lglfw3 -lGL -lpthread -ldl -lGLEW -lassimp
[00] Killing service
[00] ^Cmake[1]: *** [Makefile:4: build] Interrupt
[00] Starting service
[00] make[1]: Entering directory '/home/flejz/code/opengl'
[00] g++ *.cpp include/*.cpp -omain.o -lglfw3 -lGL -lpthread -ldl -lGLEW -lassimp
[00] Killing service
[00] ^Cmake[1]: *** [Makefile:4: build] Interrupt
[00] Starting service
[00] make[1]: Entering directory '/home/flejz/code/opengl'
[00] g++ *.cpp include/*.cpp -omain.o -lglfw3 -lGL -lpthread -ldl -lGLEW -lassimp
[00] Killing service
[00] ^Cmake[1]: *** [Makefile:4: build] Interrupt
[00] Starting service
[00] make[1]: Entering directory '/home/flejz/code/opengl'
[00] g++ *.cpp include/*.cpp -omain.o -lglfw3 -lGL -lpthread -ldl -lGLEW -lassimp
[00] Killing service
[00] ^Cmake[1]: *** [Makefile:4: build] Interrupt
[00] Starting service
[00] make[1]: Entering directory '/home/flejz/code/opengl'
[00] g++ *.cpp include/*.cpp -omain.o -lglfw3 -lGL -lpthread -ldl -lGLEW -lassimp
[00] Killing service
[00] ^Cmake[1]: *** [Makefile:4: build] Interrupt
[00] Starting service
[00] make[1]: Entering directory '/home/flejz/code/opengl'
[00] g++ *.cpp include/*.cpp -omain.o -lglfw3 -lGL -lpthread -ldl -lGLEW -lassimp
[00] Killing service
[00] ^Cmake[1]: *** [Makefile:4: build] Interrupt
[00] Starting service
[00] make[1]: Entering directory '/home/flejz/code/opengl'
[00] g++ *.cpp include/*.cpp -omain.o -lglfw3 -lGL -lpthread -ldl -lGLEW -lassimp
[00] Killing service
[00] ^Cmake[1]: *** [Makefile:4: build] Interrupt
[00] Starting service
[00] make[1]: Entering directory '/home/flejz/code/opengl'
[00] g++ *.cpp include/*.cpp -omain.o -lglfw3 -lGL -lpthread -ldl -lGLEW -lassimp
[00] Killing service
[00] ^Cmake[1]: *** [Makefile:4: build] Interrupt
[00] Starting service
[00] make[1]: Entering directory '/home/flejz/code/opengl'
[00] g++ *.cpp include/*.cpp -omain.o -lglfw3 -lGL -lpthread -ldl -lGLEW -lassimp
[00] Killing service
[00] ^Cmake[1]: *** [Makefile:4: build] Interrupt
[00] Starting service
[00] make[1]: Entering directory '/home/flejz/code/opengl'
[00] g++ *.cpp include/*.cpp -omain.o -lglfw3 -lGL -lpthread -ldl -lGLEW -lassimp
[00] Killing service
[00] ^Cmake[1]: *** [Makefile:4: build] Interrupt
[00] Starting service
[00] make[1]: Entering directory '/home/flejz/code/opengl'
[00] g++ *.cpp include/*.cpp -omain.o -lglfw3 -lGL -lpthread -ldl -lGLEW -lassimp
[00] Killing service
[00] ^Cmake[1]: *** [Makefile:4: build] Interrupt
[00] Starting service
[00] make[1]: Entering directory '/home/flejz/code/opengl'
[00] g++ *.cpp include/*.cpp -omain.o -lglfw3 -lGL -lpthread -ldl -lGLEW -lassimp
[00] Killing service
[00] ^Cmake[1]: *** [Makefile:4: build] Interrupt
[00] Starting service
[00] make[1]: Entering directory '/home/flejz/code/opengl'
[00] g++ *.cpp include/*.cpp -omain.o -lglfw3 -lGL -lpthread -ldl -lGLEW -lassimp
[00] Killing service
[00] ^Cmake[1]: *** [Makefile:4: build] Interrupt
[00] Starting service
[00] make[1]: Entering directory '/home/flejz/code/opengl'
[00] g++ *.cpp include/*.cpp -omain.o -lglfw3 -lGL -lpthread -ldl -lGLEW -lassimp
[00] Killing service
[00] ^Cmake[1]: *** [Makefile:4: build] Interrupt
[00] Starting service
[00] make[1]: Entering directory '/home/flejz/code/opengl'
[00] g++ *.cpp include/*.cpp -omain.o -lglfw3 -lGL -lpthread -ldl -lGLEW -lassimp
[00] Killing service
[00] ^Cmake[1]: *** [Makefile:4: build] Interrupt
[00] Starting service
[00] make[1]: Entering directory '/home/flejz/code/opengl'
[00] g++ *.cpp include/*.cpp -omain.o -lglfw3 -lGL -lpthread -ldl -lGLEW -lassimp
[00] Killing service
[00] ^Cmake[1]: *** [Makefile:4: build] Interrupt
[00] Starting service
[00] make[1]: Entering directory '/home/flejz/code/opengl'
[00] g++ *.cpp include/*.cpp -omain.o -lglfw3 -lGL -lpthread -ldl -lGLEW -lassimp
[00] Killing service
[00] ^Cmake[1]: *** [Makefile:4: build] Interrupt
[00] Starting service
[00] make[1]: Entering directory '/home/flejz/code/opengl'
[00] g++ *.cpp include/*.cpp -omain.o -lglfw3 -lGL -lpthread -ldl -lGLEW -lassimp
[00] Killing service
[00] ^Cmake[1]: *** [Makefile:4: build] Interrupt
[00] Starting service
[00] make[1]: Entering directory '/home/flejz/code/opengl'
[00] g++ *.cpp include/*.cpp -omain.o -lglfw3 -lGL -lpthread -ldl -lGLEW -lassimp
[00] Killing service
[00] ^Cmake[1]: *** [Makefile:4: build] Interrupt
[00] Starting service
[00] make[1]: Entering directory '/home/flejz/code/opengl'
[00] g++ *.cpp include/*.cpp -omain.o -lglfw3 -lGL -lpthread -ldl -lGLEW -lassimp
[00] Killing service
[00] ^Cmake[1]: *** [Makefile:4: build] Interrupt
[00] Starting service
[00] make[1]: Entering directory '/home/flejz/code/opengl'
[00] g++ *.cpp include/*.cpp -omain.o -lglfw3 -lGL -lpthread -ldl -lGLEW -lassimp
[00] Killing service
[00] ^Cmake[1]: *** [Makefile:4: build] Interrupt
[00] Starting service
[00] make[1]: Entering directory '/home/flejz/code/opengl'
[00] g++ *.cpp include/*.cpp -omain.o -lglfw3 -lGL -lpthread -ldl -lGLEW -lassimp
[00] Killing service
[00] ^Cmake[1]: *** [Makefile:4: build] Interrupt
[00] Starting service
[00] make[1]: Entering directory '/home/flejz/code/opengl'
[00] g++ *.cpp include/*.cpp -omain.o -lglfw3 -lGL -lpthread -ldl -lGLEW -lassimp
[00] Killing service
[00] ^Cmake[1]: *** [Makefile:4: build] Interrupt
[00] Starting service
[00] make[1]: Entering directory '/home/flejz/code/opengl'
[00] g++ *.cpp include/*.cpp -omain.o -lglfw3 -lGL -lpthread -ldl -lGLEW -lassimp
[00] Killing service
[00] ^Cmake[1]: *** [Makefile:4: build] Interrupt
[00] Starting service
[00] make[1]: Entering directory '/home/flejz/code/opengl'
[00] g++ *.cpp include/*.cpp -omain.o -lglfw3 -lGL -lpthread -ldl -lGLEW -lassimp
[00] Killing service
[00] ^Cmake[1]: *** [Makefile:4: build] Interrupt
[00] Starting service
[00] make[1]: Entering directory '/home/flejz/code/opengl'
[00] g++ *.cpp include/*.cpp -omain.o -lglfw3 -lGL -lpthread -ldl -lGLEW -lassimp
[00] Killing service
[00] ^Cmake[1]: *** [Makefile:4: build] Interrupt
[00] Starting service
[00] make[1]: Entering directory '/home/flejz/code/opengl'
[00] g++ *.cpp include/*.cpp -omain.o -lglfw3 -lGL -lpthread -ldl -lGLEW -lassimp
[00] Killing service
[00] ^Cmake[1]: *** [Makefile:4: build] Interrupt
[00] Starting service
[00] make[1]: Entering directory '/home/flejz/code/opengl'
[00] g++ *.cpp include/*.cpp -omain.o -lglfw3 -lGL -lpthread -ldl -lGLEW -lassimp
[00] Killing service
[00] ^Cmake[1]: *** [Makefile:4: build] Interrupt
[00] Starting service
[00] make[1]: Entering directory '/home/flejz/code/opengl'
[00] g++ *.cpp include/*.cpp -omain.o -lglfw3 -lGL -lpthread -ldl -lGLEW -lassimp
[00] Killing service
[00] ^Cmake[1]: *** [Makefile:4: build] Interrupt
[00] Starting service
[00] make[1]: Entering directory '/home/flejz/code/opengl'
[00] g++ *.cpp include/*.cpp -omain.o -lglfw3 -lGL -lpthread -ldl -lGLEW -lassimp
[00] Killing service
[00] ^Cmake[1]: *** [Makefile:4: build] Interrupt
[00] Starting service
[00] make[1]: Entering directory '/home/flejz/code/opengl'
[00] g++ *.cpp include/*.cpp -omain.o -lglfw3 -lGL -lpthread -ldl -lGLEW -lassimp
[00] Killing service
[00] ^Cmake[1]: *** [Makefile:4: build] Interrupt
[00] Starting service
[00] make[1]: Entering directory '/home/flejz/code/opengl'
[00] g++ *.cpp include/*.cpp -omain.o -lglfw3 -lGL -lpthread -ldl -lGLEW -lassimp
[00] Killing service
[00] ^Cmake[1]: *** [Makefile:4: build] Interrupt
[00] Starting service
[00] make[1]: Entering directory '/home/flejz/code/opengl'
[00] g++ *.cpp include/*.cpp -omain.o -lglfw3 -lGL -lpthread -ldl -lGLEW -lassimp
[00] Killing service
[00] ^Cmake[1]: *** [Makefile:4: build] Interrupt
[00] Starting service
[00] make[1]: Entering directory '/home/flejz/code/opengl'
[00] g++ *.cpp include/*.cpp -omain.o -lglfw3 -lGL -lpthread -ldl -lGLEW -lassimp
[00] Killing service
[00] ^Cmake[1]: *** [Makefile:4: build] Interrupt
[00] Starting service
[00] make[1]: Entering directory '/home/flejz/code/opengl'
[00] g++ *.cpp include/*.cpp -omain.o -lglfw3 -lGL -lpthread -ldl -lGLEW -lassimp
[00] Killing service
[00] ^Cmake[1]: *** [Makefile:4: build] Interrupt
[00] Starting service
[00] make[1]: Entering directory '/home/flejz/code/opengl'
[00] g++ *.cpp include/*.cpp -omain.o -lglfw3 -lGL -lpthread -ldl -lGLEW -lassimp
[00] Killing service
[00] ^Cmake[1]: *** [Makefile:4: build] Interrupt
[00] Starting service
[00] make[1]: Entering directory '/home/flejz/code/opengl'
[00] g++ *.cpp include/*.cpp -omain.o -lglfw3 -lGL -lpthread -ldl -lGLEW -lassimp
[00] Killing service
[00] ^Cmake[1]: *** [Makefile:4: build] Interrupt
[00] Starting service
[00] make[1]: Entering directory '/home/flejz/code/opengl'
[00] g++ *.cpp include/*.cpp -omain.o -lglfw3 -lGL -lpthread -ldl -lGLEW -lassimp
[00] Killing service
[00] ^Cmake[1]: *** [Makefile:4: build] Interrupt
[00] Starting service
[00] make[1]: Entering directory '/home/flejz/code/opengl'
[00] g++ *.cpp include/*.cpp -omain.o -lglfw3 -lGL -lpthread -ldl -lGLEW -lassimp
[00] Killing service
[00] ^Cmake[1]: *** [Makefile:4: build] Interrupt
[00] Starting service
[00] make[1]: Entering directory '/home/flejz/code/opengl'
[00] g++ *.cpp include/*.cpp -omain.o -lglfw3 -lGL -lpthread -ldl -lGLEW -lassimp
[00] Killing service
[00] ^Cmake[1]: *** [Makefile:4: build] Interrupt
[00] Starting service
[00] make[1]: Entering directory '/home/flejz/code/opengl'
[00] g++ *.cpp include/*.cpp -omain.o -lglfw3 -lGL -lpthread -ldl -lGLEW -lassimp
[00] Killing service
[00] ^Cmake[1]: *** [Makefile:4: build] Interrupt
[00] Starting service
[00] make[1]: Entering directory '/home/flejz/code/opengl'
[00] g++ *.cpp include/*.cpp -omain.o -lglfw3 -lGL -lpthread -ldl -lGLEW -lassimp
[00] Killing service
[00] ^Cmake[1]: *** [Makefile:4: build] Interrupt
[00] Starting service
[00] make[1]: Entering directory '/home/flejz/code/opengl'
[00] g++ *.cpp include/*.cpp -omain.o -lglfw3 -lGL -lpthread -ldl -lGLEW -lassimp
[00] Killing service
[00] ^Cmake[1]: *** [Makefile:4: build] Interrupt
[00] Starting service
[00] make[1]: Entering directory '/home/flejz/code/opengl'
[00] g++ *.cpp include/*.cpp -omain.o -lglfw3 -lGL -lpthread -ldl -lGLEW -lassimp
[00] Killing service
[00] ^Cmake[1]: *** [Makefile:4: build] Interrupt
[00] Starting service
[00] make[1]: Entering directory '/home/flejz/code/opengl'
[00] g++ *.cpp include/*.cpp -omain.o -lglfw3 -lGL -lpthread -ldl -lGLEW -lassimp
[00] Killing service
[00] ^Cmake[1]: *** [Makefile:4: build] Interrupt
[00] Starting service
[00] make[1]: Entering directory '/home/flejz/code/opengl'
[00] g++ *.cpp include/*.cpp -omain.o -lglfw3 -lGL -lpthread -ldl -lGLEW -lassimp
[00] Killing service
[00] ^Cmake[1]: *** [Makefile:4: build] Interrupt
[00] Starting service
[00] make[1]: Entering directory '/home/flejz/code/opengl'
[00] g++ *.cpp include/*.cpp -omain.o -lglfw3 -lGL -lpthread -ldl -lGLEW -lassimp
[00] Killing service
[00] ^Cmake[1]: *** [Makefile:4: build] Interrupt
[00] Starting service
[00] make[1]: Entering directory '/home/flejz/code/opengl'
[00] g++ *.cpp include/*.cpp -omain.o -lglfw3 -lGL -lpthread -ldl -lGLEW -lassimp
[00] Killing service
[00] ^Cmake[1]: *** [Makefile:4: build] Interrupt
[00] Starting service
[00] make[1]: Entering directory '/home/flejz/code/opengl'
[00] g++ *.cpp include/*.cpp -omain.o -lglfw3 -lGL -lpthread -ldl -lGLEW -lassimp
[00] Killing service
[00] ^Cmake[1]: *** [Makefile:4: build] Interrupt
[00] Starting service
[00] make[1]: Entering directory '/home/flejz/code/opengl'
[00] g++ *.cpp include/*.cpp -omain.o -lglfw3 -lGL -lpthread -ldl -lGLEW -lassimp
[00] Killing service
[00] ^Cmake[1]: *** [Makefile:4: build] Interrupt
[00] Starting service
[00] make[1]: Entering directory '/home/flejz/code/opengl'
[00] g++ *.cpp include/*.cpp -omain.o -lglfw3 -lGL -lpthread -ldl -lGLEW -lassimp
[00] Killing service
[00] ^Cmake[1]: *** [Makefile:4: build] Interrupt
[00] Starting service
[00] make[1]: Entering directory '/home/flejz/code/opengl'
[00] g++ *.cpp include/*.cpp -omain.o -lglfw3 -lGL -lpthread -ldl -lGLEW -lassimp
[00] Killing service
[00] ^Cmake[1]: *** [Makefile:4: build] Interrupt
[00] Starting service
[00] make[1]: Entering directory '/home/flejz/code/opengl'
[00] g++ *.cpp include/*.cpp -omain.o -lglfw3 -lGL -lpthread -ldl -lGLEW -lassimp
[00] Killing service
[00] ^Cmake[1]: *** [Makefile:4: build] Interrupt
[00] Starting service
[00] make[1]: Entering directory '/home/flejz/code/opengl'
[00] g++ *.cpp include/*.cpp -omain.o -lglfw3 -lGL -lpthread -ldl -lGLEW -lassimp
[00] Killing service
[00] ^Cmake[1]: *** [Makefile:4: build] Interrupt
[00] Starting service
[00] make[1]: Entering directory '/home/flejz/code/opengl'
[00] g++ *.cpp include/*.cpp -omain.o -lglfw3 -lGL -lpthread -ldl -lGLEW -lassimp
[00] Killing service
[00] ^Cmake[1]: *** [Makefile:4: build] Interrupt
[00] Starting service
[00] make[1]: Entering directory '/home/flejz/code/opengl'
[00] g++ *.cpp include/*.cpp -omain.o -lglfw3 -lGL -lpthread -ldl -lGLEW -lassimp
[00] Killing service
[00] ^Cmake[1]: *** [Makefile:4: build] Interrupt
[00] Starting service
[00] make[1]: Entering directory '/home/flejz/code/opengl'
[00] g++ *.cpp include/*.cpp -omain.o -lglfw3 -lGL -lpthread -ldl -lGLEW -lassimp
[00] Killing service
[00] ^Cmake[1]: *** [Makefile:4: build] Interrupt
[00] Starting service
[00] make[1]: Entering directory '/home/flejz/code/opengl'
[00] g++ *.cpp include/*.cpp -omain.o -lglfw3 -lGL -lpthread -ldl -lGLEW -lassimp
[00] Killing service
[00] ^Cmake[1]: *** [Makefile:4: build] Interrupt
[00] Starting service
[00] make[1]: Entering directory '/home/flejz/code/opengl'
[00] g++ *.cpp include/*.cpp -omain.o -lglfw3 -lGL -lpthread -ldl -lGLEW -lassimp
[00] Killing service
[00] ^Cmake[1]: *** [Makefile:4: build] Interrupt
[00] Starting service
[00] make[1]: Entering directory '/home/flejz/code/opengl'
[00] g++ *.cpp include/*.cpp -omain.o -lglfw3 -lGL -lpthread -ldl -lGLEW -lassimp
[00] Killing service
[00] ^Cmake[1]: *** [Makefile:4: build] Interrupt
[00] Starting service
[00] make[1]: Entering directory '/home/flejz/code/opengl'
[00] g++ *.cpp include/*.cpp -omain.o -lglfw3 -lGL -lpthread -ldl -lGLEW -lassimp
[00] Killing service
[00] ^Cmake[1]: *** [Makefile:4: build] Interrupt
[00] Starting service
[00] make[1]: Entering directory '/home/flejz/code/opengl'
[00] g++ *.cpp include/*.cpp -omain.o -lglfw3 -lGL -lpthread -ldl -lGLEW -lassimp
[00] Killing service
[00] ^Cmake[1]: *** [Makefile:4: build] Interrupt
[00] Starting service
[00] make[1]: Entering directory '/home/flejz/code/opengl'
[00] g++ *.cpp include/*.cpp -omain.o -lglfw3 -lGL -lpthread -ldl -lGLEW -lassimp
[00] Killing service
[00] ^Cmake[1]: *** [Makefile:4: build] Interrupt
[00] Starting service
[00] make[1]: Entering directory '/home/flejz/code/opengl'
[00] g++ *.cpp include/*.cpp -omain.o -lglfw3 -lGL -lpthread -ldl -lGLEW -lassimp
[00] Killing service
[00] ^Cmake[1]: *** [Makefile:4: build] Interrupt
[00] Starting service
[00] make[1]: Entering directory '/home/flejz/code/opengl'
[00] g++ *.cpp include/*.cpp -omain.o -lglfw3 -lGL -lpthread -ldl -lGLEW -lassimp
[00] Killing service
[00] ^Cmake[1]: *** [Makefile:4: build] Interrupt
[00] Starting service
[00] make[1]: Entering directory '/home/flejz/code/opengl'
[00] g++ *.cpp include/*.cpp -omain.o -lglfw3 -lGL -lpthread -ldl -lGLEW -lassimp
[00] Killing service
[00] ^Cmake[1]: *** [Makefile:4: build] Interrupt
[00] Starting service
[00] make[1]: Entering directory '/home/flejz/code/opengl'
[00] g++ *.cpp include/*.cpp -omain.o -lglfw3 -lGL -lpthread -ldl -lGLEW -lassimp
[00] Killing service
[00] ^Cmake[1]: *** [Makefile:4: build] Interrupt
[00] Starting service
[00] make[1]: Entering directory '/home/flejz/code/opengl'
[00] g++ *.cpp include/*.cpp -omain.o -lglfw3 -lGL -lpthread -ldl -lGLEW -lassimp
[00] Killing service
[00] ^Cmake[1]: *** [Makefile:4: build] Interrupt
[00] Starting service
[00] make[1]: Entering directory '/home/flejz/code/opengl'
[00] g++ *.cpp include/*.cpp -omain.o -lglfw3 -lGL -lpthread -ldl -lGLEW -lassimp
[00] Killing service
[00] ^Cmake[1]: *** [Makefile:4: build] Interrupt
[00] Starting service
[00] make[1]: Entering directory '/home/flejz/code/opengl'
[00] g++ *.cpp include/*.cpp -omain.o -lglfw3 -lGL -lpthread -ldl -lGLEW -lassimp
[00] Killing service
[00] ^Cmake[1]: *** [Makefile:4: build] Interrupt
[00] Starting service
[00] make[1]: Entering directory '/home/flejz/code/opengl'
[00] g++ *.cpp include/*.cpp -omain.o -lglfw3 -lGL -lpthread -ldl -lGLEW -lassimp
[00] Killing service
[00] ^Cmake[1]: *** [Makefile:4: build] Interrupt
[00] Starting service
[00] make[1]: Entering directory '/home/flejz/code/opengl'
[00] g++ *.cpp include/*.cpp -omain.o -lglfw3 -lGL -lpthread -ldl -lGLEW -lassimp
[00] Killing service
[00] ^Cmake[1]: *** [Makefile:4: build] Interrupt
[00] Starting service
[00] make[1]: Entering directory '/home/flejz/code/opengl'
[00] g++ *.cpp include/*.cpp -omain.o -lglfw3 -lGL -lpthread -ldl -lGLEW -lassimp
[00] Killing service
[00] ^Cmake[1]: *** [Makefile:4: build] Interrupt
[00] Starting service
[00] make[1]: Entering directory '/home/flejz/code/opengl'
[00] g++ *.cpp include/*.cpp -omain.o -lglfw3 -lGL -lpthread -ldl -lGLEW -lassimp
[00] Killing service
[00] ^Cmake[1]: *** [Makefile:4: build] Interrupt
[00] Starting service
[00] make[1]: Entering directory '/home/flejz/code/opengl'
[00] g++ *.cpp include/*.cpp -omain.o -lglfw3 -lGL -lpthread -ldl -lGLEW -lassimp
[00] Killing service
[00] ^Cmake[1]: *** [Makefile:4: build] Interrupt
[00] Starting service
[00] make[1]: Entering directory '/home/flejz/code/opengl'
[00] g++ *.cpp include/*.cpp -omain.o -lglfw3 -lGL -lpthread -ldl -lGLEW -lassimp
[00] Killing service
[00] ^Cmake[1]: *** [Makefile:4: build] Interrupt
[00] Starting service
[00] make[1]: Entering directory '/home/flejz/code/opengl'
[00] g++ *.cpp include/*.cpp -omain.o -lglfw3 -lGL -lpthread -ldl -lGLEW -lassimp
[00] Killing service
[00] ^Cmake[1]: *** [Makefile:4: build] Interrupt
[00] Starting service
[00] make[1]: Entering directory '/home/flejz/code/opengl'
[00] g++ *.cpp include/*.cpp -omain.o -lglfw3 -lGL -lpthread -ldl -lGLEW -lassimp
[00] Killing service
[00] ^Cmake[1]: *** [Makefile:4: build] Interrupt
[00] Starting service
[00] make[1]: Entering directory '/home/flejz/code/opengl'
[00] g++ *.cpp include/*.cpp -omain.o -lglfw3 -lGL -lpthread -ldl -lGLEW -lassimp
[00] Killing service
[00] ^Cmake[1]: *** [Makefile:4: build] Interrupt
[00] Starting service
[00] make[1]: Entering directory '/home/flejz/code/opengl'
[00] g++ *.cpp include/*.cpp -omain.o -lglfw3 -lGL -lpthread -ldl -lGLEW -lassimp
[00] Killing service
[00] ^Cmake[1]: *** [Makefile:4: build] Interrupt
[00] Starting service
[00] make[1]: Entering directory '/home/flejz/code/opengl'
[00] g++ *.cpp include/*.cpp -omain.o -lglfw3 -lGL -lpthread -ldl -lGLEW -lassimp
[00] Killing service
[00] ^Cmake[1]: *** [Makefile:4: build] Interrupt
[00] Starting service
[00] make[1]: Entering directory '/home/flejz/code/opengl'
[00] g++ *.cpp include/*.cpp -omain.o -lglfw3 -lGL -lpthread -ldl -lGLEW -lassimp
[00] Killing service
[00] ^Cmake[1]: *** [Makefile:4: build] Interrupt
[00] Starting service
[00] make[1]: Entering directory '/home/flejz/code/opengl'
[00] g++ *.cpp include/*.cpp -omain.o -lglfw3 -lGL -lpthread -ldl -lGLEW -lassimp
[00] Killing service
[00] ^Cmake[1]: *** [Makefile:4: build] Interrupt
[00] Starting service
[00] make[1]: Entering directory '/home/flejz/code/opengl'
[00] g++ *.cpp include/*.cpp -omain.o -lglfw3 -lGL -lpthread -ldl -lGLEW -lassimp
[00] Killing service
[00] ^Cmake[1]: *** [Makefile:4: build] Interrupt
[00] Starting service
[00] make[1]: Entering directory '/home/flejz/code/opengl'
[00] g++ *.cpp include/*.cpp -omain.o -lglfw3 -lGL -lpthread -ldl -lGLEW -lassimp
[00] Killing service
[00] ^Cmake[1]: *** [Makefile:4: build] Interrupt
[00] Starting service
[00] make[1]: Entering directory '/home/flejz/code/opengl'
[00] g++ *.cpp include/*.cpp -omain.o -lglfw3 -lGL -lpthread -ldl -lGLEW -lassimp
[00] Killing service
[00] ^Cmake[1]: *** [Makefile:4: build] Interrupt
[00] Starting service
[00] make[1]: Entering directory '/home/flejz/code/opengl'
[00] g++ *.cpp include/*.cpp -omain.o -lglfw3 -lGL -lpthread -ldl -lGLEW -lassimp
[00] Killing service
[00] ^Cmake[1]: *** [Makefile:4: build] Interrupt
[00] Starting service
[00] make[1]: Entering directory '/home/flejz/code/opengl'
[00] g++ *.cpp include/*.cpp -omain.o -lglfw3 -lGL -lpthread -ldl -lGLEW -lassimp
[00] Killing service
[00] ^Cmake[1]: *** [Makefile:4: build] Interrupt
[00] Starting service
[00] make[1]: Entering directory '/home/flejz/code/opengl'
[00] g++ *.cpp include/*.cpp -omain.o -lglfw3 -lGL -lpthread -ldl -lGLEW -lassimp
[00] Killing service
[00] ^Cmake[1]: *** [Makefile:4: build] Interrupt
[00] Starting service
[00] make[1]: Entering directory '/home/flejz/code/opengl'
[00] g++ *.cpp include/*.cpp -omain.o -lglfw3 -lGL -lpthread -ldl -lGLEW -lassimp
[00] Killing service
[00] ^Cmake[1]: *** [Makefile:4: build] Interrupt
[00] Starting service
[00] make[1]: Entering directory '/home/flejz/code/opengl'
[00] g++ *.cpp include/*.cpp -omain.o -lglfw3 -lGL -lpthread -ldl -lGLEW -lassimp
[00] Killing service
[00] ^Cmake[1]: *** [Makefile:4: build] Interrupt
[00] Starting service
[00] make[1]: Entering directory '/home/flejz/code/opengl'
[00] g++ *.cpp include/*.cpp -omain.o -lglfw3 -lGL -lpthread -ldl -lGLEW -lassimp
[00] Killing service
[00] ^Cmake[1]: *** [Makefile:4: build] Interrupt
[00] Starting service
[00] make[1]: Entering directory '/home/flejz/code/opengl'
[00] g++ *.cpp include/*.cpp -omain.o -lglfw3 -lGL -lpthread -ldl -lGLEW -lassimp
[00] Killing service
[00] ^Cmake[1]: *** [Makefile:4: build] Interrupt
[00] Starting service
[00] make[1]: Entering directory '/home/flejz/code/opengl'
[00] g++ *.cpp include/*.cpp -omain.o -lglfw3 -lGL -lpthread -ldl -lGLEW -lassimp
[00] Killing service
[00] ^Cmake[1]: *** [Makefile:4: build] Interrupt
[00] Starting service
[00] make[1]: Entering directory '/home/flejz/code/opengl'
[00] g++ *.cpp include/*.cpp -omain.o -lglfw3 -lGL -lpthread -ldl -lGLEW -lassimp
[00] Killing service
[00] ^Cmake[1]: *** [Makefile:4: build] Interrupt
[00] Starting service
[00] make[1]: Entering directory '/home/flejz/code/opengl'
[00] g++ *.cpp include/*.cpp -omain.o -lglfw3 -lGL -lpthread -ldl -lGLEW -lassimp
[00] Killing service
[00] ^Cmake[1]: *** [Makefile:4: build] Interrupt
[00] Starting service
[00] make[1]: Entering directory '/home/flejz/code/opengl'
[00] g++ *.cpp include/*.cpp -omain.o -lglfw3 -lGL -lpthread -ldl -lGLEW -lassimp
[00] Killing service
[00] ^Cmake[1]: *** [Makefile:4: build] Interrupt
[00] Starting service
[00] make[1]: Entering directory '/home/flejz/code/opengl'
[00] g++ *.cpp include/*.cpp -omain.o -lglfw3 -lGL -lpthread -ldl -lGLEW -lassimp
[00] Killing service
[00] ^Cmake[1]: *** [Makefile:4: build] Interrupt
[00] Starting service
[00] make[1]: Entering directory '/home/flejz/code/opengl'
[00] g++ *.cpp include/*.cpp -omain.o -lglfw3 -lGL -lpthread -ldl -lGLEW -lassimp
[00] Killing service
[00] ^Cmake[1]: *** [Makefile:4: build] Interrupt
[00] Starting service
[00] make[1]: Entering directory '/home/flejz/code/opengl'
[00] g++ *.cpp include/*.cpp -omain.o -lglfw3 -lGL -lpthread -ldl -lGLEW -lassimp
[00] Killing service
[00] ^Cmake[1]: *** [Makefile:4: build] Interrupt
[00] Starting service
[00] make[1]: Entering directory '/home/flejz/code/opengl'
[00] g++ *.cpp include/*.cpp -omain.o -lglfw3 -lGL -lpthread -ldl -lGLEW -lassimp
[00] Killing service
[00] ^Cmake[1]: *** [Makefile:4: build] Interrupt
[00] Starting service
[00] make[1]: Entering directory '/home/flejz/code/opengl'
[00] g++ *.cpp include/*.cpp -omain.o -lglfw3 -lGL -lpthread -ldl -lGLEW -lassimp
[00] Killing service
[00] ^Cmake[1]: *** [Makefile:4: build] Interrupt
[00] Starting service
[00] make[1]: Entering directory '/home/flejz/code/opengl'
[00] g++ *.cpp include/*.cpp -omain.o -lglfw3 -lGL -lpthread -ldl -lGLEW -lassimp
[00] Killing service
[00] ^Cmake[1]: *** [Makefile:4: build] Interrupt
[00] Starting service
[00] make[1]: Entering directory '/home/flejz/code/opengl'
[00] g++ *.cpp include/*.cpp -omain.o -lglfw3 -lGL -lpthread -ldl -lGLEW -lassimp
[00] Killing service
[00] ^Cmake[1]: *** [Makefile:4: build] Interrupt
[00] Starting service
[00] make[1]: Entering directory '/home/flejz/code/opengl'
[00] g++ *.cpp include/*.cpp -omain.o -lglfw3 -lGL -lpthread -ldl -lGLEW -lassimp
[00] Killing service
[00] ^Cmake[1]: *** [Makefile:4: build] Interrupt
[00] Starting service
[00] make[1]: Entering directory '/home/flejz/code/opengl'
[00] g++ *.cpp include/*.cpp -omain.o -lglfw3 -lGL -lpthread -ldl -lGLEW -lassimp
[00] Killing service
[00] ^Cmake[1]: *** [Makefile:4: build] Interrupt
[00] Starting service
[00] make[1]: Entering directory '/home/flejz/code/opengl'
[00] g++ *.cpp include/*.cpp -omain.o -lglfw3 -lGL -lpthread -ldl -lGLEW -lassimp
[00] Killing service
[00] ^Cmake[1]: *** [Makefile:4: build] Interrupt
[00] Starting service
[00] make[1]: Entering directory '/home/flejz/code/opengl'
[00] g++ *.cpp include/*.cpp -omain.o -lglfw3 -lGL -lpthread -ldl -lGLEW -lassimp
[00] Killing service
[00] ^Cmake[1]: *** [Makefile:4: build] Interrupt
[00] Starting service
[00] make[1]: Entering directory '/home/flejz/code/opengl'
[00] g++ *.cpp include/*.cpp -omain.o -lglfw3 -lGL -lpthread -ldl -lGLEW -lassimp
[00] Killing service
[00] ^Cmake[1]: *** [Makefile:4: build] Interrupt
[00] Starting service
[00] make[1]: Entering directory '/home/flejz/code/opengl'
[00] g++ *.cpp include/*.cpp -omain.o -lglfw3 -lGL -lpthread -ldl -lGLEW -lassimp
[00] Killing service
[00] ^Cmake[1]: *** [Makefile:4: build] Interrupt
[00] Starting service
[00] make[1]: Entering directory '/home/flejz/code/opengl'
[00] g++ *.cpp include/*.cpp -omain.o -lglfw3 -lGL -lpthread -ldl -lGLEW -lassimp
[00] Killing service
[00] ^Cmake[1]: *** [Makefile:4: build] Interrupt
[00] Starting service
[00] make[1]: Entering directory '/home/flejz/code/opengl'
[00] g++ *.cpp include/*.cpp -omain.o -lglfw3 -lGL -lpthread -ldl -lGLEW -lassimp
[00] Killing service
[00] ^Cmake[1]: *** [Makefile:4: build] Interrupt
[00] Starting service
[00] make[1]: Entering directory '/home/flejz/code/opengl'
[00] g++ *.cpp include/*.cpp -omain.o -lglfw3 -lGL -lpthread -ldl -lGLEW -lassimp
[00] Killing service
[00] ^Cmake[1]: *** [Makefile:4: build] Interrupt
[00] Starting service
[00] make[1]: Entering directory '/home/flejz/code/opengl'
[00] g++ *.cpp include/*.cpp -omain.o -lglfw3 -lGL -lpthread -ldl -lGLEW -lassimp
[00] Killing service
[00] ^Cmake[1]: *** [Makefile:4: build] Interrupt
[00] Starting service
[00] make[1]: Entering directory '/home/flejz/code/opengl'
[00] g++ *.cpp include/*.cpp -omain.o -lglfw3 -lGL -lpthread -ldl -lGLEW -lassimp
[00] Killing service
[00] ^Cmake[1]: *** [Makefile:4: build] Interrupt
[00] Starting service
[00] make[1]: Entering directory '/home/flejz/code/opengl'
[00] g++ *.cpp include/*.cpp -omain.o -lglfw3 -lGL -lpthread -ldl -lGLEW -lassimp
[00] Killing service
[00] ^Cmake[1]: *** [Makefile:4: build] Interrupt
[00] Starting service
[00] make[1]: Entering directory '/home/flejz/code/opengl'
[00] g++ *.cpp include/*.cpp -omain.o -lglfw3 -lGL -lpthread -ldl -lGLEW -lassimp
[00] Killing service
[00] ^Cmake[1]: *** [Makefile:4: build] Interrupt
[00] Starting service
[00] make[1]: Entering directory '/home/flejz/code/opengl'
[00] g++ *.cpp include/*.cpp -omain.o -lglfw3 -lGL -lpthread -ldl -lGLEW -lassimp
[00] Killing service
[00] ^Cmake[1]: *** [Makefile:4: build] Interrupt
[00] Starting service
[00] make[1]: Entering directory '/home/flejz/code/opengl'
[00] g++ *.cpp include/*.cpp -omain.o -lglfw3 -lGL -lpthread -ldl -lGLEW -lassimp
[00] Killing service
[00] ^Cmake[1]: *** [Makefile:4: build] Interrupt
[00] Starting service
[00] make[1]: Entering directory '/home/flejz/code/opengl'
[00] g++ *.cpp include/*.cpp -omain.o -lglfw3 -lGL -lpthread -ldl -lGLEW -lassimp
[00] Killing service
[00] ^Cmake[1]: *** [Makefile:4: build] Interrupt
[00] Starting service
[00] make[1]: Entering directory '/home/flejz/code/opengl'
[00] g++ *.cpp include/*.cpp -omain.o -lglfw3 -lGL -lpthread -ldl -lGLEW -lassimp
[00] Killing service
[00] ^Cmake[1]: *** [Makefile:4: build] Interrupt
[00] Starting service
[00] make[1]: Entering directory '/home/flejz/code/opengl'
[00] g++ *.cpp include/*.cpp -omain.o -lglfw3 -lGL -lpthread -ldl -lGLEW -lassimp
[00] Killing service
[00] ^Cmake[1]: *** [Makefile:4: build] Interrupt
[00] Starting service
[00] make[1]: Entering directory '/home/flejz/code/opengl'
[00] g++ *.cpp include/*.cpp -omain.o -lglfw3 -lGL -lpthread -ldl -lGLEW -lassimp
[00] Killing service
[00] ^Cmake[1]: *** [Makefile:4: build] Interrupt
[00] Starting service
[00] make[1]: Entering directory '/home/flejz/code/opengl'
[00] g++ *.cpp include/*.cpp -omain.o -lglfw3 -lGL -lpthread -ldl -lGLEW -lassimp
[00] Killing service
[00] ^Cmake[1]: *** [Makefile:4: build] Interrupt
[00] Starting service
[00] make[1]: Entering directory '/home/flejz/code/opengl'
[00] g++ *.cpp include/*.cpp -omain.o -lglfw3 -lGL -lpthread -ldl -lGLEW -lassimp
[00] Killing service
[00] ^Cmake[1]: *** [Makefile:4: build] Interrupt
[00] Starting service
[00] make[1]: Entering directory '/home/flejz/code/opengl'
[00] g++ *.cpp include/*.cpp -omain.o -lglfw3 -lGL -lpthread -ldl -lGLEW -lassimp
[00] Killing service
[00] ^Cmake[1]: *** [Makefile:4: build] Interrupt
[00] Starting service
[00] make[1]: Entering directory '/home/flejz/code/opengl'
[00] g++ *.cpp include/*.cpp -omain.o -lglfw3 -lGL -lpthread -ldl -lGLEW -lassimp
[00] Killing service
[00] ^Cmake[1]: *** [Makefile:4: build] Interrupt
[00] Starting service
[00] make[1]: Entering directory '/home/flejz/code/opengl'
[00] g++ *.cpp include/*.cpp -omain.o -lglfw3 -lGL -lpthread -ldl -lGLEW -lassimp
[00] Killing service
[00] ^Cmake[1]: *** [Makefile:4: build] Interrupt
[00] Starting service
[00] make[1]: Entering directory '/home/flejz/code/opengl'
[00] g++ *.cpp include/*.cpp -omain.o -lglfw3 -lGL -lpthread -ldl -lGLEW -lassimp
[00] Killing service
[00] ^Cmake[1]: *** [Makefile:4: build] Interrupt
[00] Starting service
[00] make[1]: Entering directory '/home/flejz/code/opengl'
[00] g++ *.cpp include/*.cpp -omain.o -lglfw3 -lGL -lpthread -ldl -lGLEW -lassimp
[00] Killing service
[00] ^Cmake[1]: *** [Makefile:4: build] Interrupt
[00] Starting service
[00] make[1]: Entering directory '/home/flejz/code/opengl'
[00] g++ *.cpp include/*.cpp -omain.o -lglfw3 -lGL -lpthread -ldl -lGLEW -lassimp
[00] Killing service
[00] ^Cmake[1]: *** [Makefile:4: build] Interrupt
[00] Starting service
[00] make[1]: Entering directory '/home/flejz/code/opengl'
[00] g++ *.cpp include/*.cpp -omain.o -lglfw3 -lGL -lpthread -ldl -lGLEW -lassimp
[00] Killing service
[00] ^Cmake[1]: *** [Makefile:4: build] Interrupt
[00] Starting service
[00] make[1]: Entering directory '/home/flejz/code/opengl'
[00] g++ *.cpp include/*.cpp -omain.o -lglfw3 -lGL -lpthread -ldl -lGLEW -lassimp
[00] Killing service
[00] ^Cmake[1]: *** [Makefile:4: build] Interrupt
[00] Starting service
[00] make[1]: Entering directory '/home/flejz/code/opengl'
[00] g++ *.cpp include/*.cpp -omain.o -lglfw3 -lGL -lpthread -ldl -lGLEW -lassimp
[00] Killing service
[00] ^Cmake[1]: *** [Makefile:4: build] Interrupt
[00] Starting service
[00] make[1]: Entering directory '/home/flejz/code/opengl'
[00] g++ *.cpp include/*.cpp -omain.o -lglfw3 -lGL -lpthread -ldl -lGLEW -lassimp
[00] Killing service
[00] ^Cmake[1]: *** [Makefile:4: build] Interrupt
[00] Starting service
[00] make[1]: Entering directory '/home/flejz/code/opengl'
[00] g++ *.cpp include/*.cpp -omain.o -lglfw3 -lGL -lpthread -ldl -lGLEW -lassimp
[00] Killing service
[00] ^Cmake[1]: *** [Makefile:4: build] Interrupt
[00] Starting service
[00] make[1]: Entering directory '/home/flejz/code/opengl'
[00] g++ *.cpp include/*.cpp -omain.o -lglfw3 -lGL -lpthread -ldl -lGLEW -lassimp
[00] Killing service
[00] ^Cmake[1]: *** [Makefile:4: build] Interrupt
[00] Starting service
[00] make[1]: Entering directory '/home/flejz/code/opengl'
[00] g++ *.cpp include/*.cpp -omain.o -lglfw3 -lGL -lpthread -ldl -lGLEW -lassimp
[00] Killing service
[00] ^Cmake[1]: *** [Makefile:4: build] Interrupt
[00] Starting service
[00] make[1]: Entering directory '/home/flejz/code/opengl'
[00] g++ *.cpp include/*.cpp -omain.o -lglfw3 -lGL -lpthread -ldl -lGLEW -lassimp
[00] Killing service
[00] ^Cmake[1]: *** [Makefile:4: build] Interrupt
[00] Starting service
[00] make[1]: Entering directory '/home/flejz/code/opengl'
[00] g++ *.cpp include/*.cpp -omain.o -lglfw3 -lGL -lpthread -ldl -lGLEW -lassimp
[00] Killing service
[00] ^Cmake[1]: *** [Makefile:4: build] Interrupt
[00] Starting service
[00] make[1]: Entering directory '/home/flejz/code/opengl'
[00] g++ *.cpp include/*.cpp -omain.o -lglfw3 -lGL -lpthread -ldl -lGLEW -lassimp
[00] Killing service
[00] ^Cmake[1]: *** [Makefile:4: build] Interrupt
[00] Starting service
[00] make[1]: Entering directory '/home/flejz/code/opengl'
[00] g++ *.cpp include/*.cpp -omain.o -lglfw3 -lGL -lpthread -ldl -lGLEW -lassimp
[00] Killing service
[00] ^Cmake[1]: *** [Makefile:4: build] Interrupt
[00] Starting service
[00] make[1]: Entering directory '/home/flejz/code/opengl'
[00] g++ *.cpp include/*.cpp -omain.o -lglfw3 -lGL -lpthread -ldl -lGLEW -lassimp
[00] Killing service
[00] ^Cmake[1]: *** [Makefile:4: build] Interrupt
[00] Starting service
[00] make[1]: Entering directory '/home/flejz/code/opengl'
[00] g++ *.cpp include/*.cpp -omain.o -lglfw3 -lGL -lpthread -ldl -lGLEW -lassimp
[00] Killing service
[00] ^Cmake[1]: *** [Makefile:4: build] Interrupt
[00] Starting service
[00] make[1]: Entering directory '/home/flejz/code/opengl'
[00] g++ *.cpp include/*.cpp -omain.o -lglfw3 -lGL -lpthread -ldl -lGLEW -lassimp
[00] Killing service
[00] ^Cmake[1]: *** [Makefile:4: build] Interrupt
[00] Starting service
[00] make[1]: Entering directory '/home/flejz/code/opengl'
[00] g++ *.cpp include/*.cpp -omain.o -lglfw3 -lGL -lpthread -ldl -lGLEW -lassimp
[00] Killing service
[00] ^Cmake[1]: *** [Makefile:4: build] Interrupt
[00] Starting service
[00] make[1]: Entering directory '/home/flejz/code/opengl'
[00] g++ *.cpp include/*.cpp -omain.o -lglfw3 -lGL -lpthread -ldl -lGLEW -lassimp
[00] Killing service
[00] ^Cmake[1]: *** [Makefile:4: build] Interrupt
[00] Starting service
[00] make[1]: Entering directory '/home/flejz/code/opengl'
[00] g++ *.cpp include/*.cpp -omain.o -lglfw3 -lGL -lpthread -ldl -lGLEW -lassimp
[00] Killing service
[00] ^Cmake[1]: *** [Makefile:4: build] Interrupt
[00] Starting service
[00] make[1]: Entering directory '/home/flejz/code/opengl'
[00] g++ *.cpp include/*.cpp -omain.o -lglfw3 -lGL -lpthread -ldl -lGLEW -lassimp
[00] Killing service
[00] ^Cmake[1]: *** [Makefile:4: build] Interrupt
[00] Starting service
[00] make[1]: Entering directory '/home/flejz/code/opengl'
[00] g++ *.cpp include/*.cpp -omain.o -lglfw3 -lGL -lpthread -ldl -lGLEW -lassimp
[00] Killing service
[00] ^Cmake[1]: *** [Makefile:4: build] Interrupt
[00] Starting service
[00] make[1]: Entering directory '/home/flejz/code/opengl'
[00] g++ *.cpp include/*.cpp -omain.o -lglfw3 -lGL -lpthread -ldl -lGLEW -lassimp
[00] Killing service
[00] ^Cmake[1]: *** [Makefile:4: build] Interrupt
[00] Starting service
[00] make[1]: Entering directory '/home/flejz/code/opengl'
[00] g++ *.cpp include/*.cpp -omain.o -lglfw3 -lGL -lpthread -ldl -lGLEW -lassimp
[00] Killing service
[00] ^Cmake[1]: *** [Makefile:4: build] Interrupt
[00] Starting service
[00] make[1]: Entering directory '/home/flejz/code/opengl'
[00] g++ *.cpp include/*.cpp -omain.o -lglfw3 -lGL -lpthread -ldl -lGLEW -lassimp
[00] Killing service
[00] ^Cmake[1]: *** [Makefile:4: build] Interrupt
[00] Starting service
[00] make[1]: Entering directory '/home/flejz/code/opengl'
[00] g++ *.cpp include/*.cpp -omain.o -lglfw3 -lGL -lpthread -ldl -lGLEW -lassimp
[00] Killing service
[00] ^Cmake[1]: *** [Makefile:4: build] Interrupt
[00] Starting service
[00] make[1]: Entering directory '/home/flejz/code/opengl'
[00] g++ *.cpp include/*.cpp -omain.o -lglfw3 -lGL -lpthread -ldl -lGLEW -lassimp
[00] Killing service
[00] ^Cmake[1]: *** [Makefile:4: build] Interrupt
[00] Starting service
[00] make[1]: Entering directory '/home/flejz/code/opengl'
[00] g++ *.cpp include/*.cpp -omain.o -lglfw3 -lGL -lpthread -ldl -lGLEW -lassimp
[00] Killing service
[00] ^Cmake[1]: *** [Makefile:4: build] Interrupt
[00] Starting service
[00] make[1]: Entering directory '/home/flejz/code/opengl'
[00] g++ *.cpp include/*.cpp -omain.o -lglfw3 -lGL -lpthread -ldl -lGLEW -lassimp
[00] Killing service
[00] ^Cmake[1]: *** [Makefile:4: build] Interrupt
[00] Starting service
[00] make[1]: Entering directory '/home/flejz/code/opengl'
[00] g++ *.cpp include/*.cpp -omain.o -lglfw3 -lGL -lpthread -ldl -lGLEW -lassimp
[00] Killing service
[00] ^Cmake[1]: *** [Makefile:4: build] Interrupt
[00] Starting service
[00] make[1]: Entering directory '/home/flejz/code/opengl'
[00] g++ *.cpp include/*.cpp -omain.o -lglfw3 -lGL -lpthread -ldl -lGLEW -lassimp
[00] Killing service
[00] ^Cmake[1]: *** [Makefile:4: build] Interrupt
[00] Starting service
[00] make[1]: Entering directory '/home/flejz/code/opengl'
[00] g++ *.cpp include/*.cpp -omain.o -lglfw3 -lGL -lpthread -ldl -lGLEW -lassimp
[00] Killing service
[00] ^Cmake[1]: *** [Makefile:4: build] Interrupt
[00] Starting service
[00] make[1]: Entering directory '/home/flejz/code/opengl'
[00] g++ *.cpp include/*.cpp -omain.o -lglfw3 -lGL -lpthread -ldl -lGLEW -lassimp
[00] Killing service
[00] ^Cmake[1]: *** [Makefile:4: build] Interrupt
[00] Starting service
[00] make[1]: Entering directory '/home/flejz/code/opengl'
[00] g++ *.cpp include/*.cpp -omain.o -lglfw3 -lGL -lpthread -ldl -lGLEW -lassimp
[00] Killing service
[00] ^Cmake[1]: *** [Makefile:4: build] Interrupt
[00] Starting service
[00] make[1]: Entering directory '/home/flejz/code/opengl'
[00] g++ *.cpp include/*.cpp -omain.o -lglfw3 -lGL -lpthread -ldl -lGLEW -lassimp
[00] Killing service
[00] ^Cmake[1]: *** [Makefile:4: build] Interrupt
[00] Starting service
[00] make[1]: Entering directory '/home/flejz/code/opengl'
[00] g++ *.cpp include/*.cpp -omain.o -lglfw3 -lGL -lpthread -ldl -lGLEW -lassimp
[00] Killing service
[00] ^Cmake[1]: *** [Makefile:4: build] Interrupt
[00] Starting service
[00] make[1]: Entering directory '/home/flejz/code/opengl'
[00] g++ *.cpp include/*.cpp -omain.o -lglfw3 -lGL -lpthread -ldl -lGLEW -lassimp
[00] Killing service
[00] ^Cmake[1]: *** [Makefile:4: build] Interrupt
[00] Starting service
[00] make[1]: Entering directory '/home/flejz/code/opengl'
[00] g++ *.cpp include/*.cpp -omain.o -lglfw3 -lGL -lpthread -ldl -lGLEW -lassimp
Interrupted (interrupt). Cleaning up children...
[00] ^Cmake[1]: *** [Makefile:4: build] Interrupt
